Component: ARM Compiler 5.06 update 5 (build 528) Tool: armlink [4d35e2]

==============================================================================

Section Cross References

    main.o(i.TIM2_IRQHandler) refers to gui_x.o(i.OS_TimeMS_Inc) for OS_TimeMS_Inc
    main.o(i.main) refers to funct.o(i.portInit) for portInit
    main.o(i.main) refers to funct.o(i.timerInit) for timerInit
    main.o(i.main) refers to delay.o(i.initDelay) for initDelay
    main.o(i.main) refers to gui_core.o(i.GUI_Init) for GUI_Init
    main.o(i.main) refers to displ.o(i.init_TFT) for init_TFT
    main.o(i.main) refers to displ.o(i.display_rgb) for display_rgb
    main.o(i.main) refers to delay.o(i.Delay_ms) for Delay_ms
    funct.o(i.micros) refers to funct.o(.data) for msTime
    funct.o(i.millis) refers to funct.o(.data) for msTime
    delay.o(i.Delay_mks) refers to delay.o(i.IWDG_Feed) for IWDG_Feed
    delay.o(i.Delay_mks) refers to delay.o(.data) for TimingDelay
    delay.o(i.Delay_ms) refers to delay.o(i.IWDG_Feed) for IWDG_Feed
    delay.o(i.Delay_ms) refers to delay.o(.data) for TimingDelay
    delay.o(i.SysTick_Handler) refers to delay.o(.data) for TimingDelay
    anmotors.o(i.SendANMotors) refers to delay.o(i.Delay_mks) for Delay_mks
    anmotors.o(i.SendANMotors) refers to anmotors.o(i.SendBit) for SendBit
    anmotors.o(i.SendBit) refers to delay.o(i.Delay_mks) for Delay_mks
    anmotors.o(i.grab) refers to funct.o(i.micros) for micros
    anmotors.o(i.grab) refers to anmotors.o(i.CheckValue) for CheckValue
    anmotors.o(i.grab) refers to noretval__2printf.o(.text) for __2printf
    anmotors.o(i.grab) refers to anmotors.o(.data) for state
    displ.o(i.Display_Home) refers to displ.o(i.lcdWriteCommand) for lcdWriteCommand
    displ.o(i.Display_Home) refers to displ.o(i.write_data) for write_data
    displ.o(i.display_rgb) refers to displ.o(i.Display_Home) for Display_Home
    displ.o(i.display_rgb) refers to displ.o(i.write_data) for write_data
    displ.o(i.init_TFT) refers to displ.o(i.lcdWriteCommand) for lcdWriteCommand
    displ.o(i.init_TFT) refers to displ.o(i.write_data) for write_data
    displ.o(i.lcdSetPos) refers to displ.o(i.lcdWriteCommand) for lcdWriteCommand
    displ.o(i.lcdSetPos) refers to displ.o(i.write_data) for write_data
    displ.o(i.set_cursor) refers to displ.o(i.lcdWriteCommand) for lcdWriteCommand
    displ.o(i.set_cursor) refers to displ.o(i.write_data) for write_data
    displ.o(i.write_String) refers to displ.o(i.write_symbol) for write_symbol
    displ.o(i.write_symbol) refers to displ.o(i.lcdWriteCommand) for lcdWriteCommand
    displ.o(i.write_symbol) refers to displ.o(i.write_data) for write_data
    displ.o(i.write_symbol) refers to displ.o(.constdata) for NewFont8x8
    gui_x.o(i.GUI_X_Delay) refers to gui_x.o(.data) for OS_TimeMS
    gui_x.o(i.GUI_X_GetTime) refers to gui_x.o(.data) for OS_TimeMS
    gui_x.o(i.OS_TimeMS_Inc) refers to gui_x.o(.data) for OS_TimeMS
    guiconf.o(i.GUI_X_Config) refers to gui_alloc.o(i.GUI_ALLOC_AssignMemory) for GUI_ALLOC_AssignMemory
    guiconf.o(i.GUI_X_Config) refers to gui_core.o(i.GUI_SetDefaultFont) for GUI_SetDefaultFont
    guiconf.o(i.GUI_X_Config) refers to guiconf.o(.bss) for aMemory
    guiconf.o(i.GUI_X_Config) refers to f6x8.o(.constdata) for GUI_Font6x8
    lcdconf_flexcolor.o(i.LCD_X_Config) refers to rt_memclr_w.o(.text) for __aeabi_memclr4
    lcdconf_flexcolor.o(i.LCD_X_Config) refers to gui_device.o(i.GUI_DEVICE_CreateAndLink) for GUI_DEVICE_CreateAndLink
    lcdconf_flexcolor.o(i.LCD_X_Config) refers to lcd_set.o(i.LCD_SetSizeEx) for LCD_SetSizeEx
    lcdconf_flexcolor.o(i.LCD_X_Config) refers to lcd_set.o(i.LCD_SetVSizeEx) for LCD_SetVSizeEx
    lcdconf_flexcolor.o(i.LCD_X_Config) refers to guidrv_flexcolor.o(i.GUIDRV_FlexColor_Config) for GUIDRV_FlexColor_Config
    lcdconf_flexcolor.o(i.LCD_X_Config) refers to guidrv_flexcolor.o(i.GUIDRV_FlexColor_SetFunc) for GUIDRV_FlexColor_SetFunc
    lcdconf_flexcolor.o(i.LCD_X_Config) refers to guicc_565.o(.constdata) for LCD_API_ColorConv_565
    lcdconf_flexcolor.o(i.LCD_X_Config) refers to guidrv_flexcolor.o(.constdata) for GUIDRV_FlexColor_API
    lcdconf_flexcolor.o(i.LCD_X_Config) refers to lcdconf_flexcolor.o(i.LcdWriteReg) for LcdWriteReg
    lcdconf_flexcolor.o(i.LCD_X_Config) refers to lcdconf_flexcolor.o(i.LcdWriteData) for LcdWriteData
    lcdconf_flexcolor.o(i.LCD_X_Config) refers to lcdconf_flexcolor.o(i.LcdWriteDataMultiple) for LcdWriteDataMultiple
    lcdconf_flexcolor.o(i.LCD_X_Config) refers to lcdconf_flexcolor.o(i.LcdReadDataMultiple) for LcdReadDataMultiple
    lcdconf_flexcolor.o(i.LCD_X_Config) refers to guidrv_flexcolor_16bpp_c0b16.o(i.GUIDRV_FlexColor_SetMode16bppC0B16) for GUIDRV_FlexColor_SetMode16bppC0B16
    lcdconf_flexcolor.o(i.LCD_X_Config) refers to guidrv_flexcolor_func66708.o(i.GUIDRV_FlexColor_SetFunc66708) for GUIDRV_FlexColor_SetFunc66708
    lcdconf_flexcolor.o(i.LCD_X_DisplayDriver) refers to displ.o(i.init_TFT) for init_TFT
[...]
    __rt_lib_init_exceptions_1               0x080001ab   Thumb Code     0  libinit2.o(.ARM.Collect$$libinit$$00000030)
    __rt_lib_init_fp_1                       0x080001ab   Thumb Code     0  libinit2.o(.ARM.Collect$$libinit$$00000002)
    __rt_lib_init_fp_trap_1                  0x080001ab   Thumb Code     0  libinit2.o(.ARM.Collect$$libinit$$0000001F)
    __rt_lib_init_getenv_1                   0x080001ab   Thumb Code     0  libinit2.o(.ARM.Collect$$libinit$$00000023)
    __rt_lib_init_heap_1                     0x080001ab   Thumb Code     0  libinit2.o(.ARM.Collect$$libinit$$0000000A)
    __rt_lib_init_lc_collate_1               0x080001ab   Thumb Code     0  libinit2.o(.ARM.Collect$$libinit$$00000011)
    __rt_lib_init_lc_ctype_1                 0x080001ab   Thumb Code     0  libinit2.o(.ARM.Collect$$libinit$$00000013)
    __rt_lib_init_lc_monetary_1              0x080001ab   Thumb Code     0  libinit2.o(.ARM.Collect$$libinit$$00000015)
    __rt_lib_init_lc_numeric_1               0x080001ab   Thumb Code     0  libinit2.o(.ARM.Collect$$libinit$$00000017)
    __rt_lib_init_lc_time_1                  0x080001ab   Thumb Code     0  libinit2.o(.ARM.Collect$$libinit$$00000019)
    __rt_lib_init_preinit_1                  0x080001ab   Thumb Code     0  libinit2.o(.ARM.Collect$$libinit$$00000004)
    __rt_lib_init_rand_1                     0x080001ab   Thumb Code     0  libinit2.o(.ARM.Collect$$libinit$$0000000E)
    __rt_lib_init_return                     0x080001ab   Thumb Code     0  libinit2.o(.ARM.Collect$$libinit$$00000033)
    __rt_lib_init_signal_1                   0x080001ab   Thumb Code     0  libinit2.o(.ARM.Collect$$libinit$$0000001D)
    __rt_lib_init_stdio_1                    0x080001ab   Thumb Code     0  libinit2.o(.ARM.Collect$$libinit$$00000025)
    __rt_lib_init_user_alloc_1               0x080001ab   Thumb Code     0  libinit2.o(.ARM.Collect$$libinit$$0000000C)
    __rt_lib_shutdown                        0x080001ad   Thumb Code     0  libshutdown.o(.ARM.Collect$$libshutdown$$00000000)
    __rt_lib_shutdown_cpp_1                  0x080001af   Thumb Code     0  libshutdown2.o(.ARM.Collect$$libshutdown$$00000002)
    __rt_lib_shutdown_fp_trap_1              0x080001af   Thumb Code     0  libshutdown2.o(.ARM.Collect$$libshutdown$$00000007)
    __rt_lib_shutdown_heap_1                 0x080001af   Thumb Code     0  libshutdown2.o(.ARM.Collect$$libshutdown$$0000000F)
    __rt_lib_shutdown_return                 0x080001af   Thumb Code     0  libshutdown2.o(.ARM.Collect$$libshutdown$$00000010)
    __rt_lib_shutdown_signal_1               0x080001af   Thumb Code     0  libshutdown2.o(.ARM.Collect$$libshutdown$$0000000A)
    __rt_lib_shutdown_stdio_1                0x080001af   Thumb Code     0  libshutdown2.o(.ARM.Collect$$libshutdown$$00000004)
    __rt_lib_shutdown_user_alloc_1           0x080001af   Thumb Code     0  libshutdown2.o(.ARM.Collect$$libshutdown$$0000000C)
    __rt_entry                               0x080001b1   Thumb Code     0  __rtentry.o(.ARM.Collect$$rtentry$$00000000)
    __rt_entry_presh_1                       0x080001b1   Thumb Code     0  __rtentry2.o(.ARM.Collect$$rtentry$$00000002)
    __rt_entry_sh                            0x080001b1   Thumb Code     0  __rtentry4.o(.ARM.Collect$$rtentry$$00000004)
    __rt_entry_li                            0x080001b7   Thumb Code     0  __rtentry2.o(.ARM.Collect$$rtentry$$0000000A)
    __rt_entry_postsh_1                      0x080001b7   Thumb Code     0  __rtentry2.o(.ARM.Collect$$rtentry$$00000009)
    __rt_entry_main                          0x080001bb   Thumb Code     0  __rtentry2.o(.ARM.Collect$$rtentry$$0000000D)
    __rt_entry_postli_1                      0x080001bb   Thumb Code     0  __rtentry2.o(.ARM.Collect$$rtentry$$0000000C)
    __rt_exit                                0x080001c3   Thumb Code     0  rtexit.o(.ARM.Collect$$rtexit$$00000000)
    __rt_exit_ls                             0x080001c5   Thumb Code     0  rtexit2.o(.ARM.Collect$$rtexit$$00000003)
    __rt_exit_prels_1                        0x080001c5   Thumb Code     0  rtexit2.o(.ARM.Collect$$rtexit$$00000002)
    __rt_exit_exit                           0x080001c9   Thumb Code     0  rtexit2.o(.ARM.Collect$$rtexit$$00000004)
    Reset_Handler                            0x080001d1   Thumb Code     8  startup_stm32f10x_hd_vl.o(.text)
    NMI_Handler                              0x080001d9   Thumb Code     2  startup_stm32f10x_hd_vl.o(.text)
    HardFault_Handler                        0x080001db   Thumb Code     2  startup_stm32f10x_hd_vl.o(.text)
    MemManage_Handler                        0x080001dd   Thumb Code     2  startup_stm32f10x_hd_vl.o(.text)
    BusFault_Handler                         0x080001df   Thumb Code     2  startup_stm32f10x_hd_vl.o(.text)
    UsageFault_Handler                       0x080001e1   Thumb Code     2  startup_stm32f10x_hd_vl.o(.text)
    SVC_Handler                              0x080001e3   Thumb Code     2  startup_stm32f10x_hd_vl.o(.text)
    DebugMon_Handler                         0x080001e5   Thumb Code     2  startup_stm32f10x_hd_vl.o(.text)
    PendSV_Handler                           0x080001e7   Thumb Code     2  startup_stm32f10x_hd_vl.o(.text)
    ADC1_IRQHandler                          0x080001eb   Thumb Code     0  startup_stm32f10x_hd_vl.o(.text)
    CEC_IRQHandler                           0x080001eb   Thumb Code     0  startup_stm32f10x_hd_vl.o(.text)
    DMA1_Channel1_IRQHandler                 0x080001eb   Thumb Code     0  startup_stm32f10x_hd_vl.o(.text)
    DMA1_Channel2_IRQHandler                 0x080001eb   Thumb Code     0  startup_stm32f10x_hd_vl.o(.text)
    DMA1_Channel3_IRQHandler                 0x080001eb   Thumb Code     0  startup_stm32f10x_hd_vl.o(.text)
    DMA1_Channel4_IRQHandler                 0x080001eb   Thumb Code     0  startup_stm32f10x_hd_vl.o(.text)
    DMA1_Channel5_IRQHandler                 0x080001eb   Thumb Code     0  startup_stm32f10x_hd_vl.o(.text)
    DMA1_Channel6_IRQHandler                 0x080001eb   Thumb Code     0  startup_stm32f10x_hd_vl.o(.text)
    DMA1_Channel7_IRQHandler                 0x080001eb   Thumb Code     0  startup_stm32f10x_hd_vl.o(.text)
    DMA2_Channel1_IRQHandler                 0x080001eb   Thumb Code     0  startup_stm32f10x_hd_vl.o(.text)
    DMA2_Channel2_IRQHandler                 0x080001eb   Thumb Code     0  startup_stm32f10x_hd_vl.o(.text)
    DMA2_Channel3_IRQHandler                 0x080001eb   Thumb Code     0  startup_stm32f10x_hd_vl.o(.text)
    DMA2_Channel4_5_IRQHandler               0x080001eb   Thumb Code     0  startup_stm32f10x_hd_vl.o(.text)
    DMA2_Channel5_IRQHandler                 0x080001eb   Thumb Code     0  startup_stm32f10x_hd_vl.o(.text)
    EXTI0_IRQHandler                         0x080001eb   Thumb Code     0  startup_stm32f10x_hd_vl.o(.text)
    EXTI15_10_IRQHandler                     0x080001eb   Thumb Code     0  startup_stm32f10x_hd_vl.o(.text)
    EXTI1_IRQHandler                         0x080001eb   Thumb Code     0  startup_stm32f10x_hd_vl.o(.text)
    EXTI2_IRQHandler                         0x080001eb   Thumb Code     0  startup_stm32f10x_hd_vl.o(.text)
    EXTI3_IRQHandler                         0x080001eb   Thumb Code     0  startup_stm32f10x_hd_vl.o(.text)
    EXTI4_IRQHandler                         0x080001eb   Thumb Code     0  startup_stm32f10x_hd_vl.o(.text)
    EXTI9_5_IRQHandler                       0x080001eb   Thumb Code     0  startup_stm32f10x_hd_vl.o(.text)
    FLASH_IRQHandler                         0x080001eb   Thumb Code     0  startup_stm32f10x_hd_vl.o(.text)
    I2C1_ER_IRQHandler                       0x080001eb   Thumb Code     0  startup_stm32f10x_hd_vl.o(.text)
    I2C1_EV_IRQHandler                       0x080001eb   Thumb Code     0  startup_stm32f10x_hd_vl.o(.text)
    I2C2_ER_IRQHandler                       0x080001eb   Thumb Code     0  startup_stm32f10x_hd_vl.o(.text)
    I2C2_EV_IRQHandler                       0x080001eb   Thumb Code     0  startup_stm32f10x_hd_vl.o(.text)
    PVD_IRQHandler                           0x080001eb   Thumb Code     0  startup_stm32f10x_hd_vl.o(.text)
    RCC_IRQHandler                           0x080001eb   Thumb Code     0  startup_stm32f10x_hd_vl.o(.text)
    RTCAlarm_IRQHandler                      0x080001eb   Thumb Code     0  startup_stm32f10x_hd_vl.o(.text)
    RTC_IRQHandler                           0x080001eb   Thumb Code     0  startup_stm32f10x_hd_vl.o(.text)
    SPI1_IRQHandler                          0x080001eb   Thumb Code     0  startup_stm32f10x_hd_vl.o(.text)
    SPI2_IRQHandler                          0x080001eb   Thumb Code     0  startup_stm32f10x_hd_vl.o(.text)
    SPI3_IRQHandler                          0x080001eb   Thumb Code     0  startup_stm32f10x_hd_vl.o(.text)
    TAMPER_IRQHandler                        0x080001eb   Thumb Code     0  startup_stm32f10x_hd_vl.o(.text)
    TIM12_IRQHandler                         0x080001eb   Thumb Code     0  startup_stm32f10x_hd_vl.o(.text)
    TIM13_IRQHandler                         0x080001eb   Thumb Code     0  startup_stm32f10x_hd_vl.o(.text)
    TIM14_IRQHandler                         0x080001eb   Thumb Code     0  startup_stm32f10x_hd_vl.o(.text)
    TIM1_BRK_TIM15_IRQHandler                0x080001eb   Thumb Code     0  startup_stm32f10x_hd_vl.o(.text)
    TIM1_CC_IRQHandler                       0x080001eb   Thumb Code     0  startup_stm32f10x_hd_vl.o(.text)
    TIM1_TRG_COM_TIM17_IRQHandler            0x080001eb   Thumb Code     0  startup_stm32f10x_hd_vl.o(.text)
    TIM1_UP_TIM16_IRQHandler                 0x080001eb   Thumb Code     0  startup_stm32f10x_hd_vl.o(.text)
    TIM3_IRQHandler                          0x080001eb   Thumb Code     0  startup_stm32f10x_hd_vl.o(.text)
    TIM4_IRQHandler                          0x080001eb   Thumb Code     0  startup_stm32f10x_hd_vl.o(.text)
    TIM5_IRQHandler                          0x080001eb   Thumb Code     0  startup_stm32f10x_hd_vl.o(.text)
    TIM6_DAC_IRQHandler                      0x080001eb   Thumb Code     0  startup_stm32f10x_hd_vl.o(.text)
    TIM7_IRQHandler                          0x080001eb   Thumb Code     0  startup_stm32f10x_hd_vl.o(.text)
    UART4_IRQHandler                         0x080001eb   Thumb Code     0  startup_stm32f10x_hd_vl.o(.text)
    UART5_IRQHandler                         0x080001eb   Thumb Code     0  startup_stm32f10x_hd_vl.o(.text)
    USART1_IRQHandler                        0x080001eb   Thumb Code     0  startup_stm32f10x_hd_vl.o(.text)
    USART2_IRQHandler                        0x080001eb   Thumb Code     0  startup_stm32f10x_hd_vl.o(.text)
    USART3_IRQHandler                        0x080001eb   Thumb Code     0  startup_stm32f10x_hd_vl.o(.text)
    WWDG_IRQHandler                          0x080001eb   Thumb Code     0  startup_stm32f10x_hd_vl.o(.text)
    __user_initial_stackheap                 0x080001ed   Thumb Code     0  startup_stm32f10x_hd_vl.o(.text)
    __aeabi_memcpy                           0x08000211   Thumb Code     0  rt_memcpy_v6.o(.text)
    __rt_memcpy                              0x08000211   Thumb Code   138  rt_memcpy_v6.o(.text)
    _memcpy_lastbytes                        0x08000277   Thumb Code     0  rt_memcpy_v6.o(.text)
    __aeabi_memmove                          0x0800029b   Thumb Code     0  rt_memmove_v6.o(.text)
    __rt_memmove                             0x0800029b   Thumb Code   132  rt_memmove_v6.o(.text)
    __memmove_lastfew                        0x080002fb   Thumb Code     0  rt_memmove_v6.o(.text)
    __aeabi_memcpy4                          0x0800031f   Thumb Code     0  rt_memcpy_w.o(.text)
    __aeabi_memcpy8                          0x0800031f   Thumb Code     0  rt_memcpy_w.o(.text)
    __rt_memcpy_w                            0x0800031f   Thumb Code   100  rt_memcpy_w.o(.text)
    _memcpy_lastbytes_aligned                0x08000367   Thumb Code     0  rt_memcpy_w.o(.text)
    __aeabi_memclr4                          0x08000383   Thumb Code     0  rt_memclr_w.o(.text)
    __aeabi_memclr8                          0x08000383   Thumb Code     0  rt_memclr_w.o(.text)
    __rt_memclr_w                            0x08000383   Thumb Code    78  rt_memclr_w.o(.text)
    _memset_w                                0x08000387   Thumb Code     0  rt_memclr_w.o(.text)
    __use_two_region_memory                  0x080003d1   Thumb Code     2  heapauxi.o(.text)
    __rt_heap_escrow$2region                 0x080003d3   Thumb Code     2  heapauxi.o(.text)
    __rt_heap_expand$2region                 0x080003d5   Thumb Code     2  heapauxi.o(.text)
    __aeabi_memmove4                         0x080003d7   Thumb Code     0  rt_memmove_w.o(.text)
    __aeabi_memmove8                         0x080003d7   Thumb Code     0  rt_memmove_w.o(.text)
    __rt_memmove_w                           0x080003d7   Thumb Code   122  rt_memmove_w.o(.text)
    __memmove_aligned                        0x080003fd   Thumb Code     0  rt_memmove_w.o(.text)
    __memmove_lastfew_aligned                0x08000435   Thumb Code     0  rt_memmove_w.o(.text)
    __user_setup_stackheap                   0x08000451   Thumb Code    74  sys_stackheap_outer.o(.text)
    exit                                     0x0800049b   Thumb Code    18  exit.o(.text)
    __user_libspace                          0x080004ad   Thumb Code     8  libspace.o(.text)
    __user_perproc_libspace                  0x080004ad   Thumb Code     0  libspace.o(.text)
    __user_perthread_libspace                0x080004ad   Thumb Code     0  libspace.o(.text)
    _sys_exit                                0x080004b5   Thumb Code     8  sys_exit.o(.text)
    __I$use$semihosting                      0x080004c1   Thumb Code     0  use_no_semi.o(.text)
    __use_no_semihosting_swi                 0x080004c1   Thumb Code     2  use_no_semi.o(.text)
    __semihosting_library_function           0x080004c3   Thumb Code     0  indicate_semi.o(.text)
    Delay_ms                                 0x080004c5   Thumb Code    28  delay.o(i.Delay_ms)
    Display_Home                             0x080004e5   Thumb Code    74  displ.o(i.Display_Home)
    GUIDRV_FlexColor_Config                  0x0800052f   Thumb Code    62  guidrv_flexcolor.o(i.GUIDRV_FlexColor_Config)
    GUIDRV_FlexColor_SetFunc                 0x0800056d   Thumb Code    50  guidrv_flexcolor.o(i.GUIDRV_FlexColor_SetFunc)
    GUIDRV_FlexColor_SetFunc66708            0x080005a1   Thumb Code    52  guidrv_flexcolor_func66708.o(i.GUIDRV_FlexColor_SetFunc66708)
    GUIDRV_FlexColor_SetMode16bppC0B16       0x080005ed   Thumb Code    60  guidrv_flexcolor_16bpp_c0b16.o(i.GUIDRV_FlexColor_SetMode16bppC0B16)
    GUIDRV_FlexColor__GetPixelIndexNoCache   0x08000645   Thumb Code   192  guidrv_flexcolor.o(i.GUIDRV_FlexColor__GetPixelIndexNoCache)
    GUIDRV_FlexColor__InitOnce               0x08000705   Thumb Code    52  guidrv_flexcolor.o(i.GUIDRV_FlexColor__InitOnce)
    GUIDRV_FlexColor__SetLog2Phys            0x0800073d   Thumb Code    52  guidrv_flexcolor.o(i.GUIDRV_FlexColor__SetLog2Phys)
    GUIDRV_FlexColor__SetPixelIndexNoCache   0x08000775   Thumb Code   152  guidrv_flexcolor.o(i.GUIDRV_FlexColor__SetPixelIndexNoCache)
    GUIMONO_DispChar                         0x0800080d   Thumb Code   314  gui_charm.o(i.GUIMONO_DispChar)
    GUIMONO_GetCharDistX                     0x0800094d   Thumb Code    20  gui_charm.o(i.GUIMONO_GetCharDistX)
    GUIMONO_GetFontInfo                      0x08000965   Thumb Code     6  gui_charm.o(i.GUIMONO_GetFontInfo)
    GUIMONO_IsInFont                         0x0800096b   Thumb Code    58  gui_charm.o(i.GUIMONO_IsInFont)
    GUI_ALLOC_AllocNoInit                    0x080009a5   Thumb Code    12  gui_alloc.o(i.GUI_ALLOC_AllocNoInit)
    GUI_ALLOC_AllocZero                      0x080009b1   Thumb Code    36  gui_alloc_alloczero.o(i.GUI_ALLOC_AllocZero)
    GUI_ALLOC_AssignMemory                   0x080009d5   Thumb Code    12  gui_alloc.o(i.GUI_ALLOC_AssignMemory)
    GUI_ALLOC_Free                           0x080009e5   Thumb Code    42  gui_alloc.o(i.GUI_ALLOC_Free)
    GUI_ALLOC_FreeFixedBlock                 0x08000a15   Thumb Code    20  gui_alloc.o(i.GUI_ALLOC_FreeFixedBlock)
    GUI_ALLOC_GetFixedBlock                  0x08000a2d   Thumb Code   178  gui_alloc.o(i.GUI_ALLOC_GetFixedBlock)
    GUI_ALLOC_LockH                          0x08000ae5   Thumb Code    28  gui_alloc.o(i.GUI_ALLOC_LockH)
    GUI_ALLOC_UnlockH                        0x08000b05   Thumb Code    44  gui_alloc.o(i.GUI_ALLOC_UnlockH)
    GUI_ALLOC_h2p                            0x08000b35   Thumb Code    18  gui_alloc.o(i.GUI_ALLOC_h2p)
    GUI_CalcColorDist                        0x08000b4d   Thumb Code    60  gui_calccolordist.o(i.GUI_CalcColorDist)
    GUI_Clear                                0x08000b89   Thumb Code    24  gui_core.o(i.GUI_Clear)
    GUI_ClearRect                            0x08000ba5   Thumb Code    80  gui_core.o(i.GUI_ClearRect)
    GUI_DEVICE_Create                        0x08000bf9   Thumb Code    76  gui_device.o(i.GUI_DEVICE_Create)
    GUI_DEVICE_CreateAndLink                 0x08000c49   Thumb Code    38  gui_device.o(i.GUI_DEVICE_CreateAndLink)
    GUI_DEVICE_Delete                        0x08000c75   Thumb Code     8  gui_device.o(i.GUI_DEVICE_Delete)
    GUI_DEVICE_Link                          0x08000c7d   Thumb Code   134  gui_device.o(i.GUI_DEVICE_Link)
    GUI_DEVICE_Unlink                        0x08000d09   Thumb Code    44  gui_device.o(i.GUI_DEVICE_Unlink)
    GUI_DEVICE__GetpDriver                   0x08000d39   Thumb Code    32  gui_device.o(i.GUI_DEVICE__GetpDriver)
    GUI_GetBitsPerPixelEx                    0x08000d5d   Thumb Code    14  lcd_getex.o(i.GUI_GetBitsPerPixelEx)
    GUI_GetpfColor2IndexEx                   0x08000d71   Thumb Code    12  lcd_getex.o(i.GUI_GetpfColor2IndexEx)
    GUI_GetpfIndex2ColorEx                   0x08000d81   Thumb Code    12  lcd_getex.o(i.GUI_GetpfIndex2ColorEx)
    GUI_GotoXY                               0x08000d91   Thumb Code    20  gui_goto.o(i.GUI_GotoXY)
    GUI_Init                                 0x08000da5   Thumb Code    98  gui_core.o(i.GUI_Init)
    GUI_MEMDEV_Delete                        0x08000e1d   Thumb Code    60  guidev.o(i.GUI_MEMDEV_Delete)
    GUI_MEMDEV_GetBitsPerPixel               0x08000e5d   Thumb Code    38  guidev.o(i.GUI_MEMDEV_GetBitsPerPixel)
    GUI_MEMDEV_GetDataPtr                    0x08000e83   Thumb Code    26  guidev_getdataptr.o(i.GUI_MEMDEV_GetDataPtr)
    GUI_MEMDEV__WriteToActiveOpaque          0x08000e9d   Thumb Code    64  guidev_writetoactiveopaque.o(i.GUI_MEMDEV__WriteToActiveOpaque)
    GUI_MergeRect                            0x08000edd   Thumb Code    90  gui_mergerect.o(i.GUI_MergeRect)
    GUI_MoveRect                             0x08000f37   Thumb Code    30  gui_moverect.o(i.GUI_MoveRect)
    GUI_RectsIntersect                       0x08000f55   Thumb Code    56  gui_rectsintersect.o(i.GUI_RectsIntersect)
    GUI_SelectLCD                            0x08000f8d   Thumb Code    16  gui_selectlcd.o(i.GUI_SelectLCD)
    GUI_SelectLayer                          0x08000f9d   Thumb Code    40  gui_selectlayer.o(i.GUI_SelectLayer)
    GUI_SetBkColor                           0x08000fcd   Thumb Code     8  gui_setcolor.o(i.GUI_SetBkColor)
    GUI_SetDefaultFont                       0x08000fd5   Thumb Code     6  gui_core.o(i.GUI_SetDefaultFont)
    GUI_SetOrg                               0x08000fe1   Thumb Code    38  gui_setorg.o(i.GUI_SetOrg)
    GUI_SignalEvent                          0x08001019   Thumb Code    12  gui_waitevent.o(i.GUI_SignalEvent)
    GUI_StoreKey                             0x08001029   Thumb Code    18  gui_onkey.o(i.GUI_StoreKey)
    GUI_USAGE_AddRect                        0x08001041   Thumb Code    34  guidev_usage.o(i.GUI_USAGE_AddRect)
    GUI_USAGE_DecUseCnt                      0x08001063   Thumb Code    36  guidev_usage.o(i.GUI_USAGE_DecUseCnt)
    GUI_X_Config                             0x08001089   Thumb Code    20  guiconf.o(i.GUI_X_Config)
    GUI_X_ExecIdle                           0x080010a5   Thumb Code     2  gui_x.o(i.GUI_X_ExecIdle)
    GUI_X_Init                               0x080010a7   Thumb Code     2  gui_x.o(i.GUI_X_Init)
    GUI__CompactPixelIndices                 0x080010a9   Thumb Code   278  gui__compactpixelindices.o(i.GUI__CompactPixelIndices)
    GUI__Config                              0x080011c1   Thumb Code    38  gui_core.o(i.GUI__Config)
    GUI__IntersectRect                       0x080011f1   Thumb Code    58  gui__intersectrect.o(i.GUI__IntersectRect)
    GUI__IntersectRects                      0x0800122b   Thumb Code    82  gui__intersectrects.o(i.GUI__IntersectRects)
    GUI__RegisterExit                        0x0800127d   Thumb Code    10  gui_core.o(i.GUI__RegisterExit)
    GUI__memset                              0x0800128d   Thumb Code    72  gui__memset.o(i.GUI__memset)
    GUI__memset16                            0x080012d9   Thumb Code    58  gui__memset16.o(i.GUI__memset16)
    IWDG_Feed                                0x08001315   Thumb Code    10  delay.o(i.IWDG_Feed)
    LCD_Color2Index                          0x08001325   Thumb Code    18  lcd.o(i.LCD_Color2Index)
    LCD_DrawBitmap                           0x08001341   Thumb Code   522  lcd.o(i.LCD_DrawBitmap)
    LCD_DrawHLine                            0x08001559   Thumb Code    76  lcd.o(i.LCD_DrawHLine)
    LCD_DrawPixel                            0x080015ad   Thumb Code    96  lcd.o(i.LCD_DrawPixel)
    LCD_FillRect                             0x08001615   Thumb Code    80  lcd.o(i.LCD_FillRect)
    LCD_GetBitsPerPixelEx                    0x0800166d   Thumb Code    10  lcd_getex.o(i.LCD_GetBitsPerPixelEx)
    LCD_GetNumColors                         0x08001679   Thumb Code    16  lcd_getex.o(i.LCD_GetNumColors)
    LCD_GetNumColorsEx                       0x0800168d   Thumb Code    10  lcd_getex.o(i.LCD_GetNumColorsEx)
    LCD_GetNumLayers                         0x08001697   Thumb Code    28  lcd_getnumdisplays.o(i.LCD_GetNumLayers)
    LCD_GetPalette                           0x080016b5   Thumb Code    14  lcd_getex.o(i.LCD_GetPalette)
    LCD_GetPaletteEx                         0x080016c9   Thumb Code    20  lcd_getex.o(i.LCD_GetPaletteEx)
    LCD_GetXSizeDisplay                      0x080016dd   Thumb Code     6  lcd_getex.o(i.LCD_GetXSizeDisplay)
    LCD_GetXSizeMax                          0x080016e9   Thumb Code    10  lcd_getex.o(i.LCD_GetXSizeMax)
    LCD_GetYSizeDisplay                      0x080016f5   Thumb Code     6  lcd_getex.o(i.LCD_GetYSizeDisplay)
    LCD_GetYSizeMax                          0x08001701   Thumb Code    10  lcd_getex.o(i.LCD_GetYSizeMax)
    LCD_GetpPalConvTableBM                   0x0800170b   Thumb Code     8  lcd_color.o(i.LCD_GetpPalConvTableBM)
    LCD_GetpPalConvTableUncached             0x08001715   Thumb Code    72  lcd_color.o(i.LCD_GetpPalConvTableUncached)
    LCD_Index2Color                          0x08001761   Thumb Code    18  lcd.o(i.LCD_Index2Color)
    LCD_Index2Color_565                      0x0800177d   Thumb Code    34  guicc_565.o(i.LCD_Index2Color_565)
    LCD_InitColors                           0x080017a9   Thumb Code    46  lcd_color.o(i.LCD_InitColors)
    LCD_InitLUT                              0x080017e1   Thumb Code   106  lcd_color.o(i.LCD_InitLUT)
    LCD_SelectLCD                            0x08001859   Thumb Code    60  lcd_selectlcd.o(i.LCD_SelectLCD)
    LCD_SetBkColor                           0x0800189d   Thumb Code     8  lcd.o(i.LCD_SetBkColor)
    LCD_SetBkColorIndex                      0x080018a9   Thumb Code    20  lcd.o(i.LCD_SetBkColorIndex)
    LCD_SetClipRectEx                        0x080018c1   Thumb Code    38  lcd_setcliprectex.o(i.LCD_SetClipRectEx)
    LCD_SetClipRectMax                       0x080018f1   Thumb Code    20  lcd.o(i.LCD_SetClipRectMax)
    LCD_SetColor                             0x0800190d   Thumb Code     8  lcd.o(i.LCD_SetColor)
    LCD_SetColorIndex                        0x08001919   Thumb Code    20  lcd.o(i.LCD_SetColorIndex)
    LCD_SetDisplaySize                       0x08001931   Thumb Code     6  lcd_getex.o(i.LCD_SetDisplaySize)
    LCD_SetDrawMode                          0x0800193d   Thumb Code     8  lcd.o(i.LCD_SetDrawMode)
    LCD_SetLUTEntryEx                        0x08001949   Thumb Code    46  lcd_set.o(i.LCD_SetLUTEntryEx)
    LCD_SetSizeEx                            0x08001977   Thumb Code    46  lcd_set.o(i.LCD_SetSizeEx)
    LCD_SetVSizeEx                           0x080019a5   Thumb Code    46  lcd_set.o(i.LCD_SetVSizeEx)
    LCD_UpdateColorIndices                   0x080019d5   Thumb Code    30  lcd_updatecolorindices.o(i.LCD_UpdateColorIndices)
    LCD_X_Config                             0x080019f9   Thumb Code    98  lcdconf_flexcolor.o(i.LCD_X_Config)
    LCD_X_DisplayDriver                      0x08001a7d   Thumb Code    36  lcdconf_flexcolor.o(i.LCD_X_DisplayDriver)
    LCD__DrawBitmap_1bpp                     0x08001aa1   Thumb Code   440  lcd.o(i.LCD__DrawBitmap_1bpp)
    LCD__GetBPP                              0x08001c65   Thumb Code    92  lcd_getex.o(i.LCD__GetBPP)
    LCD__GetBPPDevice                        0x08001cc1   Thumb Code    50  lcd_getex.o(i.LCD__GetBPPDevice)
    OS_TimeMS_Inc                            0x08001e09   Thumb Code    12  gui_x.o(i.OS_TimeMS_Inc)
    SysTick_Handler                          0x08001ed9   Thumb Code    18  delay.o(i.SysTick_Handler)
    SystemInit                               0x08001ef1   Thumb Code    82  system_stm32f10x.o(i.SystemInit)
    TIM2_IRQHandler                          0x08001f55   Thumb Code    36  main.o(i.TIM2_IRQHandler)
    WM_Activate                              0x08001f79   Thumb Code    12  wm.o(i.WM_Activate)
    WM_BringToBottom                         0x08001f89   Thumb Code   120  wm_bringtobottom.o(i.WM_BringToBottom)
    WM_CreateWindowAsChild                   0x08002001   Thumb Code   310  wm.o(i.WM_CreateWindowAsChild)
    WM_DefaultProc                           0x08002145   Thumb Code    64  wm.o(i.WM_DefaultProc)
    WM_GetDesktopWindow                      0x08002189   Thumb Code    14  wm_getdesktopwindow.o(i.WM_GetDesktopWindow)
    WM_GetFirstChild                         0x080021a1   Thumb Code    14  wm_getfirstchild.o(i.WM_GetFirstChild)
    WM_GetParent                             0x080021af   Thumb Code    14  wm_getparent.o(i.WM_GetParent)
    WM_Init                                  0x080021bd   Thumb Code   158  wm.o(i.WM_Init)
    WM_InvalidateRect                        0x0800227d   Thumb Code   120  wm.o(i.WM_InvalidateRect)
    WM_InvalidateWindow                      0x080022f9   Thumb Code    10  wm.o(i.WM_InvalidateWindow)
    WM_InvalidateWindowAndDescsEx            0x08002303   Thumb Code    94  wm.o(i.WM_InvalidateWindowAndDescsEx)
    WM_SelectWindow                          0x08002361   Thumb Code    52  wm.o(i.WM_SelectWindow)
    WM_SendToParent                          0x0800239d   Thumb Code    26  wm_sendtoparent.o(i.WM_SendToParent)
    WM__ActivateClipRect                     0x080023b9   Thumb Code    60  wm.o(i.WM__ActivateClipRect)
    WM__AddCriticalHandle                    0x08002401   Thumb Code    10  wm_criticalhandle.o(i.WM__AddCriticalHandle)
    WM__Client2Screen                        0x08002411   Thumb Code    20  wm.o(i.WM__Client2Screen)
    WM__ClipAtParentBorders                  0x08002425   Thumb Code    78  wm.o(i.WM__ClipAtParentBorders)
    WM__GetClientRectEx                      0x08002473   Thumb Code    32  wm_getclientrect.o(i.WM__GetClientRectEx)
    WM__GetClientRectWin                     0x08002493   Thumb Code    24  wm.o(i.WM__GetClientRectWin)
    WM__GetFirstSibling                      0x080024ab   Thumb Code    18  wm__getfirstsibling.o(i.WM__GetFirstSibling)
    WM__GetNextIVR                           0x080024bd   Thumb Code    56  wm.o(i.WM__GetNextIVR)
    WM__GetPrevSibling                       0x080024fd   Thumb Code    36  wm__getprevsibling.o(i.WM__GetPrevSibling)
    WM__GetTopLevelLayer                     0x08002521   Thumb Code    22  wm.o(i.WM__GetTopLevelLayer)
    WM__InitIVRSearch                        0x08002539   Thumb Code   238  wm.o(i.WM__InitIVRSearch)
    WM__InsertWindowIntoList                 0x08002635   Thumb Code   164  wm.o(i.WM__InsertWindowIntoList)
    WM__Invalidate1Abs                       0x080026d9   Thumb Code    10  wm.o(i.WM__Invalidate1Abs)
    WM__InvalidateDrawAndDescs               0x080026e5   Thumb Code    78  wm.o(i.WM__InvalidateDrawAndDescs)
    WM__InvalidateRect                       0x08002739   Thumb Code   116  wm.o(i.WM__InvalidateRect)
    WM__InvalidateRectEx                     0x080027b1   Thumb Code    10  wm.o(i.WM__InvalidateRectEx)
    WM__RectIsNZ                             0x080027bb   Thumb Code    32  wm.o(i.WM__RectIsNZ)
    WM__SelectTopLevelLayer                  0x080027db   Thumb Code    16  wm.o(i.WM__SelectTopLevelLayer)
    WM__SendMessage                          0x080027ed   Thumb Code    54  wm__sendmessage.o(i.WM__SendMessage)
    WM__SendMsgNoData                        0x08002829   Thumb Code    14  wm.o(i.WM__SendMsgNoData)
    __ARM_common_switch8                     0x08005221   Thumb Code    26  guidrv_flexcolor.o(i.__ARM_common_switch8)
    display_rgb                              0x08005289   Thumb Code    38  displ.o(i.display_rgb)
    emWin_LCD_Init                           0x080052b1   Thumb Code   142  lcd.o(i.emWin_LCD_Init)
    initDelay                                0x08005345   Thumb Code    72  delay.o(i.initDelay)
    init_TFT                                 0x08005395   Thumb Code   616  displ.o(i.init_TFT)
    lcdWriteCommand                          0x08005601   Thumb Code   106  displ.o(i.lcdWriteCommand)
    main                                     0x08005675   Thumb Code    58  main.o(i.main)
    portInit                                 0x080056b1   Thumb Code   160  funct.o(i.portInit)
    timerInit                                0x08005769   Thumb Code    54  funct.o(i.timerInit)
    write_data                               0x080057a9   Thumb Code   112  displ.o(i.write_data)
    __aeabi_uidivmod                         0x08005821   Thumb Code    12  aeabi_sdiv.o(x$udivmod)
    LCD_API_ColorConv_565                    0x08005834   Data          24  guicc_565.o(.constdata)
    GUIDRV_FlexColor_API                     0x0800584c   Data          52  guidrv_flexcolor.o(.constdata)
    GUI_Font6x8                              0x08005fb4   Data          36  f6x8.o(.constdata)
    GUI__aConvert_31_255                     0x08005fd8   Data          32  gui__divtbl_31_255.o(.constdata)
    GUI__aConvert_63_255                     0x08005ff8   Data          64  gui__divtbl_63_255.o(.constdata)
    GUI__aConvert_255_31                     0x08006038   Data         256  gui__divtbl_255_31.o(.constdata)
    GUI__aConvert_255_63                     0x08006138   Data         256  gui__divtbl_255_63.o(.constdata)
    GUI_UC_None                              0x08006238   Data          16  gui_uc_encodenone.o(.constdata)
    GUI_MEMDEV_DEVICE_16                     0x08006294   Data          52  guidev_16.o(.constdata)
    LCD_API_ColorConv_0                      0x080062c8   Data          24  guicc_0.o(.constdata)
    LCD_aMirror                              0x080062e0   Data         256  lcd_mirror.o(.constdata)
    Region$$Table$$Base                      0x080063e8   Number         0  anon$$obj.o(Region$$Table)
    Region$$Table$$Limit                     0x08006408   Number         0  anon$$obj.o(Region$$Table)
    TimingDelay                              0x20000000   Data           4  delay.o(.data)
    OS_TimeMS                                0x20000004   Data           4  gui_x.o(.data)
    GUI_DecChar                              0x20000010   Data           1  gui_core.o(.data)
    GUI__IsInitialized                       0x20000011   Data           1  gui_core.o(.data)
    GUI_pfGetpPalConvTable                   0x20000014   Data           4  gui_core.o(.data)
    GUI__pFontDefault                        0x20000018   Data           4  gui_core.o(.data)
    GUI_pContext                             0x2000001c   Data           4  gui_core.o(.data)
    GUI_pUC_API                              0x20000020   Data           4  gui_core.o(.data)
    GUI__apDevice                            0x20000034   Data           8  gui_core.o(.data)
    GUI_pLCD_APIList                         0x2000003c   Data           4  gui_core.o(.data)
    GUI_OrgX                                 0x20000040   Data           2  gui_core.o(.data)
    GUI_OrgY                                 0x20000042   Data           2  gui_core.o(.data)
    WM__PaintCallbackCnt                     0x20000060   Data           1  wm.o(.data)
    WM__NumWindows                           0x20000062   Data           2  wm.o(.data)
    WM__NumInvalidWindows                    0x20000064   Data           2  wm.o(.data)
    WM__TouchedLayer                         0x2000006c   Data           4  wm.o(.data)
    WM__FirstWin                             0x20000070   Data           4  wm.o(.data)
    WM__pFirstCriticalHandle                 0x20000074   Data           4  wm.o(.data)
    WM__CreateFlags                          0x20000078   Data           4  wm.o(.data)
    WM_pfPollPID                             0x2000007c   Data           4  wm.o(.data)
    WM_MULTIBUF__pAPI                        0x20000080   Data           4  wm.o(.data)
    WM__TransWindowCnt                       0x20000084   Data           4  wm.o(.data)
    WM__hATransWindow                        0x20000088   Data           4  wm.o(.data)
    WM__hCreateStatic                        0x2000008c   Data           4  wm.o(.data)
    WM__pExecGestures                        0x20000090   Data           4  wm.o(.data)
    WM__ahDesktopWin                         0x200000a4   Data           8  wm.o(.data)
    WM__aBkColor                             0x200000ac   Data           8  wm.o(.data)
    WM__ahCapture                            0x200000b4   Data           8  wm.o(.data)
    WM__ahWinFocus                           0x200000bc   Data           8  wm.o(.data)
    LCD__pSetColorAPI                        0x200000e0   Data           4  lcd.o(.data)
    LCD__aConvTable                          0x200000e8   Data           4  lcd_color.o(.data)
    GUI_ALLOC__Context                       0x20200100   Data         192  gui_alloc.o(.bss)
    WM__aCHWinModal                          0x202002c4   Data          16  wm_touch.o(.bss)
    WM__aCHWinLast                           0x202002d4   Data          16  wm_touch.o(.bss)
    WM__aCHWinMouseOver                      0x202002e4   Data          16  wm_touch.o(.bss)
    __libspace_start                         0x202002f4   Data          96  libspace.o(.bss)
    __temporary_stack_top$libspace           0x20200354   Data           0  libspace.o(.bss)



==============================================================================

Memory Map of the image

  Image Entry point : 0x080001d1

  Load Region LR_1 (Base: 0x08000000, Size: 0x00006508, Max: 0xffffffff, ABSOLUTE)

    Execution Region ER_RO (Exec base: 0x08000000, Load base: 0x08000000, Size: 0x00006408, Max: 0xffffffff, ABSOLUTE)

    Exec Addr    Load Addr    Size         Type   Attr      Idx    E Section Name        Object

    0x08000000   0x08000000   0x00000134   Data   RO         1034    RESET               startup_stm32f10x_hd_vl.o
    0x08000134   0x08000134   0x00000008   Code   RO         3145  * !!!main             c_w.l(__main.o)
    0x0800013c   0x0800013c   0x00000034   Code   RO         3326    !!!scatter          c_w.l(__scatter.o)
    0x08000170   0x08000170   0x0000001a   Code   RO         3328    !!handler_copy      c_w.l(__scatter_copy.o)
    0x0800018a   0x0800018a   0x00000002   PAD
    0x0800018c   0x0800018c   0x0000001c   Code   RO         3330    !!handler_zi        c_w.l(__scatter_zi.o)
    0x080001a8   0x080001a8   0x00000002   Code   RO         3196    .ARM.Collect$$libinit$$00000000  c_w.l(libinit.o)
    0x080001aa   0x080001aa   0x00000000   Code   RO         3209    .ARM.Collect$$libinit$$00000002  c_w.l(libinit2.o)
    0x080001aa   0x080001aa   0x00000000   Code   RO         3211    .ARM.Collect$$libinit$$00000004  c_w.l(libinit2.o)
    0x080001aa   0x080001aa   0x00000000   Code   RO         3214    .ARM.Collect$$libinit$$0000000A  c_w.l(libinit2.o)
    0x080001aa   0x080001aa   0x00000000   Code   RO         3216    .ARM.Collect$$libinit$$0000000C  c_w.l(libinit2.o)
    0x080001aa   0x080001aa   0x00000000   Code   RO         3218    .ARM.Collect$$libinit$$0000000E  c_w.l(libinit2.o)
    0x080001aa   0x080001aa   0x00000000   Code   RO         3221    .ARM.Collect$$libinit$$00000011  c_w.l(libinit2.o)
    0x080001aa   0x080001aa   0x00000000   Code   RO         3223    .ARM.Collect$$libinit$$00000013  c_w.l(libinit2.o)
    0x080001aa   0x080001aa   0x00000000   Code   RO         3225    .ARM.Collect$$libinit$$00000015  c_w.l(libinit2.o)
    0x080001aa   0x080001aa   0x00000000   Code   RO         3227    .ARM.Collect$$libinit$$00000017  c_w.l(libinit2.o)
    0x080001aa   0x080001aa   0x00000000   Code   RO         3229    .ARM.Collect$$libinit$$00000019  c_w.l(libinit2.o)
    0x080001aa   0x080001aa   0x00000000   Code   RO         3231    .ARM.Collect$$libinit$$0000001B  c_w.l(libinit2.o)
    0x080001aa   0x080001aa   0x00000000   Code   RO         3233    .ARM.Collect$$libinit$$0000001D  c_w.l(libinit2.o)
    0x080001aa   0x080001aa   0x00000000   Code   RO         3235    .ARM.Collect$$libinit$$0000001F  c_w.l(libinit2.o)
    0x080001aa   0x080001aa   0x00000000   Code   RO         3237    .ARM.Collect$$libinit$$00000021  c_w.l(libinit2.o)
    0x080001aa   0x080001aa   0x00000000   Code   RO         3239    .ARM.Collect$$libinit$$00000023  c_w.l(libinit2.o)
    0x080001aa   0x080001aa   0x00000000   Code   RO         3241    .ARM.Collect$$libinit$$00000025  c_w.l(libinit2.o)
    0x080001aa   0x080001aa   0x00000000   Code   RO         3245    .ARM.Collect$$libinit$$0000002C  c_w.l(libinit2.o)
    0x080001aa   0x080001aa   0x00000000   Code   RO         3247    .ARM.Collect$$libinit$$0000002E  c_w.l(libinit2.o)
    0x080001aa   0x080001aa   0x00000000   Code   RO         3249    .ARM.Collect$$libinit$$00000030  c_w.l(libinit2.o)
    0x080001aa   0x080001aa   0x00000000   Code   RO         3251    .ARM.Collect$$libinit$$00000032  c_w.l(libinit2.o)
    0x080001aa   0x080001aa   0x00000002   Code   RO         3252    .ARM.Collect$$libinit$$00000033  c_w.l(libinit2.o)
    0x080001ac   0x080001ac   0x00000002   Code   RO         3283    .ARM.Collect$$libshutdown$$00000000  c_w.l(libshutdown.o)
    0x080001ae   0x080001ae   0x00000000   Code   RO         3309    .ARM.Collect$$libshutdown$$00000002  c_w.l(libshutdown2.o)
    0x080001ae   0x080001ae   0x00000000   Code   RO         3311    .ARM.Collect$$libshutdown$$00000004  c_w.l(libshutdown2.o)
    0x080001ae   0x080001ae   0x00000000   Code   RO         3314    .ARM.Collect$$libshutdown$$00000007  c_w.l(libshutdown2.o)
    0x080001ae   0x080001ae   0x00000000   Code   RO         3317    .ARM.Collect$$libshutdown$$0000000A  c_w.l(libshutdown2.o)
    0x080001ae   0x080001ae   0x00000000   Code   RO         3319    .ARM.Collect$$libshutdown$$0000000C  c_w.l(libshutdown2.o)
    0x080001ae   0x080001ae   0x00000000   Code   RO         3322    .ARM.Collect$$libshutdown$$0000000F  c_w.l(libshutdown2.o)
    0x080001ae   0x080001ae   0x00000002   Code   RO         3323    .ARM.Collect$$libshutdown$$00000010  c_w.l(libshutdown2.o)
    0x080001b0   0x080001b0   0x00000000   Code   RO         3147    .ARM.Collect$$rtentry$$00000000  c_w.l(__rtentry.o)
    0x080001b0   0x080001b0   0x00000000   Code   RO         3159    .ARM.Collect$$rtentry$$00000002  c_w.l(__rtentry2.o)
    0x080001b0   0x080001b0   0x00000006   Code   RO         3171    .ARM.Collect$$rtentry$$00000004  c_w.l(__rtentry4.o)
    0x080001b6   0x080001b6   0x00000000   Code   RO         3161    .ARM.Collect$$rtentry$$00000009  c_w.l(__rtentry2.o)
    0x080001b6   0x080001b6   0x00000004   Code   RO         3162    .ARM.Collect$$rtentry$$0000000A  c_w.l(__rtentry2.o)
    0x080001ba   0x080001ba   0x00000000   Code   RO         3164    .ARM.Collect$$rtentry$$0000000C  c_w.l(__rtentry2.o)
    0x080001ba   0x080001ba   0x00000008   Code   RO         3165    .ARM.Collect$$rtentry$$0000000D  c_w.l(__rtentry2.o)
    0x080001c2   0x080001c2   0x00000002   Code   RO         3200    .ARM.Collect$$rtexit$$00000000  c_w.l(rtexit.o)
    0x080001c4   0x080001c4   0x00000000   Code   RO         3256    .ARM.Collect$$rtexit$$00000002  c_w.l(rtexit2.o)
    0x080001c4   0x080001c4   0x00000004   Code   RO         3257    .ARM.Collect$$rtexit$$00000003  c_w.l(rtexit2.o)
    0x080001c8   0x080001c8   0x00000006   Code   RO         3258    .ARM.Collect$$rtexit$$00000004  c_w.l(rtexit2.o)
    0x080001ce   0x080001ce   0x00000002   PAD
    0x080001d0   0x080001d0   0x00000040   Code   RO         1035  * .text               startup_stm32f10x_hd_vl.o
    0x08000210   0x08000210   0x0000008a   Code   RO         3089    .text               c_w.l(rt_memcpy_v6.o)
    0x0800029a   0x0800029a   0x00000084   Code   RO         3091    .text               c_w.l(rt_memmove_v6.o)
    0x0800031e   0x0800031e   0x00000064   Code   RO         3093    .text               c_w.l(rt_memcpy_w.o)
    0x08000382   0x08000382   0x0000004e   Code   RO         3097    .text               c_w.l(rt_memclr_w.o)
    0x080003d0   0x080003d0   0x00000006   Code   RO         3143    .text               c_w.l(heapauxi.o)
    0x080003d6   0x080003d6   0x0000007a   Code   RO         3154    .text               c_w.l(rt_memmove_w.o)
    0x08000450   0x08000450   0x0000004a   Code   RO         3181    .text               c_w.l(sys_stackheap_outer.o)
    0x0800049a   0x0800049a   0x00000012   Code   RO         3185    .text               c_w.l(exit.o)
    0x080004ac   0x080004ac   0x00000008   Code   RO         3197    .text               c_w.l(libspace.o)
    0x080004b4   0x080004b4   0x0000000c   Code   RO         3253    .text               c_w.l(sys_exit.o)
    0x080004c0   0x080004c0   0x00000002   Code   RO         3272    .text               c_w.l(use_no_semi.o)
    0x080004c2   0x080004c2   0x00000000   Code   RO         3274    .text               c_w.l(indicate_semi.o)
    0x080004c2   0x080004c2   0x00000002   PAD
    0x080004c4   0x080004c4   0x00000020   Code   RO          306    i.Delay_ms          delay.o
    0x080004e4   0x080004e4   0x0000004a   Code   RO          414    i.Display_Home      displ.o
    0x0800052e   0x0800052e   0x0000003e   Code   RO         1278    i.GUIDRV_FlexColor_Config  STemWin532_CM0_Keil.lib(guidrv_flexcolor.o)
    0x0800056c   0x0800056c   0x00000032   Code   RO         1279    i.GUIDRV_FlexColor_SetFunc  STemWin532_CM0_Keil.lib(guidrv_flexcolor.o)
    0x0800059e   0x0800059e   0x00000002   PAD
    0x080005a0   0x080005a0   0x0000004c   Code   RO         1407    i.GUIDRV_FlexColor_SetFunc66708  STemWin532_CM0_Keil.lib(guidrv_flexcolor_func66708.o)
    0x080005ec   0x080005ec   0x00000058   Code   RO         1389    i.GUIDRV_FlexColor_SetMode16bppC0B16  STemWin532_CM0_Keil.lib(guidrv_flexcolor_16bpp_c0b16.o)
    0x08000644   0x08000644   0x000000c0   Code   RO         1283    i.GUIDRV_FlexColor__GetPixelIndexNoCache  STemWin532_CM0_Keil.lib(guidrv_flexcolor.o)
    0x08000704   0x08000704   0x00000038   Code   RO         1284    i.GUIDRV_FlexColor__InitOnce  STemWin532_CM0_Keil.lib(guidrv_flexcolor.o)
    0x0800073c   0x0800073c   0x00000038   Code   RO         1289    i.GUIDRV_FlexColor__SetLog2Phys  STemWin532_CM0_Keil.lib(guidrv_flexcolor.o)
    0x08000774   0x08000774   0x00000098   Code   RO         1291    i.GUIDRV_FlexColor__SetPixelIndexNoCache  STemWin532_CM0_Keil.lib(guidrv_flexcolor.o)
    0x0800080c   0x0800080c   0x00000140   Code   RO         1614    i.GUIMONO_DispChar  STemWin532_CM0_Keil.lib(gui_charm.o)
    0x0800094c   0x0800094c   0x00000018   Code   RO         1615    i.GUIMONO_GetCharDistX  STemWin532_CM0_Keil.lib(gui_charm.o)
    0x08000964   0x08000964   0x00000006   Code   RO         1616    i.GUIMONO_GetFontInfo  STemWin532_CM0_Keil.lib(gui_charm.o)
    0x0800096a   0x0800096a   0x0000003a   Code   RO         1617    i.GUIMONO_IsInFont  STemWin532_CM0_Keil.lib(gui_charm.o)
    0x080009a4   0x080009a4   0x0000000c   Code   RO         1085    i.GUI_ALLOC_AllocNoInit  STemWin532_CM0_Keil.lib(gui_alloc.o)
    0x080009b0   0x080009b0   0x00000024   Code   RO         1612    i.GUI_ALLOC_AllocZero  STemWin532_CM0_Keil.lib(gui_alloc_alloczero.o)
    0x080009d4   0x080009d4   0x00000010   Code   RO         1086    i.GUI_ALLOC_AssignMemory  STemWin532_CM0_Keil.lib(gui_alloc.o)
    0x080009e4   0x080009e4   0x00000030   Code   RO         1087    i.GUI_ALLOC_Free    STemWin532_CM0_Keil.lib(gui_alloc.o)
    0x08000a14   0x08000a14   0x00000018   Code   RO         1088    i.GUI_ALLOC_FreeFixedBlock  STemWin532_CM0_Keil.lib(gui_alloc.o)
    0x08000a2c   0x08000a2c   0x000000b8   Code   RO         1091    i.GUI_ALLOC_GetFixedBlock  STemWin532_CM0_Keil.lib(gui_alloc.o)
    0x08000ae4   0x08000ae4   0x00000020   Code   RO         1101    i.GUI_ALLOC_LockH   STemWin532_CM0_Keil.lib(gui_alloc.o)
    0x08000b04   0x08000b04   0x00000030   Code   RO         1107    i.GUI_ALLOC_UnlockH  STemWin532_CM0_Keil.lib(gui_alloc.o)
    0x08000b34   0x08000b34   0x00000018   Code   RO         1108    i.GUI_ALLOC_h2p     STemWin532_CM0_Keil.lib(gui_alloc.o)
    0x08000b4c   0x08000b4c   0x0000003c   Code   RO         2717    i.GUI_CalcColorDist  STemWin532_CM0_Keil.lib(gui_calccolordist.o)
    0x08000b88   0x08000b88   0x0000001c   Code   RO         1161    i.GUI_Clear         STemWin532_CM0_Keil.lib(gui_core.o)
    0x08000ba4   0x08000ba4   0x00000054   Code   RO         1162    i.GUI_ClearRect     STemWin532_CM0_Keil.lib(gui_core.o)
    0x08000bf8   0x08000bf8   0x00000050   Code   RO         1199    i.GUI_DEVICE_Create  STemWin532_CM0_Keil.lib(gui_device.o)
    0x08000c48   0x08000c48   0x0000002c   Code   RO         1200    i.GUI_DEVICE_CreateAndLink  STemWin532_CM0_Keil.lib(gui_device.o)
    0x08000c74   0x08000c74   0x00000008   Code   RO         1201    i.GUI_DEVICE_Delete  STemWin532_CM0_Keil.lib(gui_device.o)
    0x08000c7c   0x08000c7c   0x0000008c   Code   RO         1202    i.GUI_DEVICE_Link   STemWin532_CM0_Keil.lib(gui_device.o)
    0x08000d08   0x08000d08   0x00000030   Code   RO         1204    i.GUI_DEVICE_Unlink  STemWin532_CM0_Keil.lib(gui_device.o)
    0x08000d38   0x08000d38   0x00000024   Code   RO         1207    i.GUI_DEVICE__GetpDriver  STemWin532_CM0_Keil.lib(gui_device.o)
    0x08000d5c   0x08000d5c   0x00000014   Code   RO         1774    i.GUI_GetBitsPerPixelEx  STemWin532_CM0_Keil.lib(lcd_getex.o)
    0x08000d70   0x08000d70   0x00000010   Code   RO         1775    i.GUI_GetpfColor2IndexEx  STemWin532_CM0_Keil.lib(lcd_getex.o)
    0x08000d80   0x08000d80   0x00000010   Code   RO         1776    i.GUI_GetpfIndex2ColorEx  STemWin532_CM0_Keil.lib(lcd_getex.o)
    0x08000d90   0x08000d90   0x00000014   Code   RO         1627    i.GUI_GotoXY        STemWin532_CM0_Keil.lib(gui_goto.o)
    0x08000da4   0x08000da4   0x00000078   Code   RO         1164    i.GUI_Init          STemWin532_CM0_Keil.lib(gui_core.o)
    0x08000e1c   0x08000e1c   0x00000040   Code   RO         1865    i.GUI_MEMDEV_Delete  STemWin532_CM0_Keil.lib(guidev.o)
    0x08000e5c   0x08000e5c   0x00000026   Code   RO         1866    i.GUI_MEMDEV_GetBitsPerPixel  STemWin532_CM0_Keil.lib(guidev.o)
    0x08000e82   0x08000e82   0x0000001a   Code   RO         2508    i.GUI_MEMDEV_GetDataPtr  STemWin532_CM0_Keil.lib(guidev_getdataptr.o)
    0x08000e9c   0x08000e9c   0x00000040   Code   RO         2549    i.GUI_MEMDEV__WriteToActiveOpaque  STemWin532_CM0_Keil.lib(guidev_writetoactiveopaque.o)
    0x08000edc   0x08000edc   0x0000005a   Code   RO         1636    i.GUI_MergeRect     STemWin532_CM0_Keil.lib(gui_mergerect.o)
    0x08000f36   0x08000f36   0x0000001e   Code   RO         1638    i.GUI_MoveRect      STemWin532_CM0_Keil.lib(gui_moverect.o)
    0x08000f54   0x08000f54   0x00000038   Code   RO         1662    i.GUI_RectsIntersect  STemWin532_CM0_Keil.lib(gui_rectsintersect.o)
    0x08000f8c   0x08000f8c   0x00000010   Code   RO         2222    i.GUI_SelectLCD     STemWin532_CM0_Keil.lib(gui_selectlcd.o)
    0x08000f9c   0x08000f9c   0x00000030   Code   RO         1672    i.GUI_SelectLayer   STemWin532_CM0_Keil.lib(gui_selectlayer.o)
    0x08000fcc   0x08000fcc   0x00000008   Code   RO         1687    i.GUI_SetBkColor    STemWin532_CM0_Keil.lib(gui_setcolor.o)
    0x08000fd4   0x08000fd4   0x0000000c   Code   RO         1166    i.GUI_SetDefaultFont  STemWin532_CM0_Keil.lib(gui_core.o)
    0x08000fe0   0x08000fe0   0x00000038   Code   RO         1695    i.GUI_SetOrg        STemWin532_CM0_Keil.lib(gui_setorg.o)
    0x08001018   0x08001018   0x00000010   Code   RO         1711    i.GUI_SignalEvent   STemWin532_CM0_Keil.lib(gui_waitevent.o)
    0x08001028   0x08001028   0x00000018   Code   RO         1646    i.GUI_StoreKey      STemWin532_CM0_Keil.lib(gui_onkey.o)
    0x08001040   0x08001040   0x00000022   Code   RO         2522    i.GUI_USAGE_AddRect  STemWin532_CM0_Keil.lib(guidev_usage.o)
    0x08001062   0x08001062   0x00000024   Code   RO         2523    i.GUI_USAGE_DecUseCnt  STemWin532_CM0_Keil.lib(guidev_usage.o)
    0x08001086   0x08001086   0x00000002   PAD
    0x08001088   0x08001088   0x0000001c   Code   RO          544    i.GUI_X_Config      guiconf.o
    0x080010a4   0x080010a4   0x00000002   Code   RO          489    i.GUI_X_ExecIdle    gui_x.o
    0x080010a6   0x080010a6   0x00000002   Code   RO          491    i.GUI_X_Init        gui_x.o
    0x080010a8   0x080010a8   0x00000116   Code   RO         2677    i.GUI__CompactPixelIndices  STemWin532_CM0_Keil.lib(gui__compactpixelindices.o)
    0x080011be   0x080011be   0x00000002   PAD
    0x080011c0   0x080011c0   0x00000030   Code   RO         1168    i.GUI__Config       STemWin532_CM0_Keil.lib(gui_core.o)
    0x080011f0   0x080011f0   0x0000003a   Code   RO         1591    i.GUI__IntersectRect  STemWin532_CM0_Keil.lib(gui__intersectrect.o)
    0x0800122a   0x0800122a   0x00000052   Code   RO         1593    i.GUI__IntersectRects  STemWin532_CM0_Keil.lib(gui__intersectrects.o)
    0x0800127c   0x0800127c   0x00000010   Code   RO         1169    i.GUI__RegisterExit  STemWin532_CM0_Keil.lib(gui_core.o)
    0x0800128c   0x0800128c   0x0000004c   Code   RO         1608    i.GUI__memset       STemWin532_CM0_Keil.lib(gui__memset.o)
    0x080012d8   0x080012d8   0x0000003a   Code   RO         1610    i.GUI__memset16     STemWin532_CM0_Keil.lib(gui__memset16.o)
    0x08001312   0x08001312   0x00000002   PAD
    0x08001314   0x08001314   0x00000010   Code   RO          307    i.IWDG_Feed         delay.o
    0x08001324   0x08001324   0x0000001c   Code   RO         1721    i.LCD_Color2Index   STemWin532_CM0_Keil.lib(lcd.o)
    0x08001340   0x08001340   0x00000218   Code   RO         1722    i.LCD_DrawBitmap    STemWin532_CM0_Keil.lib(lcd.o)
    0x08001558   0x08001558   0x00000054   Code   RO         1723    i.LCD_DrawHLine     STemWin532_CM0_Keil.lib(lcd.o)
    0x080015ac   0x080015ac   0x00000068   Code   RO         1724    i.LCD_DrawPixel     STemWin532_CM0_Keil.lib(lcd.o)
    0x08001614   0x08001614   0x00000058   Code   RO         1726    i.LCD_FillRect      STemWin532_CM0_Keil.lib(lcd.o)
    0x0800166c   0x0800166c   0x0000000a   Code   RO         1778    i.LCD_GetBitsPerPixelEx  STemWin532_CM0_Keil.lib(lcd_getex.o)
    0x08001676   0x08001676   0x00000002   PAD
    0x08001678   0x08001678   0x00000014   Code   RO         1785    i.LCD_GetNumColors  STemWin532_CM0_Keil.lib(lcd_getex.o)
    0x0800168c   0x0800168c   0x0000000a   Code   RO         1786    i.LCD_GetNumColorsEx  STemWin532_CM0_Keil.lib(lcd_getex.o)
    0x08001696   0x08001696   0x0000001c   Code   RO         2363    i.LCD_GetNumLayers  STemWin532_CM0_Keil.lib(lcd_getnumdisplays.o)
    0x080016b2   0x080016b2   0x00000002   PAD
    0x080016b4   0x080016b4   0x00000014   Code   RO         1787    i.LCD_GetPalette    STemWin532_CM0_Keil.lib(lcd_getex.o)
    0x080016c8   0x080016c8   0x00000014   Code   RO         1788    i.LCD_GetPaletteEx  STemWin532_CM0_Keil.lib(lcd_getex.o)
    0x080016dc   0x080016dc   0x0000000c   Code   RO         1800    i.LCD_GetXSizeDisplay  STemWin532_CM0_Keil.lib(lcd_getex.o)
    0x080016e8   0x080016e8   0x0000000a   Code   RO         1802    i.LCD_GetXSizeMax   STemWin532_CM0_Keil.lib(lcd_getex.o)
    0x080016f2   0x080016f2   0x00000002   PAD
    0x080016f4   0x080016f4   0x0000000c   Code   RO         1806    i.LCD_GetYSizeDisplay  STemWin532_CM0_Keil.lib(lcd_getex.o)
    0x08001700   0x08001700   0x0000000a   Code   RO         1808    i.LCD_GetYSizeMax   STemWin532_CM0_Keil.lib(lcd_getex.o)
    0x0800170a   0x0800170a   0x00000008   Code   RO         1760    i.LCD_GetpPalConvTableBM  STemWin532_CM0_Keil.lib(lcd_color.o)
    0x08001712   0x08001712   0x00000002   PAD
    0x08001714   0x08001714   0x0000004c   Code   RO         1761    i.LCD_GetpPalConvTableUncached  STemWin532_CM0_Keil.lib(lcd_color.o)
    0x08001760   0x08001760   0x0000001c   Code   RO         1727    i.LCD_Index2Color   STemWin532_CM0_Keil.lib(lcd.o)
    0x0800177c   0x0800177c   0x0000002c   Code   RO         1217    i.LCD_Index2Color_565  STemWin532_CM0_Keil.lib(guicc_565.o)
    0x080017a8   0x080017a8   0x00000038   Code   RO         1762    i.LCD_InitColors    STemWin532_CM0_Keil.lib(lcd_color.o)
    0x080017e0   0x080017e0   0x00000078   Code   RO         1763    i.LCD_InitLUT       STemWin532_CM0_Keil.lib(lcd_color.o)
    0x08001858   0x08001858   0x00000044   Code   RO         2873    i.LCD_SelectLCD     STemWin532_CM0_Keil.lib(lcd_selectlcd.o)
    0x0800189c   0x0800189c   0x0000000c   Code   RO         1728    i.LCD_SetBkColor    STemWin532_CM0_Keil.lib(lcd.o)
    0x080018a8   0x080018a8   0x00000018   Code   RO         1729    i.LCD_SetBkColorIndex  STemWin532_CM0_Keil.lib(lcd.o)
    0x080018c0   0x080018c0   0x00000030   Code   RO         1859    i.LCD_SetClipRectEx  STemWin532_CM0_Keil.lib(lcd_setcliprectex.o)
    0x080018f0   0x080018f0   0x0000001c   Code   RO         1730    i.LCD_SetClipRectMax  STemWin532_CM0_Keil.lib(lcd.o)
    0x0800190c   0x0800190c   0x0000000c   Code   RO         1731    i.LCD_SetColor      STemWin532_CM0_Keil.lib(lcd.o)
    0x08001918   0x08001918   0x00000018   Code   RO         1732    i.LCD_SetColorIndex  STemWin532_CM0_Keil.lib(lcd.o)
    0x08001930   0x08001930   0x0000000c   Code   RO         1811    i.LCD_SetDisplaySize  STemWin532_CM0_Keil.lib(lcd_getex.o)
    0x0800193c   0x0800193c   0x0000000c   Code   RO         1733    i.LCD_SetDrawMode   STemWin532_CM0_Keil.lib(lcd.o)
    0x08001948   0x08001948   0x0000002e   Code   RO         1242    i.LCD_SetLUTEntryEx  STemWin532_CM0_Keil.lib(lcd_set.o)
    0x08001976   0x08001976   0x0000002e   Code   RO         1246    i.LCD_SetSizeEx     STemWin532_CM0_Keil.lib(lcd_set.o)
    0x080019a4   0x080019a4   0x0000002e   Code   RO         1250    i.LCD_SetVSizeEx    STemWin532_CM0_Keil.lib(lcd_set.o)
    0x080019d2   0x080019d2   0x00000002   PAD
    0x080019d4   0x080019d4   0x00000024   Code   RO         2366    i.LCD_UpdateColorIndices  STemWin532_CM0_Keil.lib(lcd_updatecolorindices.o)
    0x080019f8   0x080019f8   0x00000084   Code   RO          560    i.LCD_X_Config      lcdconf_flexcolor.o
    0x08001a7c   0x08001a7c   0x00000024   Code   RO          561    i.LCD_X_DisplayDriver  lcdconf_flexcolor.o
    0x08001aa0   0x08001aa0   0x000001c4   Code   RO         1734    i.LCD__DrawBitmap_1bpp  STemWin532_CM0_Keil.lib(lcd.o)
    0x08001c64   0x08001c64   0x0000005c   Code   RO         1812    i.LCD__GetBPP       STemWin532_CM0_Keil.lib(lcd_getex.o)
    0x08001cc0   0x08001cc0   0x00000032   Code   RO         1813    i.LCD__GetBPPDevice  STemWin532_CM0_Keil.lib(lcd_getex.o)
    0x08001cf2   0x08001cf2   0x0000000c   Code   RO          562    i.LcdReadDataMultiple  lcdconf_flexcolor.o
    0x08001cfe   0x08001cfe   0x00000002   PAD
    0x08001d00   0x08001d00   0x00000078   Code   RO          563    i.LcdWriteData      lcdconf_flexcolor.o
    0x08001d78   0x08001d78   0x0000001a   Code   RO          564    i.LcdWriteDataMultiple  lcdconf_flexcolor.o
    0x08001d92   0x08001d92   0x00000002   PAD
    0x08001d94   0x08001d94   0x00000074   Code   RO          565    i.LcdWriteReg       lcdconf_flexcolor.o
    0x08001e08   0x08001e08   0x00000010   Code   RO          494    i.OS_TimeMS_Inc     gui_x.o
    0x08001e18   0x08001e18   0x00000008   Code   RO         1042    i.SetSysClock       system_stm32f10x.o
    0x08001e20   0x08001e20   0x000000b8   Code   RO         1043    i.SetSysClockTo24   system_stm32f10x.o
    0x08001ed8   0x08001ed8   0x00000018   Code   RO          308    i.SysTick_Handler   delay.o
    0x08001ef0   0x08001ef0   0x00000064   Code   RO         1045    i.SystemInit        system_stm32f10x.o
    0x08001f54   0x08001f54   0x00000024   Code   RO            4    i.TIM2_IRQHandler   main.o
    0x08001f78   0x08001f78   0x00000010   Code   RO         1469    i.WM_Activate       STemWin532_CM0_Keil.lib(wm.o)
    0x08001f88   0x08001f88   0x00000078   Code   RO         2041    i.WM_BringToBottom  STemWin532_CM0_Keil.lib(wm_bringtobottom.o)
    0x08002000   0x08002000   0x00000144   Code   RO         1471    i.WM_CreateWindowAsChild  STemWin532_CM0_Keil.lib(wm.o)
    0x08002144   0x08002144   0x00000044   Code   RO         1473    i.WM_DefaultProc    STemWin532_CM0_Keil.lib(wm.o)
    0x08002188   0x08002188   0x00000018   Code   RO         1583    i.WM_GetDesktopWindow  STemWin532_CM0_Keil.lib(wm_getdesktopwindow.o)
    0x080021a0   0x080021a0   0x0000000e   Code   RO         2055    i.WM_GetFirstChild  STemWin532_CM0_Keil.lib(wm_getfirstchild.o)
    0x080021ae   0x080021ae   0x0000000e   Code   RO         2632    i.WM_GetParent      STemWin532_CM0_Keil.lib(wm_getparent.o)
    0x080021bc   0x080021bc   0x000000c0   Code   RO         1478    i.WM_Init           STemWin532_CM0_Keil.lib(wm.o)
    0x0800227c   0x0800227c   0x0000007c   Code   RO         1479    i.WM_InvalidateRect  STemWin532_CM0_Keil.lib(wm.o)
    0x080022f8   0x080022f8   0x0000000a   Code   RO         1480    i.WM_InvalidateWindow  STemWin532_CM0_Keil.lib(wm.o)
    0x08002302   0x08002302   0x0000005e   Code   RO         1481    i.WM_InvalidateWindowAndDescsEx  STemWin532_CM0_Keil.lib(wm.o)
    0x08002360   0x08002360   0x0000003c   Code   RO         1482    i.WM_SelectWindow   STemWin532_CM0_Keil.lib(wm.o)
    0x0800239c   0x0800239c   0x0000001a   Code   RO         2067    i.WM_SendToParent   STemWin532_CM0_Keil.lib(wm_sendtoparent.o)
    0x080023b6   0x080023b6   0x00000002   PAD
    0x080023b8   0x080023b8   0x00000048   Code   RO         1485    i.WM__ActivateClipRect  STemWin532_CM0_Keil.lib(wm.o)
    0x08002400   0x08002400   0x00000010   Code   RO         2043    i.WM__AddCriticalHandle  STemWin532_CM0_Keil.lib(wm_criticalhandle.o)
    0x08002410   0x08002410   0x00000014   Code   RO         1486    i.WM__Client2Screen  STemWin532_CM0_Keil.lib(wm.o)
    0x08002424   0x08002424   0x0000004e   Code   RO         1487    i.WM__ClipAtParentBorders  STemWin532_CM0_Keil.lib(wm.o)
    0x08002472   0x08002472   0x00000020   Code   RO         2049    i.WM__GetClientRectEx  STemWin532_CM0_Keil.lib(wm_getclientrect.o)
    0x08002492   0x08002492   0x00000018   Code   RO         1490    i.WM__GetClientRectWin  STemWin532_CM0_Keil.lib(wm.o)
    0x080024aa   0x080024aa   0x00000012   Code   RO         2981    i.WM__GetFirstSibling  STemWin532_CM0_Keil.lib(wm__getfirstsibling.o)
    0x080024bc   0x080024bc   0x00000040   Code   RO         1491    i.WM__GetNextIVR    STemWin532_CM0_Keil.lib(wm.o)
    0x080024fc   0x080024fc   0x00000024   Code   RO         2600    i.WM__GetPrevSibling  STemWin532_CM0_Keil.lib(wm__getprevsibling.o)
    0x08002520   0x08002520   0x00000016   Code   RO         1492    i.WM__GetTopLevelLayer  STemWin532_CM0_Keil.lib(wm.o)
    0x08002536   0x08002536   0x00000002   PAD
    0x08002538   0x08002538   0x000000fc   Code   RO         1493    i.WM__InitIVRSearch  STemWin532_CM0_Keil.lib(wm.o)
    0x08002634   0x08002634   0x000000a4   Code   RO         1494    i.WM__InsertWindowIntoList  STemWin532_CM0_Keil.lib(wm.o)
    0x080026d8   0x080026d8   0x0000000a   Code   RO         1495    i.WM__Invalidate1Abs  STemWin532_CM0_Keil.lib(wm.o)
    0x080026e2   0x080026e2   0x00000002   PAD
    0x080026e4   0x080026e4   0x00000054   Code   RO         1496    i.WM__InvalidateDrawAndDescs  STemWin532_CM0_Keil.lib(wm.o)
    0x08002738   0x08002738   0x00000078   Code   RO         1498    i.WM__InvalidateRect  STemWin532_CM0_Keil.lib(wm.o)
    0x080027b0   0x080027b0   0x0000000a   Code   RO         1499    i.WM__InvalidateRectEx  STemWin532_CM0_Keil.lib(wm.o)
    0x080027ba   0x080027ba   0x00000020   Code   RO         1504    i.WM__RectIsNZ      STemWin532_CM0_Keil.lib(wm.o)
    0x080027da   0x080027da   0x00000010   Code   RO         1506    i.WM__SelectTopLevelLayer  STemWin532_CM0_Keil.lib(wm.o)
    0x080027ea   0x080027ea   0x00000002   PAD
    0x080027ec   0x080027ec   0x0000003c   Code   RO         2038    i.WM__SendMessage   STemWin532_CM0_Keil.lib(wm__sendmessage.o)
    0x08002828   0x08002828   0x0000000e   Code   RO         1507    i.WM__SendMsgNoData  STemWin532_CM0_Keil.lib(wm.o)
    0x08002836   0x08002836   0x00000002   PAD
    0x08002838   0x08002838   0x00000098   Code   RO         1110    i._AddFreeMemory    STemWin532_CM0_Keil.lib(gui_alloc.o)
    0x080028d0   0x080028d0   0x000000b8   Code   RO         1111    i._Alloc            STemWin532_CM0_Keil.lib(gui_alloc.o)
    0x08002988   0x08002988   0x00000004   Code   RO         1698    i._CalcSizeOfChar   STemWin532_CM0_Keil.lib(gui_uc_encodenone.o)
    0x0800298c   0x0800298c   0x00000034   Code   RO         1218    i._Color2IndexBulk  STemWin532_CM0_Keil.lib(guicc_565.o)
    0x080029c0   0x080029c0   0x00000050   Code   RO         2345    i._Color2Index_0    STemWin532_CM0_Keil.lib(guicc_0.o)
    0x08002a10   0x08002a10   0x00000028   Code   RO         1219    i._Color2Index_565  STemWin532_CM0_Keil.lib(guicc_565.o)
    0x08002a38   0x08002a38   0x00000032   Code   RO         2550    i._Convert16        STemWin532_CM0_Keil.lib(guidev_writetoactiveopaque.o)
    0x08002a6a   0x08002a6a   0x00000032   Code   RO         2551    i._Convert8         STemWin532_CM0_Keil.lib(guidev_writetoactiveopaque.o)
    0x08002a9c   0x08002a9c   0x00000020   Code   RO         1509    i._DesktopHandle2Index  STemWin532_CM0_Keil.lib(wm.o)
    0x08002abc   0x08002abc   0x00000150   Code   RO         1390    i._DrawBitLine1BPP  STemWin532_CM0_Keil.lib(guidrv_flexcolor_16bpp_c0b16.o)
    0x08002c0c   0x08002c0c   0x00000158   Code   RO         1881    i._DrawBitLine1BPP  STemWin532_CM0_Keil.lib(guidev_16.o)
    0x08002d64   0x08002d64   0x0000012c   Code   RO         1391    i._DrawBitLine2BPP  STemWin532_CM0_Keil.lib(guidrv_flexcolor_16bpp_c0b16.o)
    0x08002e90   0x08002e90   0x000000e4   Code   RO         1882    i._DrawBitLine2BPP  STemWin532_CM0_Keil.lib(guidev_16.o)
    0x08002f74   0x08002f74   0x0000012c   Code   RO         1392    i._DrawBitLine4BPP  STemWin532_CM0_Keil.lib(guidrv_flexcolor_16bpp_c0b16.o)
    0x080030a0   0x080030a0   0x00000158   Code   RO         1883    i._DrawBitLine4BPP  STemWin532_CM0_Keil.lib(guidev_16.o)
    0x080031f8   0x080031f8   0x000000e4   Code   RO         1393    i._DrawBitLine8BPP  STemWin532_CM0_Keil.lib(guidrv_flexcolor_16bpp_c0b16.o)
    0x080032dc   0x080032dc   0x00000024   Code   RO         1293    i._DrawBitmap       STemWin532_CM0_Keil.lib(guidrv_flexcolor.o)
    0x08003300   0x08003300   0x000000f0   Code   RO         1394    i._DrawBitmap       STemWin532_CM0_Keil.lib(guidrv_flexcolor_16bpp_c0b16.o)
    0x080033f0   0x080033f0   0x000002e4   Code   RO         1884    i._DrawBitmap       STemWin532_CM0_Keil.lib(guidev_16.o)
    0x080036d4   0x080036d4   0x0000000e   Code   RO         1294    i._DrawHLine        STemWin532_CM0_Keil.lib(guidrv_flexcolor.o)
    0x080036e2   0x080036e2   0x0000000a   Code   RO         1885    i._DrawHLine        STemWin532_CM0_Keil.lib(guidev_16.o)
    0x080036ec   0x080036ec   0x00000010   Code   RO         1295    i._DrawVLine        STemWin532_CM0_Keil.lib(guidrv_flexcolor.o)
    0x080036fc   0x080036fc   0x000000b8   Code   RO         1886    i._DrawVLine        STemWin532_CM0_Keil.lib(guidev_16.o)
    0x080037b4   0x080037b4   0x00000006   Code   RO         1699    i._Encode           STemWin532_CM0_Keil.lib(gui_uc_encodenone.o)
    0x080037ba   0x080037ba   0x00000002   PAD
    0x080037bc   0x080037bc   0x00000090   Code   RO         1112    i._EnlargeBlocks    STemWin532_CM0_Keil.lib(gui_alloc.o)
    0x0800384c   0x0800384c   0x00000010   Code   RO         1296    i._FillRect         STemWin532_CM0_Keil.lib(guidrv_flexcolor.o)
    0x0800385c   0x0800385c   0x000000fc   Code   RO         1395    i._FillRect         STemWin532_CM0_Keil.lib(guidrv_flexcolor_16bpp_c0b16.o)
    0x08003958   0x08003958   0x000000a4   Code   RO         1887    i._FillRect         STemWin532_CM0_Keil.lib(guidev_16.o)
    0x080039fc   0x080039fc   0x00000144   Code   RO         1512    i._FindNext_IVR     STemWin532_CM0_Keil.lib(wm.o)
    0x08003b40   0x08003b40   0x00000080   Code   RO         1513    i._Findx0           STemWin532_CM0_Keil.lib(wm.o)
    0x08003bc0   0x08003bc0   0x00000074   Code   RO         1514    i._Findx1           STemWin532_CM0_Keil.lib(wm.o)
    0x08003c34   0x08003c34   0x000000ae   Code   RO         1515    i._Findy1           STemWin532_CM0_Keil.lib(wm.o)
    0x08003ce2   0x08003ce2   0x00000004   Code   RO         1700    i._GetCharCode      STemWin532_CM0_Keil.lib(gui_uc_encodenone.o)
    0x08003ce6   0x08003ce6   0x00000004   Code   RO         1701    i._GetCharSize      STemWin532_CM0_Keil.lib(gui_uc_encodenone.o)
    0x08003cea   0x08003cea   0x0000000e   Code   RO         1297    i._GetDevData       STemWin532_CM0_Keil.lib(guidrv_flexcolor.o)
    0x08003cf8   0x08003cf8   0x00000010   Code   RO         1888    i._GetDevData       STemWin532_CM0_Keil.lib(guidev_16.o)
    0x08003d08   0x08003d08   0x00000070   Code   RO         1298    i._GetDevFunc       STemWin532_CM0_Keil.lib(guidrv_flexcolor.o)
    0x08003d78   0x08003d78   0x00000010   Code   RO         1889    i._GetDevFunc       STemWin532_CM0_Keil.lib(guidev_16.o)
    0x08003d88   0x08003d88   0x0000004e   Code   RO         1299    i._GetDevFunc_Init  STemWin532_CM0_Keil.lib(guidrv_flexcolor.o)
    0x08003dd6   0x08003dd6   0x00000002   Code   RO         1300    i._GetDevFunc_SetRect  STemWin532_CM0_Keil.lib(guidrv_flexcolor.o)
    0x08003dd8   0x08003dd8   0x00000040   Code   RO         1301    i._GetDevFunc_SetRectOutside  STemWin532_CM0_Keil.lib(guidrv_flexcolor.o)
    0x08003e18   0x08003e18   0x00000012   Code   RO         1302    i._GetDevFunc_SetSize  STemWin532_CM0_Keil.lib(guidrv_flexcolor.o)
    0x08003e2a   0x08003e2a   0x00000014   Code   RO         1303    i._GetDevFunc_SetVSize  STemWin532_CM0_Keil.lib(guidrv_flexcolor.o)
    0x08003e3e   0x08003e3e   0x00000060   Code   RO         1304    i._GetDevProp       STemWin532_CM0_Keil.lib(guidrv_flexcolor.o)
    0x08003e9e   0x08003e9e   0x00000020   Code   RO         1814    i._GetDevProp       STemWin532_CM0_Keil.lib(lcd_getex.o)
    0x08003ebe   0x08003ebe   0x00000012   Code   RO         1890    i._GetDevProp       STemWin532_CM0_Keil.lib(guidev_16.o)
    0x08003ed0   0x08003ed0   0x00000052   Code   RO         2346    i._GetIndexMask_0   STemWin532_CM0_Keil.lib(guicc_0.o)
    0x08003f22   0x08003f22   0x00000002   PAD
    0x08003f24   0x08003f24   0x00000008   Code   RO         1220    i._GetIndexMask_565  STemWin532_CM0_Keil.lib(guicc_565.o)
    0x08003f2c   0x08003f2c   0x0000001e   Code   RO         1815    i._GetMaxValue      STemWin532_CM0_Keil.lib(lcd_getex.o)
    0x08003f4a   0x08003f4a   0x00000002   PAD
    0x08003f4c   0x08003f4c   0x0000001c   Code   RO         1113    i._GetMinIndex      STemWin532_CM0_Keil.lib(gui_alloc.o)
    0x08003f68   0x08003f68   0x00000008   Code   RO         1305    i._GetPixelIndex    STemWin532_CM0_Keil.lib(guidrv_flexcolor.o)
    0x08003f70   0x08003f70   0x0000000e   Code   RO         1891    i._GetPixelIndex    STemWin532_CM0_Keil.lib(guidev_16.o)
    0x08003f7e   0x08003f7e   0x00000016   Code   RO         1306    i._GetRect          STemWin532_CM0_Keil.lib(guidrv_flexcolor.o)
    0x08003f94   0x08003f94   0x00000030   Code   RO         1892    i._GetRect          STemWin532_CM0_Keil.lib(guidev_16.o)
    0x08003fc4   0x08003fc4   0x00000010   Code   RO         1629    i._GotoX            STemWin532_CM0_Keil.lib(gui_goto.o)
    0x08003fd4   0x08003fd4   0x00000010   Code   RO         1630    i._GotoY            STemWin532_CM0_Keil.lib(gui_goto.o)
    0x08003fe4   0x08003fe4   0x00000048   Code   RO         1221    i._Index2ColorBulk  STemWin532_CM0_Keil.lib(guicc_565.o)
    0x0800402c   0x0800402c   0x00000020   Code   RO         2347    i._Index2Color_0    STemWin532_CM0_Keil.lib(guicc_0.o)
    0x0800404c   0x0800404c   0x00000074   Code   RO         1170    i._InitContext      STemWin532_CM0_Keil.lib(gui_core.o)
    0x080040c0   0x080040c0   0x000000a8   Code   RO         1114    i._InitOnce         STemWin532_CM0_Keil.lib(gui_alloc.o)
    0x08004168   0x08004168   0x00000084   Code   RO         1516    i._Invalidate1Abs   STemWin532_CM0_Keil.lib(wm.o)
    0x080041ec   0x080041ec   0x00000004   Code   RO         1307    i._Log2PhysX_X0Y0S0  STemWin532_CM0_Keil.lib(guidrv_flexcolor.o)
    0x080041f0   0x080041f0   0x00000004   Code   RO         1308    i._Log2PhysX_X0Y0S1  STemWin532_CM0_Keil.lib(guidrv_flexcolor.o)
    0x080041f4   0x080041f4   0x00000004   Code   RO         1309    i._Log2PhysX_X0Y1S0  STemWin532_CM0_Keil.lib(guidrv_flexcolor.o)
    0x080041f8   0x080041f8   0x00000004   Code   RO         1310    i._Log2PhysX_X0Y1S1  STemWin532_CM0_Keil.lib(guidrv_flexcolor.o)
    0x080041fc   0x080041fc   0x00000008   Code   RO         1311    i._Log2PhysX_X1Y0S0  STemWin532_CM0_Keil.lib(guidrv_flexcolor.o)
    0x08004204   0x08004204   0x00000008   Code   RO         1312    i._Log2PhysX_X1Y0S1  STemWin532_CM0_Keil.lib(guidrv_flexcolor.o)
    0x0800420c   0x0800420c   0x00000008   Code   RO         1313    i._Log2PhysX_X1Y1S0  STemWin532_CM0_Keil.lib(guidrv_flexcolor.o)
    0x08004214   0x08004214   0x00000008   Code   RO         1314    i._Log2PhysX_X1Y1S1  STemWin532_CM0_Keil.lib(guidrv_flexcolor.o)
    0x0800421c   0x0800421c   0x00000004   Code   RO         1315    i._Log2PhysY_X0Y0S0  STemWin532_CM0_Keil.lib(guidrv_flexcolor.o)
    0x08004220   0x08004220   0x00000004   Code   RO         1316    i._Log2PhysY_X0Y0S1  STemWin532_CM0_Keil.lib(guidrv_flexcolor.o)
    0x08004224   0x08004224   0x00000008   Code   RO         1317    i._Log2PhysY_X0Y1S0  STemWin532_CM0_Keil.lib(guidrv_flexcolor.o)
    0x0800422c   0x0800422c   0x00000008   Code   RO         1318    i._Log2PhysY_X0Y1S1  STemWin532_CM0_Keil.lib(guidrv_flexcolor.o)
    0x08004234   0x08004234   0x00000004   Code   RO         1319    i._Log2PhysY_X1Y0S0  STemWin532_CM0_Keil.lib(guidrv_flexcolor.o)
    0x08004238   0x08004238   0x00000004   Code   RO         1320    i._Log2PhysY_X1Y0S1  STemWin532_CM0_Keil.lib(guidrv_flexcolor.o)
    0x0800423c   0x0800423c   0x00000008   Code   RO         1321    i._Log2PhysY_X1Y1S0  STemWin532_CM0_Keil.lib(guidrv_flexcolor.o)
    0x08004244   0x08004244   0x00000008   Code   RO         1322    i._Log2PhysY_X1Y1S1  STemWin532_CM0_Keil.lib(guidrv_flexcolor.o)
    0x0800424c   0x0800424c   0x00000030   Code   RO         1115    i._OnExit           STemWin532_CM0_Keil.lib(gui_alloc.o)
    0x0800427c   0x0800427c   0x00000028   Code   RO         1171    i._OnExit           STemWin532_CM0_Keil.lib(gui_core.o)
    0x080042a4   0x080042a4   0x00000030   Code   RO         1517    i._OnExit           STemWin532_CM0_Keil.lib(wm.o)
    0x080042d4   0x080042d4   0x00000014   Code   RO         1765    i._OnExit           STemWin532_CM0_Keil.lib(lcd_color.o)
    0x080042e8   0x080042e8   0x00000040   Code   RO         1116    i._PopFreeBlock     STemWin532_CM0_Keil.lib(gui_alloc.o)
    0x08004328   0x08004328   0x00000024   Code   RO         1117    i._PushFreeBlock    STemWin532_CM0_Keil.lib(gui_alloc.o)
    0x0800434c   0x0800434c   0x00000006   Code   RO         1396    i._ReadData         STemWin532_CM0_Keil.lib(guidrv_flexcolor_16bpp_c0b16.o)
    0x08004352   0x08004352   0x0000000c   Code   RO         1323    i._ReadPixelCust_16bpp  STemWin532_CM0_Keil.lib(guidrv_flexcolor.o)
    0x0800435e   0x0800435e   0x0000000c   Code   RO         1324    i._ReadPixelCust_18bpp  STemWin532_CM0_Keil.lib(guidrv_flexcolor.o)
    0x0800436a   0x0800436a   0x0000001c   Code   RO         1408    i._ReadPixel_16bpp_B16  STemWin532_CM0_Keil.lib(guidrv_flexcolor_func66708.o)
    0x08004386   0x08004386   0x00000024   Code   RO         1409    i._ReadPixel_16bpp_B8  STemWin532_CM0_Keil.lib(guidrv_flexcolor_func66708.o)
    0x080043aa   0x080043aa   0x0000002a   Code   RO         1325    i._ReadRectCust_16bpp  STemWin532_CM0_Keil.lib(guidrv_flexcolor.o)
    0x080043d4   0x080043d4   0x0000002a   Code   RO         1326    i._ReadRectCust_18bpp  STemWin532_CM0_Keil.lib(guidrv_flexcolor.o)
    0x080043fe   0x080043fe   0x00000002   PAD
    0x08004400   0x08004400   0x00000038   Code   RO         1118    i._RemoveFreeBlock  STemWin532_CM0_Keil.lib(gui_alloc.o)
    0x08004438   0x08004438   0x00000098   Code   RO         1119    i._RemoveHoles      STemWin532_CM0_Keil.lib(gui_alloc.o)
    0x080044d0   0x080044d0   0x0000001c   Code   RO         1735    i._SetBkColor       STemWin532_CM0_Keil.lib(lcd.o)
    0x080044ec   0x080044ec   0x00000050   Code   RO         1521    i._SetClipRectUserIntersect  STemWin532_CM0_Keil.lib(wm.o)
    0x0800453c   0x0800453c   0x0000001c   Code   RO         1736    i._SetColor         STemWin532_CM0_Keil.lib(lcd.o)
    0x08004558   0x08004558   0x00000080   Code   RO         1327    i._SetDevFunc       STemWin532_CM0_Keil.lib(guidrv_flexcolor.o)
    0x080045d8   0x080045d8   0x0000002c   Code   RO         1737    i._SetDrawMode      STemWin532_CM0_Keil.lib(lcd.o)
    0x08004604   0x08004604   0x0000002c   Code   RO         1410    i._SetInterface     STemWin532_CM0_Keil.lib(guidrv_flexcolor_func66708.o)
    0x08004630   0x08004630   0x00000012   Code   RO         1328    i._SetOrg           STemWin532_CM0_Keil.lib(guidrv_flexcolor.o)
    0x08004642   0x08004642   0x0000000e   Code   RO         1893    i._SetOrg           STemWin532_CM0_Keil.lib(guidev_16.o)
    0x08004650   0x08004650   0x00000038   Code   RO         1411    i._SetOrientation   STemWin532_CM0_Keil.lib(guidrv_flexcolor_func66708.o)
    0x08004688   0x08004688   0x000000b4   Code   RO         1412    i._SetPhysRAMAddr   STemWin532_CM0_Keil.lib(guidrv_flexcolor_func66708.o)
    0x0800473c   0x0800473c   0x0000000e   Code   RO         1329    i._SetPixelIndex    STemWin532_CM0_Keil.lib(guidrv_flexcolor.o)
    0x0800474a   0x0800474a   0x00000002   PAD
    0x0800474c   0x0800474c   0x00000048   Code   RO         1894    i._SetPixelIndex    STemWin532_CM0_Keil.lib(guidev_16.o)
    0x08004794   0x08004794   0x0000018e   Code   RO         1413    i._SetRect          STemWin532_CM0_Keil.lib(guidrv_flexcolor_func66708.o)
    0x08004922   0x08004922   0x0000000a   Code   RO         1414    i._SetReg_B16       STemWin532_CM0_Keil.lib(guidrv_flexcolor_func66708.o)
    0x0800492c   0x0800492c   0x00000018   Code   RO         1415    i._SetReg_B8        STemWin532_CM0_Keil.lib(guidrv_flexcolor_func66708.o)
    0x08004944   0x08004944   0x0000010e   Code   RO         1120    i._TestRAM          STemWin532_CM0_Keil.lib(gui_alloc.o)
    0x08004a52   0x08004a52   0x0000000c   Code   RO         1397    i._WriteData        STemWin532_CM0_Keil.lib(guidrv_flexcolor_16bpp_c0b16.o)
    0x08004a5e   0x08004a5e   0x0000000a   Code   RO         1416    i._WritePara_B16    STemWin532_CM0_Keil.lib(guidrv_flexcolor_func66708.o)
    0x08004a68   0x08004a68   0x00000018   Code   RO         1417    i._WritePara_B8     STemWin532_CM0_Keil.lib(guidrv_flexcolor_func66708.o)
    0x08004a80   0x08004a80   0x0000000e   Code   RO         1121    i._WriteTagData     STemWin532_CM0_Keil.lib(gui_alloc.o)
    0x08004a8e   0x08004a8e   0x00000002   PAD
    0x08004a90   0x08004a90   0x00000378   Code   RO         2552    i._WriteToActiveOpaque_8  STemWin532_CM0_Keil.lib(guidev_writetoactiveopaque.o)
    0x08004e08   0x08004e08   0x00000364   Code   RO         2553    i._WriteToActiveOpaque_HT  STemWin532_CM0_Keil.lib(guidev_writetoactiveopaque.o)
    0x0800516c   0x0800516c   0x0000003c   Code   RO         1895    i._XY2PTR           STemWin532_CM0_Keil.lib(guidev_16.o)
    0x080051a8   0x080051a8   0x00000020   Code   RO         1330    i._XorPixel         STemWin532_CM0_Keil.lib(guidrv_flexcolor.o)
    0x080051c8   0x080051c8   0x00000058   Code   RO         1896    i._XorPixel         STemWin532_CM0_Keil.lib(guidev_16.o)
    0x08005220   0x08005220   0x0000001a   Code   RO         1387    i.__ARM_common_switch8  STemWin532_CM0_Keil.lib(guidrv_flexcolor.o)
    0x0800523a   0x0800523a   0x00000002   PAD
    0x0800523c   0x0800523c   0x0000004c   Code   RO         1522    i._cbBackWin        STemWin532_CM0_Keil.lib(wm.o)
    0x08005288   0x08005288   0x00000026   Code   RO          415    i.display_rgb       displ.o
    0x080052ae   0x080052ae   0x00000002   PAD
    0x080052b0   0x080052b0   0x00000094   Code   RO         1738    i.emWin_LCD_Init    STemWin532_CM0_Keil.lib(lcd.o)
    0x08005344   0x08005344   0x00000050   Code   RO          309    i.initDelay         delay.o
    0x08005394   0x08005394   0x0000026c   Code   RO          416    i.init_TFT          displ.o
    0x08005600   0x08005600   0x00000074   Code   RO          418    i.lcdWriteCommand   displ.o
    0x08005674   0x08005674   0x0000003a   Code   RO            5    i.main              main.o
    0x080056ae   0x080056ae   0x00000002   PAD
    0x080056b0   0x080056b0   0x000000b8   Code   RO          232    i.portInit          funct.o
    0x08005768   0x08005768   0x00000040   Code   RO          234    i.timerInit         funct.o
    0x080057a8   0x080057a8   0x00000078   Code   RO          421    i.write_data        displ.o
    0x08005820   0x08005820   0x0000000c   Code   RO         3127    x$udivmod           c_w.l(aeabi_sdiv.o)
    0x0800582c   0x0800582c   0x00000008   Data   RO         1173    .constdata          STemWin532_CM0_Keil.lib(gui_core.o)
    0x08005834   0x08005834   0x00000018   Data   RO         1222    .constdata          STemWin532_CM0_Keil.lib(guicc_565.o)
    0x0800584c   0x0800584c   0x00000034   Data   RO         1331    .constdata          STemWin532_CM0_Keil.lib(guidrv_flexcolor.o)
    0x08005880   0x08005880   0x00000040   Data   RO         1332    .constdata          STemWin532_CM0_Keil.lib(guidrv_flexcolor.o)
    0x080058c0   0x080058c0   0x00000518   Data   RO         1429    .constdata          STemWin532_CM0_Keil.lib(f6x8.o)
    0x08005dd8   0x08005dd8   0x000001c0   Data   RO         1430    .constdata          STemWin532_CM0_Keil.lib(f6x8.o)
    0x08005f98   0x08005f98   0x00000008   Data   RO         1431    .constdata          STemWin532_CM0_Keil.lib(f6x8.o)
    0x08005fa0   0x08005fa0   0x00000014   Data   RO         1432    .constdata          STemWin532_CM0_Keil.lib(f6x8.o)
    0x08005fb4   0x08005fb4   0x00000024   Data   RO         1433    .constdata          STemWin532_CM0_Keil.lib(f6x8.o)
    0x08005fd8   0x08005fd8   0x00000020   Data   RO         1587    .constdata          STemWin532_CM0_Keil.lib(gui__divtbl_31_255.o)
    0x08005ff8   0x08005ff8   0x00000040   Data   RO         1588    .constdata          STemWin532_CM0_Keil.lib(gui__divtbl_63_255.o)
    0x08006038   0x08006038   0x00000100   Data   RO         1589    .constdata          STemWin532_CM0_Keil.lib(gui__divtbl_255_31.o)
    0x08006138   0x08006138   0x00000100   Data   RO         1590    .constdata          STemWin532_CM0_Keil.lib(gui__divtbl_255_63.o)
    0x08006238   0x08006238   0x00000010   Data   RO         1702    .constdata          STemWin532_CM0_Keil.lib(gui_uc_encodenone.o)
    0x08006248   0x08006248   0x0000000c   Data   RO         1739    .constdata          STemWin532_CM0_Keil.lib(lcd.o)
    0x08006254   0x08006254   0x00000074   Data   RO         1897    .constdata          STemWin532_CM0_Keil.lib(guidev_16.o)
    0x080062c8   0x080062c8   0x00000018   Data   RO         2348    .constdata          STemWin532_CM0_Keil.lib(guicc_0.o)
    0x080062e0   0x080062e0   0x00000100   Data   RO         2365    .constdata          STemWin532_CM0_Keil.lib(lcd_mirror.o)
    0x080063e0   0x080063e0   0x00000008   Data   RO         2554    .constdata          STemWin532_CM0_Keil.lib(guidev_writetoactiveopaque.o)
    0x080063e8   0x080063e8   0x00000020   Data   RO         3324    Region$$Table       anon$$obj.o


    Execution Region ER_RW (Exec base: 0x20000000, Load base: 0x08006408, Size: 0x00000100, Max: 0xffffffff, ABSOLUTE)

    Exec Addr    Load Addr    Size         Type   Attr      Idx    E Section Name        Object

    0x20000000   0x08006408   0x00000004   Data   RW          311    .data               delay.o
    0x20000004   0x0800640c   0x00000004   Data   RW          495    .data               gui_x.o
    0x20000008   0x08006410   0x00000008   Data   RW         1123    .data               STemWin532_CM0_Keil.lib(gui_alloc.o)
    0x20000010   0x08006418   0x0000002c   Data   RW         1174    .data               STemWin532_CM0_Keil.lib(gui_core.o)
    0x2000003c   0x08006444   0x00000004   Data   RW         1184    .data               STemWin532_CM0_Keil.lib(gui_core.o)
    0x20000040   0x08006448   0x00000002   Data   RW         1185    .data               STemWin532_CM0_Keil.lib(gui_core.o)
    0x20000042   0x0800644a   0x00000002   Data   RW         1186    .data               STemWin532_CM0_Keil.lib(gui_core.o)
    0x20000044   0x0800644c   0x0000001c   Data   RW         1333    .data               STemWin532_CM0_Keil.lib(guidrv_flexcolor.o)
    0x20000060   0x08006468   0x00000064   Data   RW         1526    .data               STemWin532_CM0_Keil.lib(wm.o)
    0x200000c4   0x080064cc   0x00000010   Data   RW         1651    .data               STemWin532_CM0_Keil.lib(gui_onkey.o)
    0x200000d4   0x080064dc   0x0000000c   Data   RW         1714    .data               STemWin532_CM0_Keil.lib(gui_waitevent.o)
    0x200000e0   0x080064e8   0x00000004   Data   RW         1740    .data               STemWin532_CM0_Keil.lib(lcd.o)
    0x200000e4   0x080064ec   0x00000010   Data   RW         1766    .data               STemWin532_CM0_Keil.lib(lcd_color.o)
    0x200000f4   0x080064fc   0x00000008   Data   RW         1816    .data               STemWin532_CM0_Keil.lib(lcd_getex.o)
    0x200000fc   0x08006504   0x00000004   Data   RW         2039    .data               STemWin532_CM0_Keil.lib(wm__sendmessage.o)


    Execution Region ER_ZI (Exec base: 0x20000100, Load base: 0x08006508, Size: 0x00200858, Max: 0xffffffff, ABSOLUTE)

    Exec Addr    Load Addr    Size         Type   Attr      Idx    E Section Name        Object

    0x20000100        -       0x00200000   Zero   RW          545    .bss                guiconf.o
    0x20200100        -       0x000000cc   Zero   RW         1122    .bss                STemWin532_CM0_Keil.lib(gui_alloc.o)
    0x202001cc        -       0x00000070   Zero   RW         1172    .bss                STemWin532_CM0_Keil.lib(gui_core.o)
    0x2020023c        -       0x00000018   Zero   RW         1524    .bss                STemWin532_CM0_Keil.lib(wm.o)
    0x20200254        -       0x00000058   Zero   RW         1650    .bss                STemWin532_CM0_Keil.lib(gui_onkey.o)
    0x202002ac        -       0x00000048   Zero   RW         2104    .bss                STemWin532_CM0_Keil.lib(wm_touch.o)
    0x202002f4        -       0x00000060   Zero   RW         3198    .bss                c_w.l(libspace.o)
    0x20200354   0x08006508   0x00000004   PAD
    0x20200358        -       0x00000200   Zero   RW         1033    HEAP                startup_stm32f10x_hd_vl.o
    0x20200558        -       0x00000400   Zero   RW         1032    STACK               startup_stm32f10x_hd_vl.o


==============================================================================

Image component sizes


      Code (inc. data)   RO Data    RW Data    ZI Data      Debug   Object Name

       152         24          0          4          0      26798   delay.o
       968         22          0          0          0       2643   displ.o
       248         34          0          0          0        815   funct.o
        20          4          0          4          0       1306   gui_x.o
        28          8          0          0    2097152        455   guiconf.o
       442         52          0          0          0       5940   lcdconf_flexcolor.o
        94          0          0          0          0     259345   main.o
        64         26        308          0       1536        796   startup_stm32f10x_hd_vl.o
       292         24          0          0          0       1865   system_stm32f10x.o

    ----------------------------------------------------------------------
      2316        194        340          8    2098688     299963   Object Totals
         0          0         32          0          0          0   (incl. Generated)
         8          0          0          0          0          0   (incl. Padding)

    ----------------------------------------------------------------------

      Code (inc. data)   RO Data    RW Data    ZI Data      Debug   Library Member Name

         0          0       1816          0          0          0   f6x8.o
       278          0          0          0          0         68   gui__compactpixelindices.o
         0          0        256          0          0          0   gui__divtbl_255_31.o
         0          0        256          0          0          0   gui__divtbl_255_63.o
         0          0         32          0          0          0   gui__divtbl_31_255.o
         0          0         64          0          0          0   gui__divtbl_63_255.o
        58          0          0          0          0         60   gui__intersectrect.o
        82          0          0          0          0         72   gui__intersectrects.o
        76          4          0          0          0         68   gui__memset.o
        58          0          0          0          0         68   gui__memset16.o
      1704         96          0          8        204       1376   gui_alloc.o
        36          0          0          0          0         72   gui_alloc_alloczero.o
        60          0          0          0          0         68   gui_calccolordist.o
       408         10          0          0          0        260   gui_charm.o
       464         82          8         52        112        548   gui_core.o
       356         24          0          0          0        408   gui_device.o
        52         12          0          0          0        192   gui_goto.o
        90          0          0          0          0         68   gui_mergerect.o
        30          0          0          0          0         60   gui_moverect.o
        24          6          0         16         88         68   gui_onkey.o
        56          0          0          0          0         60   gui_rectsintersect.o
        48          8          0          0          0         72   gui_selectlayer.o
        16          0          0          0          0         68   gui_selectlcd.o
         8          0          0          0          0         68   gui_setcolor.o
        56         18          0          0          0         72   gui_setorg.o
        18          0         16          0          0        240   gui_uc_encodenone.o
        16          4          0         12          0         60   gui_waitevent.o
       194          4         24          0          0        216   guicc_0.o
       216         40         24          0          0        348   guicc_565.o
       102          4          0          0          0        144   guidev.o
      2360         62        116          0          0       1156   guidev_16.o
        26          0          0          0          0         72   guidev_getdataptr.o
        70          0          0          0          0        152   guidev_usage.o
      1920         18          8          0          0        404   guidev_writetoactiveopaque.o
      1506         74        116         28          0       3008   guidrv_flexcolor.o
      1762         60          0          0          0        688   guidrv_flexcolor_16bpp_c0b16.o
       886         50          0          0          0        760   guidrv_flexcolor_func66708.o
      1680        116         12          4          0       1172   lcd.o
       280         32          0         16          0        356   lcd_color.o
       392         42          0          8          0       1108   lcd_getex.o
        28          0          0          0          0         72   lcd_getnumdisplays.o
         0          0        256          0          0          0   lcd_mirror.o
        68          8          0          0          0         68   lcd_selectlcd.o
       138          0          0          0          0        228   lcd_set.o
        48         10          0          0          0         72   lcd_setcliprectex.o
        36          6          0          0          0         68   lcd_updatecolorindices.o
      2980        166          0        100         24       2284   wm.o
        18          0          0          0          0         68   wm__getfirstsibling.o
        36          0          0          0          0         72   wm__getprevsibling.o
        60          6          0          4          0         72   wm__sendmessage.o
       120          0          0          0          0         80   wm_bringtobottom.o
        16          6          0          0          0         60   wm_criticalhandle.o
        32          0          0          0          0         72   wm_getclientrect.o
        24         10          0          0          0         60   wm_getdesktopwindow.o
        14          0          0          0          0         68   wm_getfirstchild.o
        14          0          0          0          0         68   wm_getparent.o
        26          0          0          0          0         72   wm_sendtoparent.o
         0          0          0          0         72          0   wm_touch.o
         8          0          0          0          0         68   __main.o
         0          0          0          0          0          0   __rtentry.o
        12          0          0          0          0          0   __rtentry2.o
         6          0          0          0          0          0   __rtentry4.o
        52          8          0          0          0          0   __scatter.o
        26          0          0          0          0          0   __scatter_copy.o
        28          0          0          0          0          0   __scatter_zi.o
        12          0          0          0          0         68   aeabi_sdiv.o
        18          0          0          0          0         80   exit.o
         6          0          0          0          0        152   heapauxi.o
         0          0          0          0          0          0   indicate_semi.o
         2          0          0          0          0          0   libinit.o
         2          0          0          0          0          0   libinit2.o
         2          0          0          0          0          0   libshutdown.o
         2          0          0          0          0          0   libshutdown2.o
         8          4          0          0         96         68   libspace.o
        78          0          0          0          0         80   rt_memclr_w.o
       138          0          0          0          0         68   rt_memcpy_v6.o
       100          0          0          0          0         80   rt_memcpy_w.o
       132          0          0          0          0         68   rt_memmove_v6.o
       122          0          0          0          0         80   rt_memmove_w.o
         2          0          0          0          0          0   rtexit.o
        10          0          0          0          0          0   rtexit2.o
        12          4          0          0          0         68   sys_exit.o
        74          0          0          0          0         80   sys_stackheap_outer.o
         2          0          0          0          0         68   use_no_semi.o

    ----------------------------------------------------------------------
     19948        994       3004        248        600      18192   Library Totals
        48          0          0          0          4          0   (incl. Padding)

    ----------------------------------------------------------------------

      Code (inc. data)   RO Data    RW Data    ZI Data      Debug   Library Name

     19046        978       3004        248        500      17164   STemWin532_CM0_Keil.lib
       854         16          0          0         96       1028   c_w.l

    ----------------------------------------------------------------------
     19948        994       3004        248        600      18192   Library Totals

    ----------------------------------------------------------------------

==============================================================================


      Code (inc. data)   RO Data    RW Data    ZI Data      Debug   

     22264       1188       3344        256    2099288     305891   Grand Totals
     22264       1188       3344        256    2099288     305891   ELF Image Totals
     22264       1188       3344        256          0          0   ROM Totals

==============================================================================

    Total RO  Size (Code + RO Data)                25608 (  25.01kB)
    Total RW  Size (RW Data + ZI Data)           2099544 (2050.34kB)
    Total ROM Size (Code + RO Data + RW Data)      25864 (  25.26kB)

==============================================================================

