Component: ARM Compiler 5.06 update 5 (build 528) Tool: armlink [4d35e2]

==============================================================================

Section Cross References

    main.o(i.main) refers to funct.o(i.portInit) for portInit
    main.o(i.main) refers to delay.o(i.initDelay) for initDelay
    main.o(i.main) refers to displ.o(i.init_TFT) for init_TFT
    main.o(i.main) refers to displ.o(i.display_rgb) for display_rgb
    main.o(i.main) refers to displ.o(i.write_String) for write_String
    main.o(i.main) refers to displ.o(i.getArea) for getArea
    main.o(i.main) refers to displ.o(i.drawRect) for drawRect
    main.o(i.main) refers to delay.o(i.Delay_ms) for Delay_ms
    main.o(i.main) refers to displ.o(i.setArea) for setArea
    funct.o(i.micros) refers to funct.o(.data) for msTime
    funct.o(i.millis) refers to funct.o(.data) for msTime
    delay.o(i.Delay_mks) refers to delay.o(i.IWDG_Feed) for IWDG_Feed
    delay.o(i.Delay_mks) refers to delay.o(.data) for TimingDelay
    delay.o(i.Delay_ms) refers to delay.o(i.IWDG_Feed) for IWDG_Feed
    delay.o(i.Delay_ms) refers to delay.o(.data) for TimingDelay
    delay.o(i.SysTick_Handler) refers to delay.o(.data) for TimingDelay
    anmotors.o(i.SendANMotors) refers to delay.o(i.Delay_mks) for Delay_mks
    anmotors.o(i.SendANMotors) refers to anmotors.o(i.SendBit) for SendBit
    anmotors.o(i.SendBit) refers to delay.o(i.Delay_mks) for Delay_mks
    anmotors.o(i.grab) refers to funct.o(i.micros) for micros
    anmotors.o(i.grab) refers to anmotors.o(i.CheckValue) for CheckValue
    anmotors.o(i.grab) refers to noretval__2printf.o(.text) for __2printf
    anmotors.o(i.grab) refers to anmotors.o(.data) for state
    displ.o(i.Display_Home) refers to displ.o(i.lcdWriteCommand) for lcdWriteCommand
    displ.o(i.Display_Home) refers to displ.o(i.write_data) for write_data
    displ.o(i.displ_FillRect_fast) refers to displ.o(i.drawRect) for drawRect
    displ.o(i.displ_GetPixel) refers to displ.o(i.Display_Home) for Display_Home
    displ.o(i.displ_GetPixel) refers to displ.o(i.set_cursor) for set_cursor
    displ.o(i.displ_GetPixel) refers to displ.o(i.read_data) for read_data
    displ.o(i.displ_PutPixel) refers to displ.o(i.lcdWriteCommand) for lcdWriteCommand
    displ.o(i.displ_PutPixel) refers to displ.o(i.write_data) for write_data
    displ.o(i.display_rgb) refers to displ.o(i.Display_Home) for Display_Home
    displ.o(i.display_rgb) refers to displ.o(i.lcdWriteCommand) for lcdWriteCommand
    displ.o(i.display_rgb) refers to displ.o(i.write_data) for write_data
    displ.o(i.drawRect) refers to displ.o(i.line) for line
    displ.o(i.drawRect) refers to displ.o(i.lcdWriteCommand) for lcdWriteCommand
    displ.o(i.drawRect) refers to displ.o(i.write_data) for write_data
    displ.o(i.getArea) refers to displ.o(i.lcdWriteCommand) for lcdWriteCommand
    displ.o(i.getArea) refers to displ.o(i.write_data) for write_data
    displ.o(i.getArea) refers to displ.o(i.read_data) for read_data
    displ.o(i.getArea) refers to displ.o(.bss) for prevColor
    displ.o(i.init_TFT) refers to displ.o(i.lcdWriteCommand) for lcdWriteCommand
    displ.o(i.init_TFT) refers to displ.o(i.write_data) for write_data
    displ.o(i.lcdSetPos) refers to displ.o(i.lcdWriteCommand) for lcdWriteCommand
    displ.o(i.lcdSetPos) refers to displ.o(i.write_data) for write_data
    displ.o(i.line) refers to displ.o(i.point) for point
    displ.o(i.point) refers to displ.o(i.lcdWriteCommand) for lcdWriteCommand
    displ.o(i.point) refers to displ.o(i.write_data) for write_data
    displ.o(i.read_data) refers to displ.o(i.lcdWriteCommand) for lcdWriteCommand
    displ.o(i.read_data) refers to funct.o(i.portToInput) for portToInput
    displ.o(i.read_data) refers to funct.o(i.portToOut) for portToOut
    displ.o(i.setArea) refers to displ.o(i.lcdWriteCommand) for lcdWriteCommand
    displ.o(i.setArea) refers to displ.o(i.write_data) for write_data
    displ.o(i.setArea) refers to displ.o(.bss) for prevColor
    displ.o(i.set_cursor) refers to displ.o(i.lcdWriteCommand) for lcdWriteCommand
    displ.o(i.set_cursor) refers to displ.o(i.write_data) for write_data
    displ.o(i.write_String) refers to displ.o(i.write_symbol) for write_symbol
    displ.o(i.write_symbol) refers to displ.o(i.lcdWriteCommand) for lcdWriteCommand
    displ.o(i.write_symbol) refers to displ.o(i.write_data) for write_data
    displ.o(i.write_symbol) refers to displ.o(.constdata) for NewFont8x8
    gui_x.o(i.GUI_X_Delay) refers to gui_x.o(.data) for OS_TimeMS
    gui_x.o(i.GUI_X_GetTime) refers to gui_x.o(.data) for OS_TimeMS
    gui_x.o(i.OS_TimeMS_Inc) refers to gui_x.o(.data) for OS_TimeMS
    guiconf.o(i.GUI_X_Config) refers to gui_alloc.o(i.GUI_ALLOC_AssignMemory) for GUI_ALLOC_AssignMemory
    guiconf.o(i.GUI_X_Config) refers to guiconf.o(.bss) for extMem
    windowdlg.o(i.CreateWindow) refers to wm_getdesktopwindow.o(i.WM_GetDesktopWindow) for WM_GetDesktopWindow
[...]
    Removing wm__getlastsibling.o(i.WM__GetLastSibling), (24 bytes).
    Removing wm__getprevsibling.o(i.WM__GetPrevSibling), (36 bytes).
    Removing wm__isenabled.o(i.WM__IsEnabled), (20 bytes).
    Removing wm__screen2client.o(i.WM__Screen2Client), (24 bytes).
    Removing wm__sendmessageifenabled.o(i.WM__SendMessageIfEnabled), (24 bytes).
    Removing wm__sendmessagenopara.o(i.WM__SendMessageNoPara), (38 bytes).
    Removing wm__updatechildpositions.o(i.WM__UpdateChildPositions), (258 bytes).
    Removing wm_bringtotop.o(i.WM_BringToTop), (8 bytes).
    Removing wm_bringtotop.o(i._BringToTop), (108 bytes).
    Removing wm_bringtotop.o(i._cbInvalidateOne), (8 bytes).
    Removing wm_getbkcolor.o(i.WM_GetBkColor), (32 bytes).
    Removing wm_getorg.o(i.WM_GetOrgX), (20 bytes).
    Removing wm_getorg.o(i.WM_GetOrgY), (20 bytes).
    Removing wm_getorg.o(i.WM_GetWindowOrgX), (24 bytes).
    Removing wm_getorg.o(i.WM_GetWindowOrgY), (24 bytes).
    Removing wm_getparent.o(i.WM_GetParent), (14 bytes).
    Removing wm_getwindowrect.o(i.WM_GetWindowRect), (44 bytes).
    Removing wm_getwindowrect.o(i.WM_GetWindowRectEx), (28 bytes).
    Removing wm_getwindowsize.o(i.WM_GetWindowSizeX), (34 bytes).
    Removing wm_getwindowsize.o(i.WM_GetWindowSizeY), (34 bytes).
    Removing wm_getwindowsize.o(i.WM__GetWindowSizeX), (14 bytes).
    Removing wm_getwindowsize.o(i.WM__GetWindowSizeY), (14 bytes).
    Removing wm_getwindowsize.o(i._GetDefaultWin), (12 bytes).
    Removing wm_isfocussable.o(i.WM_IsFocussable), (48 bytes).
    Removing wm_onkey.o(i.WM_OnKey), (56 bytes).
    Removing wm_pid__getprevstate.o(i.WM_PID__GetPrevState), (20 bytes).
    Removing wm_pid__getprevstate.o(i.WM_PID__SetPrevState), (20 bytes).
    Removing wm_pid__getprevstate.o(.bss), (24 bytes).
    Removing wm_screen2win.o(i.WM_Screen2hWin), (14 bytes).
    Removing wm_screen2win.o(i.WM_Screen2hWinEx), (8 bytes).
    Removing wm_screen2win.o(i.WM__IsInWindow), (46 bytes).
    Removing wm_screen2win.o(i._Screen2hWin), (94 bytes).
    Removing wm_screen2win.o(i._Screen2hWinStop), (32 bytes).
    Removing wm_setcapture.o(i.WM_ReleaseCapture), (8 bytes).
    Removing wm_setcapture.o(i.WM_SetCapture), (48 bytes).
    Removing wm_setcapture.o(i.WM__ReleaseCapture), (44 bytes).
    Removing wm_setscrollstate.o(i.WM_SetScrollState), (24 bytes).
    Removing wm_setsize.o(i.WM_SetSize), (62 bytes).
    Removing wm_settrans.o(i.WM_ClrHasTrans), (52 bytes).
    Removing wm_settrans.o(i.WM_GetHasTrans), (24 bytes).
    Removing wm_settrans.o(i.WM_SetHasTrans), (60 bytes).
    Removing gui__expandpixelindices.o(i.GUI__ExpandPixelIndices), (206 bytes).
    Removing gui__expandpixelindices.o(i.GUI__ExpandPixelIndicesEx), (346 bytes).
    Removing gui__wrap.o(i.GUI__WrapGetNumBytesToNextLine), (18 bytes).
    Removing gui__wrap.o(i.GUI__WrapGetNumCharsDisp), (10 bytes).
    Removing gui__wrap.o(i.GUI__WrapGetNumCharsToNextLine), (92 bytes).
    Removing gui__wrap.o(i._GetCharWrap), (46 bytes).
    Removing gui__wrap.o(i._GetWordWrap), (110 bytes).
    Removing gui__wrap.o(i._WrapGetNumCharsDisp), (44 bytes).
    Removing gui__wrap.o(.data), (8 bytes).
    Removing gui_2dlib.o(i.GL_MoveTo), (16 bytes).
    Removing gui_2dlib.o(i.GUI_DrawRect), (104 bytes).
    Removing gui_2dlib.o(i.GUI_MoveRel), (24 bytes).
    Removing gui_2dlib.o(i.GUI_MoveTo), (24 bytes).
    Removing gui_calccolordist.o(i.GUI_CalcColorDist), (60 bytes).
    Removing gui_char.o(i.GL_DispChar), (52 bytes).
    Removing gui_char.o(i.GUI_DispNextLine), (28 bytes).
    Removing gui_char.o(i.GUI_GetCharDistX), (16 bytes).
    Removing gui_char.o(i.GUI_GetCharDistXEx), (16 bytes).
    Removing gui_char.o(i.GUI_GetFontDistY), (16 bytes).
    Removing gui_char.o(i.GUI_GetYAdjust), (48 bytes).
    Removing gui_charline.o(i.GUI__DispLine), (168 bytes).
    Removing gui_charline.o(i.GUI__GetLineDistX), (88 bytes).
    Removing gui_charline.o(i.GUI__GetLineNumChars), (64 bytes).
    Removing gui_charline.o(i.GUI__GetOverlap), (24 bytes).
    Removing gui_charline.o(i._DispLine), (124 bytes).
    Removing gui_charline.o(i._Log2VisBuffered), (2 bytes).
    Removing gui_charline.o(.data), (4 bytes).
    Removing gui_cursorarrowm.o(.constdata), (20 bytes).
    Removing gui_cursorarrowm.o(.constdata), (12 bytes).
    Removing gui_drawbitmap.o(i.GL_DrawBitmap), (156 bytes).
    Removing gui_drawbitmap.o(i.GUI_DrawBitmap), (72 bytes).
    Removing gui_drawbitmap.o(i.GUI_PreserveTrans), (40 bytes).
    Removing gui_fillrect.o(i.GUI_FillRect), (60 bytes).
    Removing gui_sprite.o(i.GUI_SPRITE_Create), (24 bytes).
    Removing gui_sprite.o(i.GUI_SPRITE_CreateEx), (12 bytes).
    Removing gui_sprite.o(i.GUI_SPRITE_CreateHidden), (24 bytes).
    Removing gui_sprite.o(i.GUI_SPRITE_CreateHiddenEx), (12 bytes).
    Removing gui_sprite.o(i.GUI_SPRITE_Delete), (60 bytes).
    Removing gui_sprite.o(i.GUI_SPRITE_GetState), (30 bytes).
    Removing gui_sprite.o(i.GUI_SPRITE_Hide), (48 bytes).
    Removing gui_sprite.o(i.GUI_SPRITE_SetBitmap), (78 bytes).
    Removing gui_sprite.o(i.GUI_SPRITE_SetBitmapAndPosition), (104 bytes).
    Removing gui_sprite.o(i.GUI_SPRITE_SetPosition), (12 bytes).
    Removing gui_sprite.o(i.GUI_SPRITE_Show), (60 bytes).
    Removing gui_sprite.o(i.GUI_SPRITE__CreateEx), (176 bytes).
    Removing gui_sprite.o(i.GUI_SPRITE__SetCallback), (28 bytes).
    Removing gui_sprite.o(i._ClipRectEx), (20 bytes).
    Removing gui_sprite.o(i._CreateBuffer), (152 bytes).
    Removing gui_sprite.o(i._DoColorConversion), (136 bytes).
    Removing gui_sprite.o(i._DrawBitmap), (1024 bytes).
    Removing gui_sprite.o(i._DrawHLine), (464 bytes).
    Removing gui_sprite.o(i._DrawVLine), (444 bytes).
    Removing gui_sprite.o(i._FillRect), (504 bytes).
    Removing gui_sprite.o(i._FlushBuffer), (112 bytes).
    Removing gui_sprite.o(i._GetBkIndex), (112 bytes).
    Removing gui_sprite.o(i._GetBkIndexAlpha), (130 bytes).
    Removing gui_sprite.o(i._GetClipParam), (300 bytes).
    Removing gui_sprite.o(i._GetClipRect), (238 bytes).
    Removing gui_sprite.o(i._GetDevData), (4 bytes).
    Removing gui_sprite.o(i._GetDevFunc), (32 bytes).
    Removing gui_sprite.o(i._GetDevProp), (14 bytes).
    Removing gui_sprite.o(i._GetDeviceRect), (60 bytes).
    Removing gui_sprite.o(i._GetPixelIndex), (100 bytes).
    Removing gui_sprite.o(i._GetRect), (14 bytes).
    Removing gui_sprite.o(i._Link), (22 bytes).
    Removing gui_sprite.o(i._PixelExists), (76 bytes).
    Removing gui_sprite.o(i._ReleaseBuffer), (28 bytes).
    Removing gui_sprite.o(i._SetBitmap), (552 bytes).
    Removing gui_sprite.o(i._SetBitmapAndPosition), (1004 bytes).
    Removing gui_sprite.o(i._SetBkIndexBuffered), (80 bytes).
    Removing gui_sprite.o(i._SetOrg), (14 bytes).
    Removing gui_sprite.o(i._SetPixelIndex), (188 bytes).
    Removing gui_sprite.o(i._SetPosition), (1180 bytes).
    Removing gui_sprite.o(i._SpriteDraw), (500 bytes).
    Removing gui_sprite.o(i._Undraw), (240 bytes).
    Removing gui_sprite.o(i._Unlink), (22 bytes).
    Removing gui_sprite.o(i._XorPixel), (216 bytes).
    Removing gui_sprite.o(.constdata), (52 bytes).
    Removing guicc_888_index2color.o(i.LCD_Index2Color_888), (2 bytes).
    Removing guicc_8888_index2color.o(i.LCD_Index2Color_8888), (2 bytes).
    Removing lcd_aa.o(i.LCD_AA_MixColors16), (96 bytes).
    Removing lcd_aa.o(i.LCD_AA_MixColors256), (24 bytes).
    Removing lcd_aa.o(i.LCD_AA_SetAndMask), (16 bytes).
    Removing lcd_aa.o(i.LCD_SetPixelAA4_NoTrans), (132 bytes).
    Removing lcd_aa.o(i.LCD_SetPixelAA4_Trans), (124 bytes).
    Removing lcd_aa.o(i.LCD_SetPixelAA8_NoTrans), (132 bytes).
    Removing lcd_aa.o(i.LCD_SetPixelAA8_Trans), (124 bytes).
    Removing lcd_aa.o(i.LCD__GetPfSetPixel), (68 bytes).
    Removing lcd_aa.o(.data), (4 bytes).
    Removing lcd_readrect.o(i.GUI_ReadRect), (54 bytes).
    Removing lcd_readrect.o(i.GUI_ReadRectEx), (96 bytes).
    Removing lcd_readrect.o(i.LCD_ReadRect), (92 bytes).
    Removing lcd_readrect.o(i.LCD_ReadRectEx), (412 bytes).
    Removing lcd_readrect.o(i.LCD_ReadRectNoClip), (34 bytes).
    Removing lcd_selectlcd.o(i.LCD_SelectLCD), (68 bytes).
    Removing f13_ascii.o(.constdata), (13 bytes).
    Removing f13_ascii.o(.constdata), (13 bytes).
    Removing f13_ascii.o(.constdata), (13 bytes).
    Removing f13_ascii.o(.constdata), (13 bytes).
    Removing f13_ascii.o(.constdata), (13 bytes).
    Removing f13_ascii.o(.constdata), (26 bytes).
    Removing f13_ascii.o(.constdata), (13 bytes).
    Removing f13_ascii.o(.constdata), (13 bytes).
    Removing f13_ascii.o(.constdata), (13 bytes).
    Removing f13_ascii.o(.constdata), (13 bytes).
    Removing f13_ascii.o(.constdata), (13 bytes).
    Removing f13_ascii.o(.constdata), (13 bytes).
    Removing f13_ascii.o(.constdata), (13 bytes).
    Removing f13_ascii.o(.constdata), (13 bytes).
    Removing f13_ascii.o(.constdata), (13 bytes).
    Removing f13_ascii.o(.constdata), (13 bytes).
    Removing f13_ascii.o(.constdata), (13 bytes).
    Removing f13_ascii.o(.constdata), (13 bytes).
    Removing f13_ascii.o(.constdata), (13 bytes).
    Removing f13_ascii.o(.constdata), (13 bytes).
    Removing f13_ascii.o(.constdata), (13 bytes).
    Removing f13_ascii.o(.constdata), (13 bytes).
    Removing f13_ascii.o(.constdata), (13 bytes).
    Removing f13_ascii.o(.constdata), (13 bytes).
    Removing f13_ascii.o(.constdata), (13 bytes).
    Removing f13_ascii.o(.constdata), (13 bytes).
    Removing f13_ascii.o(.constdata), (13 bytes).
    Removing f13_ascii.o(.constdata), (13 bytes).
    Removing f13_ascii.o(.constdata), (13 bytes).
    Removing f13_ascii.o(.constdata), (13 bytes).
    Removing f13_ascii.o(.constdata), (13 bytes).
    Removing f13_ascii.o(.constdata), (13 bytes).
    Removing f13_ascii.o(.constdata), (26 bytes).
    Removing f13_ascii.o(.constdata), (13 bytes).
    Removing f13_ascii.o(.constdata), (13 bytes).
    Removing f13_ascii.o(.constdata), (13 bytes).
    Removing f13_ascii.o(.constdata), (13 bytes).
    Removing f13_ascii.o(.constdata), (13 bytes).
    Removing f13_ascii.o(.constdata), (13 bytes).
    Removing f13_ascii.o(.constdata), (13 bytes).
    Removing f13_ascii.o(.constdata), (13 bytes).
    Removing f13_ascii.o(.constdata), (13 bytes).
    Removing f13_ascii.o(.constdata), (13 bytes).
    Removing f13_ascii.o(.constdata), (13 bytes).
    Removing f13_ascii.o(.constdata), (13 bytes).
    Removing f13_ascii.o(.constdata), (13 bytes).
    Removing f13_ascii.o(.constdata), (13 bytes).
    Removing f13_ascii.o(.constdata), (13 bytes).
    Removing f13_ascii.o(.constdata), (13 bytes).
    Removing f13_ascii.o(.constdata), (13 bytes).
    Removing f13_ascii.o(.constdata), (13 bytes).
    Removing f13_ascii.o(.constdata), (13 bytes).
    Removing f13_ascii.o(.constdata), (13 bytes).
    Removing f13_ascii.o(.constdata), (13 bytes).
    Removing f13_ascii.o(.constdata), (13 bytes).
    Removing f13_ascii.o(.constdata), (26 bytes).
    Removing f13_ascii.o(.constdata), (13 bytes).
    Removing f13_ascii.o(.constdata), (13 bytes).
    Removing f13_ascii.o(.constdata), (13 bytes).
    Removing f13_ascii.o(.constdata), (13 bytes).
    Removing f13_ascii.o(.constdata), (13 bytes).
    Removing f13_ascii.o(.constdata), (13 bytes).
    Removing f13_ascii.o(.constdata), (13 bytes).
    Removing f13_ascii.o(.constdata), (13 bytes).
    Removing f13_ascii.o(.constdata), (13 bytes).
    Removing f13_ascii.o(.constdata), (13 bytes).
    Removing f13_ascii.o(.constdata), (13 bytes).
    Removing f13_ascii.o(.constdata), (13 bytes).
    Removing f13_ascii.o(.constdata), (13 bytes).
    Removing f13_ascii.o(.constdata), (13 bytes).
    Removing f13_ascii.o(.constdata), (13 bytes).
    Removing f13_ascii.o(.constdata), (13 bytes).
    Removing f13_ascii.o(.constdata), (13 bytes).
    Removing f13_ascii.o(.constdata), (13 bytes).
    Removing f13_ascii.o(.constdata), (13 bytes).
    Removing f13_ascii.o(.constdata), (13 bytes).
    Removing f13_ascii.o(.constdata), (13 bytes).
    Removing f13_ascii.o(.constdata), (13 bytes).
    Removing f13_ascii.o(.constdata), (13 bytes).
    Removing f13_ascii.o(.constdata), (13 bytes).
    Removing f13_ascii.o(.constdata), (13 bytes).
    Removing f13_ascii.o(.constdata), (13 bytes).
    Removing f13_ascii.o(.constdata), (13 bytes).
    Removing f13_ascii.o(.constdata), (13 bytes).
    Removing f13_ascii.o(.constdata), (13 bytes).
    Removing f13_ascii.o(.constdata), (13 bytes).
    Removing f13_ascii.o(.constdata), (13 bytes).
    Removing f13_ascii.o(.constdata), (13 bytes).
    Removing f13_ascii.o(.constdata), (13 bytes).
    Removing f13_ascii.o(.constdata), (13 bytes).
    Removing f13_ascii.o(.constdata), (13 bytes).
    Removing f13_ascii.o(.constdata), (13 bytes).
    Removing f13_ascii.o(.constdata), (13 bytes).
    Removing f13_ascii.o(.constdata), (13 bytes).
    Removing f13_ascii.o(.constdata), (13 bytes).
    Removing f13_ascii.o(.constdata), (760 bytes).
    Removing f13_ascii.o(.constdata), (12 bytes).
    Removing f13_ascii.o(.constdata), (36 bytes).
    Removing guidev_writetoactivealpha.o(i.GUI_MEMDEV__WriteToActiveAlpha), (408 bytes).
    Removing wm__getfirstsibling.o(i.WM__GetFirstSibling), (18 bytes).
    Removing wm__ischild.o(i.WM__IsChild), (38 bytes).
    Removing wm_foreachdesc.o(i.WM_ForEachDesc), (8 bytes).
    Removing wm_getdesktopwindowex.o(i.WM_GetDesktopWindowEx), (20 bytes).
    Removing wm_move.o(i.WM_MoveTo), (8 bytes).
    Removing wm_move.o(i.WM_MoveWindow), (8 bytes).
    Removing wm_move.o(i.WM__MoveTo), (46 bytes).
    Removing wm_move.o(i.WM__MoveWindow), (154 bytes).
    Removing wm_move.o(i._MoveDescendents), (102 bytes).
    Removing wm_resizewindow.o(i.WM_ResizeWindow), (232 bytes).
    Removing wm_setusercliprect.o(i.WM_SetUserClipRect), (24 bytes).
    Removing wm_validatewindow.o(i.WM_ValidateWindow), (44 bytes).
    Removing gui_cursorarrowmpx.o(.constdata), (60 bytes).
    Removing gui_cursorpal.o(.constdata), (12 bytes).
    Removing gui_cursorpal.o(.constdata), (12 bytes).
    Removing gui_getbitmappixelindex.o(i.GUI_GetBitmapPixelIndex), (24 bytes).
    Removing gui_getbitmappixelindex.o(i.GUI_GetBitmapPixelIndexEx), (134 bytes).
    Removing gui_uc.o(i.GUI_UC_Encode), (12 bytes).
    Removing gui_uc.o(i.GUI_UC_GetCharCode), (12 bytes).
    Removing gui_uc.o(i.GUI_UC_GetCharSize), (12 bytes).
    Removing gui_uc.o(i.GUI_UC__CalcSizeOfChar), (12 bytes).
    Removing gui_uc.o(i.GUI_UC__GetCharCodeInc), (40 bytes).
    Removing gui_uc.o(i.GUI_UC__NumBytes2NumChars), (40 bytes).
    Removing gui_uc.o(i.GUI_UC__NumChars2NumBytes), (36 bytes).
    Removing lcd_getpixelcolor.o(i.LCD_GetPixelColor), (12 bytes).
    Removing wm__foreachdesc.o(i.WM__ForEachDesc), (44 bytes).
    Removing lcd_getp.o(i.GUI_GetPixelIndex), (8 bytes).
    Removing lcd_getp.o(i.LCD_GetPixelIndex), (92 bytes).
    Removing gui__expandpixelindices.o(i.__ARM_common_switch8), (26 bytes).

1214 unused section(s) (total 114641 bytes) removed from the image.

==============================================================================

Image Symbol Table

    Local Symbols

    Symbol Name                              Value     Ov Type        Size  Object(Section)

    ../clib/angel/boardlib.s                 0x00000000   Number         0  boardinit3.o ABSOLUTE
    ../clib/angel/boardlib.s                 0x00000000   Number         0  boardinit2.o ABSOLUTE
    ../clib/angel/boardlib.s                 0x00000000   Number         0  boardinit1.o ABSOLUTE
    ../clib/angel/boardlib.s                 0x00000000   Number         0  boardshut.o ABSOLUTE
    ../clib/angel/handlers.s                 0x00000000   Number         0  __scatter_zi.o ABSOLUTE
    ../clib/angel/handlers.s                 0x00000000   Number         0  __scatter_copy.o ABSOLUTE
    ../clib/angel/kernel.s                   0x00000000   Number         0  rtexit2.o ABSOLUTE
    ../clib/angel/kernel.s                   0x00000000   Number         0  rtexit.o ABSOLUTE
    ../clib/angel/kernel.s                   0x00000000   Number         0  __rtentry4.o ABSOLUTE
    ../clib/angel/kernel.s                   0x00000000   Number         0  __rtentry2.o ABSOLUTE
    ../clib/angel/kernel.s                   0x00000000   Number         0  __rtentry.o ABSOLUTE
    ../clib/angel/rt.s                       0x00000000   Number         0  rt_div0.o ABSOLUTE
    ../clib/angel/rt.s                       0x00000000   Number         0  aeabi_idiv0.o ABSOLUTE
    ../clib/angel/rt.s                       0x00000000   Number         0  rt_raise.o ABSOLUTE
    ../clib/angel/rt.s                       0x00000000   Number         0  aeabi_idiv0_sigfpe.o ABSOLUTE
    ../clib/angel/scatter.s                  0x00000000   Number         0  __scatter.o ABSOLUTE
    ../clib/angel/startup.s                  0x00000000   Number         0  __main.o ABSOLUTE
    ../clib/angel/sys.s                      0x00000000   Number         0  sys_stackheap_outer.o ABSOLUTE
    ../clib/angel/sys.s                      0x00000000   Number         0  libspace.o ABSOLUTE
    ../clib/angel/sys.s                      0x00000000   Number         0  indicate_semi.o ABSOLUTE
    ../clib/angel/sys.s                      0x00000000   Number         0  use_no_semi.o ABSOLUTE
    ../clib/angel/sysapp.c                   0x00000000   Number         0  sys_exit.o ABSOLUTE
    ../clib/angel/sysapp.c                   0x00000000   Number         0  sys_command.o ABSOLUTE
    ../clib/angel/sysapp.c                   0x00000000   Number         0  sys_wrch.o ABSOLUTE
    ../clib/armsys.c                         0x00000000   Number         0  argv_veneer.o ABSOLUTE
    ../clib/armsys.c                         0x00000000   Number         0  no_argv.o ABSOLUTE
    ../clib/armsys.c                         0x00000000   Number         0  _get_argv_nomalloc.o ABSOLUTE
    ../clib/armsys.c                         0x00000000   Number         0  argv_veneer.o ABSOLUTE
    ../clib/division.s                       0x00000000   Number         0  aeabi_sdiv.o ABSOLUTE
    ../clib/division.s                       0x00000000   Number         0  divrt_cm3_div0.o ABSOLUTE
    ../clib/division.s                       0x00000000   Number         0  divrt_cm3.o ABSOLUTE
    ../clib/division.s                       0x00000000   Number         0  aeabi_sdiv_div0.o ABSOLUTE
    ../clib/heapalloc.c                      0x00000000   Number         0  hrguard.o ABSOLUTE
    ../clib/heapaux.c                        0x00000000   Number         0  heapauxi.o ABSOLUTE
    ../clib/libinit.s                        0x00000000   Number         0  libinit.o ABSOLUTE
    ../clib/libinit.s                        0x00000000   Number         0  libshutdown2.o ABSOLUTE
    ../clib/libinit.s                        0x00000000   Number         0  libshutdown.o ABSOLUTE
    ../clib/libinit.s                        0x00000000   Number         0  libinit2.o ABSOLUTE
    ../clib/memcpset.s                       0x00000000   Number         0  rt_memcpy_w.o ABSOLUTE
    ../clib/memcpset.s                       0x00000000   Number         0  aeabi_memset.o ABSOLUTE
    ../clib/memcpset.s                       0x00000000   Number         0  rt_memclr_w.o ABSOLUTE
    ../clib/memcpset.s                       0x00000000   Number         0  rt_memclr.o ABSOLUTE
    ../clib/memcpset.s                       0x00000000   Number         0  rt_memmove_w.o ABSOLUTE
    ../clib/memcpset.s                       0x00000000   Number         0  rt_memcpy_v6.o ABSOLUTE
    ../clib/memcpset.s                       0x00000000   Number         0  rt_memmove_v6.o ABSOLUTE
    ../clib/printf.c                         0x00000000   Number         0  noretval__2printf.o ABSOLUTE
    ../clib/printf.c                         0x00000000   Number         0  __printf_nopercent.o ABSOLUTE
    ../clib/printf.c                         0x00000000   Number         0  _printf_char_common.o ABSOLUTE
    ../clib/printf.c                         0x00000000   Number         0  _printf_char_file.o ABSOLUTE
    ../clib/printf.c                         0x00000000   Number         0  __2printf.o ABSOLUTE
    ../clib/signal.c                         0x00000000   Number         0  defsig_cppl_inner.o ABSOLUTE
    ../clib/signal.c                         0x00000000   Number         0  defsig_pvfn_inner.o ABSOLUTE
    ../clib/signal.c                         0x00000000   Number         0  defsig_stak_inner.o ABSOLUTE
    ../clib/signal.c                         0x00000000   Number         0  defsig_rtmem_formal.o ABSOLUTE
    ../clib/signal.c                         0x00000000   Number         0  defsig_rtmem_outer.o ABSOLUTE
    ../clib/signal.c                         0x00000000   Number         0  defsig_rtmem_inner.o ABSOLUTE
    ../clib/signal.c                         0x00000000   Number         0  defsig_rtred_inner.o ABSOLUTE
    ../clib/signal.c                         0x00000000   Number         0  defsig_abrt_inner.o ABSOLUTE
    ../clib/signal.c                         0x00000000   Number         0  defsig_segv_inner.o ABSOLUTE
    ../clib/signal.c                         0x00000000   Number         0  defsig_fpe_formal.o ABSOLUTE
    ../clib/signal.c                         0x00000000   Number         0  defsig_fpe_inner.o ABSOLUTE
    ../clib/signal.c                         0x00000000   Number         0  __raise.o ABSOLUTE
    ../clib/signal.c                         0x00000000   Number         0  defsig_exit.o ABSOLUTE
    ../clib/signal.c                         0x00000000   Number         0  defsig_fpe_outer.o ABSOLUTE
    ../clib/signal.c                         0x00000000   Number         0  defsig_general.o ABSOLUTE
    ../clib/signal.c                         0x00000000   Number         0  defsig_other.o ABSOLUTE
    ../clib/signal.s                         0x00000000   Number         0  defsig.o ABSOLUTE
    ../clib/stdio.c                          0x00000000   Number         0  ferror.o ABSOLUTE
    ../clib/stdio.c                          0x00000000   Number         0  ferror_locked.o ABSOLUTE
    ../clib/stdlib.c                         0x00000000   Number         0  exit.o ABSOLUTE
    ../clib/string.c                         0x00000000   Number         0  strlen.o ABSOLUTE
    ../clib/string.c                         0x00000000   Number         0  strcpy.o ABSOLUTE
    ../clib/string.c                         0x00000000   Number         0  memcmp.o ABSOLUTE
    ../fplib/daddsub.s                       0x00000000   Number         0  daddsub_clz.o ABSOLUTE
    ../fplib/dfix.s                          0x00000000   Number         0  dfix.o ABSOLUTE
    ../fplib/dnaninf.s                       0x00000000   Number         0  dnaninf.o ABSOLUTE
    ../fplib/dretinf.s                       0x00000000   Number         0  dretinf.o ABSOLUTE
    ../fplib/f2d.s                           0x00000000   Number         0  f2d.o ABSOLUTE
    ../fplib/faddsub.s                       0x00000000   Number         0  faddsub_clz.o ABSOLUTE
    ../fplib/fdiv.s                          0x00000000   Number         0  fdiv.o ABSOLUTE
    ../fplib/ffix.s                          0x00000000   Number         0  ffix.o ABSOLUTE
    ../fplib/fflt.s                          0x00000000   Number         0  fflt_clz.o ABSOLUTE
    ../fplib/fmul.s                          0x00000000   Number         0  fmul.o ABSOLUTE
    ../fplib/fnaninf.s                       0x00000000   Number         0  fnaninf.o ABSOLUTE
    ../fplib/fpinit.s                        0x00000000   Number         0  fpinit.o ABSOLUTE
    ../fplib/fretinf.s                       0x00000000   Number         0  fretinf.o ABSOLUTE
    ../fplib/usenofp.s                       0x00000000   Number         0  usenofp.o ABSOLUTE
    ..\..\..\Utilities\Third_Party\STemWin532_20160205\GUI\Core\GUICC_0.c 0x00000000   Number         0  guicc_0.o ABSOLUTE
    ..\..\..\Utilities\Third_Party\STemWin532_20160205\GUI\Core\GUICC_8888.c 0x00000000   Number         0  guicc_8888.o ABSOLUTE
    ..\..\..\Utilities\Third_Party\STemWin532_20160205\GUI\Core\GUICC_8888_Index2Color.c 0x00000000   Number         0  guicc_8888_index2color.o ABSOLUTE
    ..\..\..\Utilities\Third_Party\STemWin532_20160205\GUI\Core\GUICC_888_Index2Color.c 0x00000000   Number         0  guicc_888_index2color.o ABSOLUTE
    ..\..\..\Utilities\Third_Party\STemWin532_20160205\GUI\Core\GUICC_M565.c 0x00000000   Number         0  guicc_m565.o ABSOLUTE
    ..\..\..\Utilities\Third_Party\STemWin532_20160205\GUI\Core\GUI_2DLib.c 0x00000000   Number         0  gui_2dlib.o ABSOLUTE
    ..\..\..\Utilities\Third_Party\STemWin532_20160205\GUI\Core\GUI_ALLOC_AllocZero.c 0x00000000   Number         0  gui_alloc_alloczero.o ABSOLUTE
    ..\..\..\Utilities\Third_Party\STemWin532_20160205\GUI\Core\GUI_Alloc.c 0x00000000   Number         0  gui_alloc.o ABSOLUTE
    ..\..\..\Utilities\Third_Party\STemWin532_20160205\GUI\Core\GUI_CalcColorDist.c 0x00000000   Number         0  gui_calccolordist.o ABSOLUTE
    ..\..\..\Utilities\Third_Party\STemWin532_20160205\GUI\Core\GUI_Char.c 0x00000000   Number         0  gui_char.o ABSOLUTE
    ..\..\..\Utilities\Third_Party\STemWin532_20160205\GUI\Core\GUI_CharLine.c 0x00000000   Number         0  gui_charline.o ABSOLUTE
    ..\..\..\Utilities\Third_Party\STemWin532_20160205\GUI\Core\GUI_CharM.c 0x00000000   Number         0  gui_charm.o ABSOLUTE
    ..\..\..\Utilities\Third_Party\STemWin532_20160205\GUI\Core\GUI_CharP.c 0x00000000   Number         0  gui_charp.o ABSOLUTE
    ..\..\..\Utilities\Third_Party\STemWin532_20160205\GUI\Core\GUI_Core.c 0x00000000   Number         0  gui_core.o ABSOLUTE
    ..\..\..\Utilities\Third_Party\STemWin532_20160205\GUI\Core\GUI_Curs1.c 0x00000000   Number         0  gui_curs1.o ABSOLUTE
    ..\..\..\Utilities\Third_Party\STemWin532_20160205\GUI\Core\GUI_CursorArrowM.c 0x00000000   Number         0  gui_cursorarrowm.o ABSOLUTE
    ..\..\..\Utilities\Third_Party\STemWin532_20160205\GUI\Core\GUI_CursorArrowMPx.c 0x00000000   Number         0  gui_cursorarrowmpx.o ABSOLUTE
    ..\..\..\Utilities\Third_Party\STemWin532_20160205\GUI\Core\GUI_CursorPal.c 0x00000000   Number         0  gui_cursorpal.o ABSOLUTE
    ..\..\..\Utilities\Third_Party\STemWin532_20160205\GUI\Core\GUI_Device.c 0x00000000   Number         0  gui_device.o ABSOLUTE
    ..\..\..\Utilities\Third_Party\STemWin532_20160205\GUI\Core\GUI_DispStringInRectWrap.c 0x00000000   Number         0  gui_dispstringinrectwrap.o ABSOLUTE
    ..\..\..\Utilities\Third_Party\STemWin532_20160205\GUI\Core\GUI_DrawBitmap.c 0x00000000   Number         0  gui_drawbitmap.o ABSOLUTE
    ..\..\..\Utilities\Third_Party\STemWin532_20160205\GUI\Core\GUI_DrawFocusRect.c 0x00000000   Number         0  gui_drawfocusrect.o ABSOLUTE
    ..\..\..\Utilities\Third_Party\STemWin532_20160205\GUI\Core\GUI_DrawHLine.c 0x00000000   Number         0  gui_drawhline.o ABSOLUTE
    ..\..\..\Utilities\Third_Party\STemWin532_20160205\GUI\Core\GUI_DrawVLine.c 0x00000000   Number         0  gui_drawvline.o ABSOLUTE
    ..\..\..\Utilities\Third_Party\STemWin532_20160205\GUI\Core\GUI_Exec.c 0x00000000   Number         0  gui_exec.o ABSOLUTE
    ..\..\..\Utilities\Third_Party\STemWin532_20160205\GUI\Core\GUI_FillRect.c 0x00000000   Number         0  gui_fillrect.o ABSOLUTE
    ..\..\..\Utilities\Third_Party\STemWin532_20160205\GUI\Core\GUI_FillRectEx.c 0x00000000   Number         0  gui_fillrectex.o ABSOLUTE
    ..\..\..\Utilities\Third_Party\STemWin532_20160205\GUI\Core\GUI_GetBitmapPixelIndex.c 0x00000000   Number         0  gui_getbitmappixelindex.o ABSOLUTE
    ..\..\..\Utilities\Third_Party\STemWin532_20160205\GUI\Core\GUI_GetColor.c 0x00000000   Number         0  gui_getcolor.o ABSOLUTE
    ..\..\..\Utilities\Third_Party\STemWin532_20160205\GUI\Core\GUI_GetOrg.c 0x00000000   Number         0  gui_getorg.o ABSOLUTE
    ..\..\..\Utilities\Third_Party\STemWin532_20160205\GUI\Core\GUI_Goto.c 0x00000000   Number         0  gui_goto.o ABSOLUTE
    ..\..\..\Utilities\Third_Party\STemWin532_20160205\GUI\Core\GUI_MergeRect.c 0x00000000   Number         0  gui_mergerect.o ABSOLUTE
    ..\..\..\Utilities\Third_Party\STemWin532_20160205\GUI\Core\GUI_MoveRect.c 0x00000000   Number         0  gui_moverect.o ABSOLUTE
    ..\..\..\Utilities\Third_Party\STemWin532_20160205\GUI\Core\GUI_OnKey.c 0x00000000   Number         0  gui_onkey.o ABSOLUTE
    ..\..\..\Utilities\Third_Party\STemWin532_20160205\GUI\Core\GUI_PID.c 0x00000000   Number         0  gui_pid.o ABSOLUTE
    ..\..\..\Utilities\Third_Party\STemWin532_20160205\GUI\Core\GUI_Pen.c 0x00000000   Number         0  gui_pen.o ABSOLUTE
    ..\..\..\Utilities\Third_Party\STemWin532_20160205\GUI\Core\GUI_RectsIntersect.c 0x00000000   Number         0  gui_rectsintersect.o ABSOLUTE
    ..\..\..\Utilities\Third_Party\STemWin532_20160205\GUI\Core\GUI_SPRITE.c 0x00000000   Number         0  gui_sprite.o ABSOLUTE
    ..\..\..\Utilities\Third_Party\STemWin532_20160205\GUI\Core\GUI_SaveContext.c 0x00000000   Number         0  gui_savecontext.o ABSOLUTE
    ..\..\..\Utilities\Third_Party\STemWin532_20160205\GUI\Core\GUI_SelectLCD.c 0x00000000   Number         0  gui_selectlcd.o ABSOLUTE
    ..\..\..\Utilities\Third_Party\STemWin532_20160205\GUI\Core\GUI_SelectLayer.c 0x00000000   Number         0  gui_selectlayer.o ABSOLUTE
    ..\..\..\Utilities\Third_Party\STemWin532_20160205\GUI\Core\GUI_SetAlpha.c 0x00000000   Number         0  gui_setalpha.o ABSOLUTE
    ..\..\..\Utilities\Third_Party\STemWin532_20160205\GUI\Core\GUI_SetColor.c 0x00000000   Number         0  gui_setcolor.o ABSOLUTE
    ..\..\..\Utilities\Third_Party\STemWin532_20160205\GUI\Core\GUI_SetDefault.c 0x00000000   Number         0  gui_setdefault.o ABSOLUTE
    ..\..\..\Utilities\Third_Party\STemWin532_20160205\GUI\Core\GUI_SetDrawMode.c 0x00000000   Number         0  gui_setdrawmode.o ABSOLUTE
    ..\..\..\Utilities\Third_Party\STemWin532_20160205\GUI\Core\GUI_SetFont.c 0x00000000   Number         0  gui_setfont.o ABSOLUTE
    ..\..\..\Utilities\Third_Party\STemWin532_20160205\GUI\Core\GUI_SetLineStyle.c 0x00000000   Number         0  gui_setlinestyle.o ABSOLUTE
    ..\..\..\Utilities\Third_Party\STemWin532_20160205\GUI\Core\GUI_SetOrg.c 0x00000000   Number         0  gui_setorg.o ABSOLUTE
    ..\..\..\Utilities\Third_Party\STemWin532_20160205\GUI\Core\GUI_SetTextAlign.c 0x00000000   Number         0  gui_settextalign.o ABSOLUTE
    ..\..\..\Utilities\Third_Party\STemWin532_20160205\GUI\Core\GUI_SetTextMode.c 0x00000000   Number         0  gui_settextmode.o ABSOLUTE
    ..\..\..\Utilities\Third_Party\STemWin532_20160205\GUI\Core\GUI_TOUCH.c 0x00000000   Number         0  gui_touch.o ABSOLUTE
    ..\..\..\Utilities\Third_Party\STemWin532_20160205\GUI\Core\GUI_TOUCH_Calibrate.c 0x00000000   Number         0  gui_touch_calibrate.o ABSOLUTE
    ..\..\..\Utilities\Third_Party\STemWin532_20160205\GUI\Core\GUI_TOUCH_DriverAnalog.c 0x00000000   Number         0  gui_touch_driveranalog.o ABSOLUTE
    ..\..\..\Utilities\Third_Party\STemWin532_20160205\GUI\Core\GUI_TOUCH_StoreState.c 0x00000000   Number         0  gui_touch_storestate.o ABSOLUTE
    ..\..\..\Utilities\Third_Party\STemWin532_20160205\GUI\Core\GUI_Time.c 0x00000000   Number         0  gui_time.o ABSOLUTE
    ..\..\..\Utilities\Third_Party\STemWin532_20160205\GUI\Core\GUI_Timer.c 0x00000000   Number         0  gui_timer.o ABSOLUTE
    ..\..\..\Utilities\Third_Party\STemWin532_20160205\GUI\Core\GUI_UC.c 0x00000000   Number         0  gui_uc.o ABSOLUTE
    ..\..\..\Utilities\Third_Party\STemWin532_20160205\GUI\Core\GUI_UC_EncodeNone.c 0x00000000   Number         0  gui_uc_encodenone.o ABSOLUTE
    ..\..\..\Utilities\Third_Party\STemWin532_20160205\GUI\Core\GUI_WaitEvent.c 0x00000000   Number         0  gui_waitevent.o ABSOLUTE
    ..\..\..\Utilities\Third_Party\STemWin532_20160205\GUI\Core\GUI__Alpha.c 0x00000000   Number         0  gui__alpha.o ABSOLUTE
    ..\..\..\Utilities\Third_Party\STemWin532_20160205\GUI\Core\GUI__CompactPixelIndices.c 0x00000000   Number         0  gui__compactpixelindices.o ABSOLUTE
    ..\..\..\Utilities\Third_Party\STemWin532_20160205\GUI\Core\GUI__DivTbl_255_31.c 0x00000000   Number         0  gui__divtbl_255_31.o ABSOLUTE
    ..\..\..\Utilities\Third_Party\STemWin532_20160205\GUI\Core\GUI__DivTbl_255_63.c 0x00000000   Number         0  gui__divtbl_255_63.o ABSOLUTE
    ..\..\..\Utilities\Third_Party\STemWin532_20160205\GUI\Core\GUI__DivTbl_31_255.c 0x00000000   Number         0  gui__divtbl_31_255.o ABSOLUTE
    ..\..\..\Utilities\Third_Party\STemWin532_20160205\GUI\Core\GUI__DivTbl_63_255.c 0x00000000   Number         0  gui__divtbl_63_255.o ABSOLUTE
    ..\..\..\Utilities\Third_Party\STemWin532_20160205\GUI\Core\GUI__ExpandPixelIndices.c 0x00000000   Number         0  gui__expandpixelindices.o ABSOLUTE
    ..\..\..\Utilities\Third_Party\STemWin532_20160205\GUI\Core\GUI__IntersectRect.c 0x00000000   Number         0  gui__intersectrect.o ABSOLUTE
    ..\..\..\Utilities\Third_Party\STemWin532_20160205\GUI\Core\GUI__IntersectRects.c 0x00000000   Number         0  gui__intersectrects.o ABSOLUTE
    ..\..\..\Utilities\Third_Party\STemWin532_20160205\GUI\Core\GUI__ManageCache.c 0x00000000   Number         0  gui__managecache.o ABSOLUTE
    ..\..\..\Utilities\Third_Party\STemWin532_20160205\GUI\Core\GUI__ReduceRect.c 0x00000000   Number         0  gui__reducerect.o ABSOLUTE
    ..\..\..\Utilities\Third_Party\STemWin532_20160205\GUI\Core\GUI__SetText.c 0x00000000   Number         0  gui__settext.o ABSOLUTE
    ..\..\..\Utilities\Third_Party\STemWin532_20160205\GUI\Core\GUI__Wrap.c 0x00000000   Number         0  gui__wrap.o ABSOLUTE
    ..\..\..\Utilities\Third_Party\STemWin532_20160205\GUI\Core\GUI__memset.c 0x00000000   Number         0  gui__memset.o ABSOLUTE
    ..\..\..\Utilities\Third_Party\STemWin532_20160205\GUI\Core\GUI__memset16.c 0x00000000   Number         0  gui__memset16.o ABSOLUTE
    ..\..\..\Utilities\Third_Party\STemWin532_20160205\GUI\Core\GUI__strcmp.c 0x00000000   Number         0  gui__strcmp.o ABSOLUTE
    ..\..\..\Utilities\Third_Party\STemWin532_20160205\GUI\Core\GUI__strlen.c 0x00000000   Number         0  gui__strlen.o ABSOLUTE
    ..\..\..\Utilities\Third_Party\STemWin532_20160205\GUI\Core\LCD.c 0x00000000   Number         0  lcd.o ABSOLUTE
    ..\..\..\Utilities\Third_Party\STemWin532_20160205\GUI\Core\LCD_AA.c 0x00000000   Number         0  lcd_aa.o ABSOLUTE
    ..\..\..\Utilities\Third_Party\STemWin532_20160205\GUI\Core\LCD_Color.c 0x00000000   Number         0  lcd_color.o ABSOLUTE
    ..\..\..\Utilities\Third_Party\STemWin532_20160205\GUI\Core\LCD_GetColorIndex.c 0x00000000   Number         0  lcd_getcolorindex.o ABSOLUTE
    ..\..\..\Utilities\Third_Party\STemWin532_20160205\GUI\Core\LCD_GetEx.c 0x00000000   Number         0  lcd_getex.o ABSOLUTE
    ..\..\..\Utilities\Third_Party\STemWin532_20160205\GUI\Core\LCD_GetNumDisplays.c 0x00000000   Number         0  lcd_getnumdisplays.o ABSOLUTE
    ..\..\..\Utilities\Third_Party\STemWin532_20160205\GUI\Core\LCD_GetP.c 0x00000000   Number         0  lcd_getp.o ABSOLUTE
    ..\..\..\Utilities\Third_Party\STemWin532_20160205\GUI\Core\LCD_GetPixelColor.c 0x00000000   Number         0  lcd_getpixelcolor.o ABSOLUTE
    ..\..\..\Utilities\Third_Party\STemWin532_20160205\GUI\Core\LCD_Mirror.c 0x00000000   Number         0  lcd_mirror.o ABSOLUTE
    ..\..\..\Utilities\Third_Party\STemWin532_20160205\GUI\Core\LCD_ReadRect.c 0x00000000   Number         0  lcd_readrect.o ABSOLUTE
    ..\..\..\Utilities\Third_Party\STemWin532_20160205\GUI\Core\LCD_SelectLCD.c 0x00000000   Number         0  lcd_selectlcd.o ABSOLUTE
    ..\..\..\Utilities\Third_Party\STemWin532_20160205\GUI\Core\LCD_Set.c 0x00000000   Number         0  lcd_set.o ABSOLUTE
    ..\..\..\Utilities\Third_Party\STemWin532_20160205\GUI\Core\LCD_SetClipRectEx.c 0x00000000   Number         0  lcd_setcliprectex.o ABSOLUTE
    ..\..\..\Utilities\Third_Party\STemWin532_20160205\GUI\Core\LCD_UpdateColorIndices.c 0x00000000   Number         0  lcd_updatecolorindices.o ABSOLUTE
    ..\..\..\Utilities\Third_Party\STemWin532_20160205\GUI\Font\F13_1.c 0x00000000   Number         0  f13_1.o ABSOLUTE
    ..\..\..\Utilities\Third_Party\STemWin532_20160205\GUI\Font\F13_ASCII.c 0x00000000   Number         0  f13_ascii.o ABSOLUTE
    ..\..\..\Utilities\Third_Party\STemWin532_20160205\GUI\Font\F6x8.c 0x00000000   Number         0  f6x8.o ABSOLUTE
    ..\..\..\Utilities\Third_Party\STemWin532_20160205\GUI\MemDev\GUIDEV.c 0x00000000   Number         0  guidev.o ABSOLUTE
    ..\..\..\Utilities\Third_Party\STemWin532_20160205\GUI\MemDev\GUIDEV_16.c 0x00000000   Number         0  guidev_16.o ABSOLUTE
    ..\..\..\Utilities\Third_Party\STemWin532_20160205\GUI\MemDev\GUIDEV_32.c 0x00000000   Number         0  guidev_32.o ABSOLUTE
    ..\..\..\Utilities\Third_Party\STemWin532_20160205\GUI\MemDev\GUIDEV_Banding.c 0x00000000   Number         0  guidev_banding.o ABSOLUTE
    ..\..\..\Utilities\Third_Party\STemWin532_20160205\GUI\MemDev\GUIDEV_Clear.c 0x00000000   Number         0  guidev_clear.o ABSOLUTE
    ..\..\..\Utilities\Third_Party\STemWin532_20160205\GUI\MemDev\GUIDEV_CreateFixed.c 0x00000000   Number         0  guidev_createfixed.o ABSOLUTE
    ..\..\..\Utilities\Third_Party\STemWin532_20160205\GUI\MemDev\GUIDEV_GetDataPtr.c 0x00000000   Number         0  guidev_getdataptr.o ABSOLUTE
    ..\..\..\Utilities\Third_Party\STemWin532_20160205\GUI\MemDev\GUIDEV_GetPos.c 0x00000000   Number         0  guidev_getpos.o ABSOLUTE
    ..\..\..\Utilities\Third_Party\STemWin532_20160205\GUI\MemDev\GUIDEV_GetXSize.c 0x00000000   Number         0  guidev_getxsize.o ABSOLUTE
    ..\..\..\Utilities\Third_Party\STemWin532_20160205\GUI\MemDev\GUIDEV_GetYSize.c 0x00000000   Number         0  guidev_getysize.o ABSOLUTE
    ..\..\..\Utilities\Third_Party\STemWin532_20160205\GUI\MemDev\GUIDEV_ReduceYSize.c 0x00000000   Number         0  guidev_reduceysize.o ABSOLUTE
    ..\..\..\Utilities\Third_Party\STemWin532_20160205\GUI\MemDev\GUIDEV_SetOrg.c 0x00000000   Number         0  guidev_setorg.o ABSOLUTE
    ..\..\..\Utilities\Third_Party\STemWin532_20160205\GUI\MemDev\GUIDEV_StaticDevices.c 0x00000000   Number         0  guidev_staticdevices.o ABSOLUTE
    ..\..\..\Utilities\Third_Party\STemWin532_20160205\GUI\MemDev\GUIDEV_Usage.c 0x00000000   Number         0  guidev_usage.o ABSOLUTE
    ..\..\..\Utilities\Third_Party\STemWin532_20160205\GUI\MemDev\GUIDEV_UsageBM.c 0x00000000   Number         0  guidev_usagebm.o ABSOLUTE
    ..\..\..\Utilities\Third_Party\STemWin532_20160205\GUI\MemDev\GUIDEV_Write.c 0x00000000   Number         0  guidev_write.o ABSOLUTE
    ..\..\..\Utilities\Third_Party\STemWin532_20160205\GUI\MemDev\GUIDEV_WriteToActiveAlpha.c 0x00000000   Number         0  guidev_writetoactivealpha.o ABSOLUTE
    ..\..\..\Utilities\Third_Party\STemWin532_20160205\GUI\MemDev\GUIDEV_WriteToActiveOpaque.c 0x00000000   Number         0  guidev_writetoactiveopaque.o ABSOLUTE
    ..\..\..\Utilities\Third_Party\STemWin532_20160205\GUI\WM\WM.c 0x00000000   Number         0  wm.o ABSOLUTE
    ..\..\..\Utilities\Third_Party\STemWin532_20160205\GUI\WM\WM_BringToBottom.c 0x00000000   Number         0  wm_bringtobottom.o ABSOLUTE
    ..\..\..\Utilities\Third_Party\STemWin532_20160205\GUI\WM\WM_BringToTop.c 0x00000000   Number         0  wm_bringtotop.o ABSOLUTE
    ..\..\..\Utilities\Third_Party\STemWin532_20160205\GUI\WM\WM_CriticalHandle.c 0x00000000   Number         0  wm_criticalhandle.o ABSOLUTE
    ..\..\..\Utilities\Third_Party\STemWin532_20160205\GUI\WM\WM_ForEachDesc.c 0x00000000   Number         0  wm_foreachdesc.o ABSOLUTE
    ..\..\..\Utilities\Third_Party\STemWin532_20160205\GUI\WM\WM_GetBkColor.c 0x00000000   Number         0  wm_getbkcolor.o ABSOLUTE
    ..\..\..\Utilities\Third_Party\STemWin532_20160205\GUI\WM\WM_GetClientRect.c 0x00000000   Number         0  wm_getclientrect.o ABSOLUTE
    ..\..\..\Utilities\Third_Party\STemWin532_20160205\GUI\WM\WM_GetClientWindow.c 0x00000000   Number         0  wm_getclientwindow.o ABSOLUTE
    ..\..\..\Utilities\Third_Party\STemWin532_20160205\GUI\WM\WM_GetDesktopWindow.c 0x00000000   Number         0  wm_getdesktopwindow.o ABSOLUTE
    ..\..\..\Utilities\Third_Party\STemWin532_20160205\GUI\WM\WM_GetDesktopWindowEx.c 0x00000000   Number         0  wm_getdesktopwindowex.o ABSOLUTE
    ..\..\..\Utilities\Third_Party\STemWin532_20160205\GUI\WM\WM_GetDialogItem.c 0x00000000   Number         0  wm_getdialogitem.o ABSOLUTE
    ..\..\..\Utilities\Third_Party\STemWin532_20160205\GUI\WM\WM_GetFirstChild.c 0x00000000   Number         0  wm_getfirstchild.o ABSOLUTE
    ..\..\..\Utilities\Third_Party\STemWin532_20160205\GUI\WM\WM_GetFocussedWindow.c 0x00000000   Number         0  wm_getfocussedwindow.o ABSOLUTE
    ..\..\..\Utilities\Third_Party\STemWin532_20160205\GUI\WM\WM_GetId.c 0x00000000   Number         0  wm_getid.o ABSOLUTE
    ..\..\..\Utilities\Third_Party\STemWin532_20160205\GUI\WM\WM_GetOrg.c 0x00000000   Number         0  wm_getorg.o ABSOLUTE
    ..\..\..\Utilities\Third_Party\STemWin532_20160205\GUI\WM\WM_GetParent.c 0x00000000   Number         0  wm_getparent.o ABSOLUTE
    ..\..\..\Utilities\Third_Party\STemWin532_20160205\GUI\WM\WM_GetWindowRect.c 0x00000000   Number         0  wm_getwindowrect.o ABSOLUTE
    ..\..\..\Utilities\Third_Party\STemWin532_20160205\GUI\WM\WM_GetWindowSize.c 0x00000000   Number         0  wm_getwindowsize.o ABSOLUTE
    ..\..\..\Utilities\Third_Party\STemWin532_20160205\GUI\WM\WM_HasFocus.c 0x00000000   Number         0  wm_hasfocus.o ABSOLUTE
    ..\..\..\Utilities\Third_Party\STemWin532_20160205\GUI\WM\WM_IsFocussable.c 0x00000000   Number         0  wm_isfocussable.o ABSOLUTE
    ..\..\..\Utilities\Third_Party\STemWin532_20160205\GUI\WM\WM_IsWindow.c 0x00000000   Number         0  wm_iswindow.o ABSOLUTE
    ..\..\..\Utilities\Third_Party\STemWin532_20160205\GUI\WM\WM_Move.c 0x00000000   Number         0  wm_move.o ABSOLUTE
    ..\..\..\Utilities\Third_Party\STemWin532_20160205\GUI\WM\WM_NotifyParent.c 0x00000000   Number         0  wm_notifyparent.o ABSOLUTE
    ..\..\..\Utilities\Third_Party\STemWin532_20160205\GUI\WM\WM_OnKey.c 0x00000000   Number         0  wm_onkey.o ABSOLUTE
    ..\..\..\Utilities\Third_Party\STemWin532_20160205\GUI\WM\WM_PID__GetPrevState.c 0x00000000   Number         0  wm_pid__getprevstate.o ABSOLUTE
    ..\..\..\Utilities\Third_Party\STemWin532_20160205\GUI\WM\WM_ResizeWindow.c 0x00000000   Number         0  wm_resizewindow.o ABSOLUTE
    ..\..\..\Utilities\Third_Party\STemWin532_20160205\GUI\WM\WM_Screen2Win.c 0x00000000   Number         0  wm_screen2win.o ABSOLUTE
    ..\..\..\Utilities\Third_Party\STemWin532_20160205\GUI\WM\WM_SendMessageNoPara.c 0x00000000   Number         0  wm_sendmessagenopara.o ABSOLUTE
    ..\..\..\Utilities\Third_Party\STemWin532_20160205\GUI\WM\WM_SendToParent.c 0x00000000   Number         0  wm_sendtoparent.o ABSOLUTE
    ..\..\..\Utilities\Third_Party\STemWin532_20160205\GUI\WM\WM_SetCapture.c 0x00000000   Number         0  wm_setcapture.o ABSOLUTE
    ..\..\..\Utilities\Third_Party\STemWin532_20160205\GUI\WM\WM_SetFocus.c 0x00000000   Number         0  wm_setfocus.o ABSOLUTE
    ..\..\..\Utilities\Third_Party\STemWin532_20160205\GUI\WM\WM_SetFocusOnNextChild.c 0x00000000   Number         0  wm_setfocusonnextchild.o ABSOLUTE
    ..\..\..\Utilities\Third_Party\STemWin532_20160205\GUI\WM\WM_SetFocusOnPrevChild.c 0x00000000   Number         0  wm_setfocusonprevchild.o ABSOLUTE
    ..\..\..\Utilities\Third_Party\STemWin532_20160205\GUI\WM\WM_SetScrollState.c 0x00000000   Number         0  wm_setscrollstate.o ABSOLUTE
    ..\..\..\Utilities\Third_Party\STemWin532_20160205\GUI\WM\WM_SetSize.c 0x00000000   Number         0  wm_setsize.o ABSOLUTE
    ..\..\..\Utilities\Third_Party\STemWin532_20160205\GUI\WM\WM_SetTrans.c 0x00000000   Number         0  wm_settrans.o ABSOLUTE
    ..\..\..\Utilities\Third_Party\STemWin532_20160205\GUI\WM\WM_SetUserClipRect.c 0x00000000   Number         0  wm_setusercliprect.o ABSOLUTE
    ..\..\..\Utilities\Third_Party\STemWin532_20160205\GUI\WM\WM_Show.c 0x00000000   Number         0  wm_show.o ABSOLUTE
    ..\..\..\Utilities\Third_Party\STemWin532_20160205\GUI\WM\WM_Timer.c 0x00000000   Number         0  wm_timer.o ABSOLUTE
    ..\..\..\Utilities\Third_Party\STemWin532_20160205\GUI\WM\WM_Touch.c 0x00000000   Number         0  wm_touch.o ABSOLUTE
    ..\..\..\Utilities\Third_Party\STemWin532_20160205\GUI\WM\WM_UserData.c 0x00000000   Number         0  wm_userdata.o ABSOLUTE
    ..\..\..\Utilities\Third_Party\STemWin532_20160205\GUI\WM\WM_ValidateWindow.c 0x00000000   Number         0  wm_validatewindow.o ABSOLUTE
    ..\..\..\Utilities\Third_Party\STemWin532_20160205\GUI\WM\WM__ForEachDesc.c 0x00000000   Number         0  wm__foreachdesc.o ABSOLUTE
    ..\..\..\Utilities\Third_Party\STemWin532_20160205\GUI\WM\WM__GetFirstSibling.c 0x00000000   Number         0  wm__getfirstsibling.o ABSOLUTE
    ..\..\..\Utilities\Third_Party\STemWin532_20160205\GUI\WM\WM__GetFocussedChild.c 0x00000000   Number         0  wm__getfocussedchild.o ABSOLUTE
    ..\..\..\Utilities\Third_Party\STemWin532_20160205\GUI\WM\WM__GetLastSibling.c 0x00000000   Number         0  wm__getlastsibling.o ABSOLUTE
    ..\..\..\Utilities\Third_Party\STemWin532_20160205\GUI\WM\WM__GetPrevSibling.c 0x00000000   Number         0  wm__getprevsibling.o ABSOLUTE
    ..\..\..\Utilities\Third_Party\STemWin532_20160205\GUI\WM\WM__IsAncestor.c 0x00000000   Number         0  wm__isancestor.o ABSOLUTE
    ..\..\..\Utilities\Third_Party\STemWin532_20160205\GUI\WM\WM__IsChild.c 0x00000000   Number         0  wm__ischild.o ABSOLUTE
    ..\..\..\Utilities\Third_Party\STemWin532_20160205\GUI\WM\WM__IsEnabled.c 0x00000000   Number         0  wm__isenabled.o ABSOLUTE
    ..\..\..\Utilities\Third_Party\STemWin532_20160205\GUI\WM\WM__Screen2Client.c 0x00000000   Number         0  wm__screen2client.o ABSOLUTE
    ..\..\..\Utilities\Third_Party\STemWin532_20160205\GUI\WM\WM__SendMessage.c 0x00000000   Number         0  wm__sendmessage.o ABSOLUTE
    ..\..\..\Utilities\Third_Party\STemWin532_20160205\GUI\WM\WM__SendMessageIfEnabled.c 0x00000000   Number         0  wm__sendmessageifenabled.o ABSOLUTE
    ..\..\..\Utilities\Third_Party\STemWin532_20160205\GUI\WM\WM__SendMessageNoPara.c 0x00000000   Number         0  wm__sendmessagenopara.o ABSOLUTE
    ..\..\..\Utilities\Third_Party\STemWin532_20160205\GUI\WM\WM__UpdateChildPositions.c 0x00000000   Number         0  wm__updatechildpositions.o ABSOLUTE
    ..\..\..\Utilities\Third_Party\STemWin532_20160205\GUI\Widget\DIALOG.c 0x00000000   Number         0  dialog.o ABSOLUTE
    ..\..\..\Utilities\Third_Party\STemWin532_20160205\GUI\Widget\TEXT.c 0x00000000   Number         0  text.o ABSOLUTE
    ..\..\..\Utilities\Third_Party\STemWin532_20160205\GUI\Widget\TEXT_CreateIndirect.c 0x00000000   Number         0  text_createindirect.o ABSOLUTE
    ..\..\..\Utilities\Third_Party\STemWin532_20160205\GUI\Widget\TEXT_SetFont.c 0x00000000   Number         0  text_setfont.o ABSOLUTE
    ..\..\..\Utilities\Third_Party\STemWin532_20160205\GUI\Widget\TEXT_SetText.c 0x00000000   Number         0  text_settext.o ABSOLUTE
    ..\..\..\Utilities\Third_Party\STemWin532_20160205\GUI\Widget\WIDGET.c 0x00000000   Number         0  widget.o ABSOLUTE
    ..\..\..\Utilities\Third_Party\STemWin532_20160205\GUI\Widget\WIDGET_Effect_Simple.c 0x00000000   Number         0  widget_effect_simple.o ABSOLUTE
    ..\..\..\Utilities\Third_Party\STemWin532_20160205\GUI\Widget\WINDOW.c 0x00000000   Number         0  window.o ABSOLUTE
    C:\Keil_v5\ARM\PACK\Keil\STM32F1xx_DFP\2.2.0\Device\StdPeriph_Driver\src\misc.c 0x00000000   Number         0  misc.o ABSOLUTE
    C:\Keil_v5\ARM\PACK\Keil\STM32F1xx_DFP\2.2.0\Device\StdPeriph_Driver\src\stm32f10x_gpio.c 0x00000000   Number         0  stm32f10x_gpio.o ABSOLUTE
    C:\Keil_v5\ARM\PACK\Keil\STM32F1xx_DFP\2.2.0\Device\StdPeriph_Driver\src\stm32f10x_rcc.c 0x00000000   Number         0  stm32f10x_rcc.o ABSOLUTE
    C:\\Keil_v5\\ARM\\PACK\\Keil\\STM32F1xx_DFP\\2.2.0\\Device\\StdPeriph_Driver\\src\\misc.c 0x00000000   Number         0  misc.o ABSOLUTE
    C:\\Keil_v5\\ARM\\PACK\\Keil\\STM32F1xx_DFP\\2.2.0\\Device\\StdPeriph_Driver\\src\\stm32f10x_gpio.c 0x00000000   Number         0  stm32f10x_gpio.o ABSOLUTE
    C:\\Keil_v5\\ARM\\PACK\\Keil\\STM32F1xx_DFP\\2.2.0\\Device\\StdPeriph_Driver\\src\\stm32f10x_rcc.c 0x00000000   Number         0  stm32f10x_rcc.o ABSOLUTE
    EmWin\\src\\LCDConf.c                    0x00000000   Number         0  lcdconf.o ABSOLUTE
    EmWin\src\GUIConf.c                      0x00000000   Number         0  guiconf.o ABSOLUTE
    EmWin\src\GUI_X.c                        0x00000000   Number         0  gui_x.o ABSOLUTE
    EmWin\src\LCDConf.c                      0x00000000   Number         0  lcdconf.o ABSOLUTE
    EmWin\src\Times New Roman24.c            0x00000000   Number         0  times new roman24.o ABSOLUTE
    EmWin\src\WindowDLG.c                    0x00000000   Number         0  windowdlg.o ABSOLUTE
    MyInclude\AnMotors.c                     0x00000000   Number         0  anmotors.o ABSOLUTE
    MyInclude\\AnMotors.c                    0x00000000   Number         0  anmotors.o ABSOLUTE
    MyInclude\\delay.c                       0x00000000   Number         0  delay.o ABSOLUTE
    MyInclude\\displ.c                       0x00000000   Number         0  displ.o ABSOLUTE
    MyInclude\\funct.c                       0x00000000   Number         0  funct.o ABSOLUTE
    MyInclude\delay.c                        0x00000000   Number         0  delay.o ABSOLUTE
    MyInclude\displ.c                        0x00000000   Number         0  displ.o ABSOLUTE
    MyInclude\funct.c                        0x00000000   Number         0  funct.o ABSOLUTE
    RTE\Device\STM32F100RC\startup_stm32f10x_hd_vl.s 0x00000000   Number         0  startup_stm32f10x_hd_vl.o ABSOLUTE
    RTE\Device\STM32F100RC\system_stm32f10x.c 0x00000000   Number         0  system_stm32f10x.o ABSOLUTE
    RTE\\Device\\STM32F100RC\\system_stm32f10x.c 0x00000000   Number         0  system_stm32f10x.o ABSOLUTE
    dc.s                                     0x00000000   Number         0  dc.o ABSOLUTE
    main.c                                   0x00000000   Number         0  main.o ABSOLUTE
    main.c                                   0x00000000   Number         0  main.o ABSOLUTE
    RESET                                    0x08000000   Section      308  startup_stm32f10x_hd_vl.o(RESET)
    !!!main                                  0x08000134   Section        8  __main.o(!!!main)
    !!!scatter                               0x0800013c   Section       52  __scatter.o(!!!scatter)
    !!handler_copy                           0x08000170   Section       26  __scatter_copy.o(!!handler_copy)
    !!handler_zi                             0x0800018c   Section       28  __scatter_zi.o(!!handler_zi)
    .ARM.Collect$$libinit$$00000000          0x080001a8   Section        2  libinit.o(.ARM.Collect$$libinit$$00000000)
    .ARM.Collect$$libinit$$00000002          0x080001aa   Section        0  libinit2.o(.ARM.Collect$$libinit$$00000002)
    .ARM.Collect$$libinit$$00000004          0x080001aa   Section        0  libinit2.o(.ARM.Collect$$libinit$$00000004)
    .ARM.Collect$$libinit$$0000000A          0x080001aa   Section        0  libinit2.o(.ARM.Collect$$libinit$$0000000A)
    .ARM.Collect$$libinit$$0000000C          0x080001aa   Section        0  libinit2.o(.ARM.Collect$$libinit$$0000000C)
    .ARM.Collect$$libinit$$0000000E          0x080001aa   Section        0  libinit2.o(.ARM.Collect$$libinit$$0000000E)
    .ARM.Collect$$libinit$$00000011          0x080001aa   Section        0  libinit2.o(.ARM.Collect$$libinit$$00000011)
    .ARM.Collect$$libinit$$00000013          0x080001aa   Section        0  libinit2.o(.ARM.Collect$$libinit$$00000013)
    .ARM.Collect$$libinit$$00000015          0x080001aa   Section        0  libinit2.o(.ARM.Collect$$libinit$$00000015)
    .ARM.Collect$$libinit$$00000017          0x080001aa   Section        0  libinit2.o(.ARM.Collect$$libinit$$00000017)
    .ARM.Collect$$libinit$$00000019          0x080001aa   Section        0  libinit2.o(.ARM.Collect$$libinit$$00000019)
    .ARM.Collect$$libinit$$0000001B          0x080001aa   Section        0  libinit2.o(.ARM.Collect$$libinit$$0000001B)
    .ARM.Collect$$libinit$$0000001D          0x080001aa   Section        0  libinit2.o(.ARM.Collect$$libinit$$0000001D)
    .ARM.Collect$$libinit$$0000001F          0x080001aa   Section        0  libinit2.o(.ARM.Collect$$libinit$$0000001F)
    .ARM.Collect$$libinit$$00000021          0x080001aa   Section        0  libinit2.o(.ARM.Collect$$libinit$$00000021)
    .ARM.Collect$$libinit$$00000023          0x080001aa   Section        0  libinit2.o(.ARM.Collect$$libinit$$00000023)
    .ARM.Collect$$libinit$$00000025          0x080001aa   Section        0  libinit2.o(.ARM.Collect$$libinit$$00000025)
    .ARM.Collect$$libinit$$0000002C          0x080001aa   Section        0  libinit2.o(.ARM.Collect$$libinit$$0000002C)
    .ARM.Collect$$libinit$$0000002E          0x080001aa   Section        0  libinit2.o(.ARM.Collect$$libinit$$0000002E)
    .ARM.Collect$$libinit$$00000030          0x080001aa   Section        0  libinit2.o(.ARM.Collect$$libinit$$00000030)
    .ARM.Collect$$libinit$$00000032          0x080001aa   Section        0  libinit2.o(.ARM.Collect$$libinit$$00000032)
    .ARM.Collect$$libinit$$00000033          0x080001aa   Section        2  libinit2.o(.ARM.Collect$$libinit$$00000033)
    .ARM.Collect$$libshutdown$$00000000      0x080001ac   Section        2  libshutdown.o(.ARM.Collect$$libshutdown$$00000000)
    .ARM.Collect$$libshutdown$$00000002      0x080001ae   Section        0  libshutdown2.o(.ARM.Collect$$libshutdown$$00000002)
    .ARM.Collect$$libshutdown$$00000004      0x080001ae   Section        0  libshutdown2.o(.ARM.Collect$$libshutdown$$00000004)
    .ARM.Collect$$libshutdown$$00000007      0x080001ae   Section        0  libshutdown2.o(.ARM.Collect$$libshutdown$$00000007)
    .ARM.Collect$$libshutdown$$0000000A      0x080001ae   Section        0  libshutdown2.o(.ARM.Collect$$libshutdown$$0000000A)
    .ARM.Collect$$libshutdown$$0000000C      0x080001ae   Section        0  libshutdown2.o(.ARM.Collect$$libshutdown$$0000000C)
    .ARM.Collect$$libshutdown$$0000000F      0x080001ae   Section        0  libshutdown2.o(.ARM.Collect$$libshutdown$$0000000F)
    .ARM.Collect$$libshutdown$$00000010      0x080001ae   Section        2  libshutdown2.o(.ARM.Collect$$libshutdown$$00000010)
    .ARM.Collect$$rtentry$$00000000          0x080001b0   Section        0  __rtentry.o(.ARM.Collect$$rtentry$$00000000)
    .ARM.Collect$$rtentry$$00000002          0x080001b0   Section        0  __rtentry2.o(.ARM.Collect$$rtentry$$00000002)
    .ARM.Collect$$rtentry$$00000004          0x080001b0   Section        6  __rtentry4.o(.ARM.Collect$$rtentry$$00000004)
    .ARM.Collect$$rtentry$$00000009          0x080001b6   Section        0  __rtentry2.o(.ARM.Collect$$rtentry$$00000009)
    .ARM.Collect$$rtentry$$0000000A          0x080001b6   Section        4  __rtentry2.o(.ARM.Collect$$rtentry$$0000000A)
    .ARM.Collect$$rtentry$$0000000C          0x080001ba   Section        0  __rtentry2.o(.ARM.Collect$$rtentry$$0000000C)
    .ARM.Collect$$rtentry$$0000000D          0x080001ba   Section        8  __rtentry2.o(.ARM.Collect$$rtentry$$0000000D)
    .ARM.Collect$$rtexit$$00000000           0x080001c2   Section        2  rtexit.o(.ARM.Collect$$rtexit$$00000000)
    .ARM.Collect$$rtexit$$00000002           0x080001c4   Section        0  rtexit2.o(.ARM.Collect$$rtexit$$00000002)
    .ARM.Collect$$rtexit$$00000003           0x080001c4   Section        4  rtexit2.o(.ARM.Collect$$rtexit$$00000003)
    .ARM.Collect$$rtexit$$00000004           0x080001c8   Section        6  rtexit2.o(.ARM.Collect$$rtexit$$00000004)
    .text                                    0x080001d0   Section       64  startup_stm32f10x_hd_vl.o(.text)
    .text                                    0x08000210   Section        0  heapauxi.o(.text)
    .text                                    0x08000216   Section       74  sys_stackheap_outer.o(.text)
    .text                                    0x08000260   Section        0  exit.o(.text)
    .text                                    0x08000274   Section        8  libspace.o(.text)
    .text                                    0x0800027c   Section        0  sys_exit.o(.text)
    .text                                    0x08000288   Section        2  use_no_semi.o(.text)
    .text                                    0x0800028a   Section        0  indicate_semi.o(.text)
    i.Delay_ms                               0x0800028c   Section        0  delay.o(i.Delay_ms)
    i.Display_Home                           0x080002ac   Section        0  displ.o(i.Display_Home)
    i.IWDG_Feed                              0x080002f0   Section        0  delay.o(i.IWDG_Feed)
    i.SetSysClock                            0x08000300   Section        0  system_stm32f10x.o(i.SetSysClock)
    SetSysClock                              0x08000301   Thumb Code     8  system_stm32f10x.o(i.SetSysClock)
    i.SetSysClockTo24                        0x08000308   Section        0  system_stm32f10x.o(i.SetSysClockTo24)
    SetSysClockTo24                          0x08000309   Thumb Code   178  system_stm32f10x.o(i.SetSysClockTo24)
    i.SysTick_Handler                        0x080003c0   Section        0  delay.o(i.SysTick_Handler)
    i.SystemInit                             0x080003d8   Section        0  system_stm32f10x.o(i.SystemInit)
    i.TIM2_IRQHandler                        0x0800043c   Section        0  main.o(i.TIM2_IRQHandler)
    i.display_rgb                            0x0800045a   Section        0  displ.o(i.display_rgb)
    i.drawRect                               0x08000486   Section        0  displ.o(i.drawRect)
    i.getArea                                0x08000530   Section        0  displ.o(i.getArea)
    i.initDelay                              0x080005a0   Section        0  delay.o(i.initDelay)
    i.init_TFT                               0x080005f0   Section        0  displ.o(i.init_TFT)
    i.lcdWriteCommand                        0x0800085c   Section        0  displ.o(i.lcdWriteCommand)
    i.line                                   0x080008cc   Section        0  displ.o(i.line)
    i.main                                   0x0800095c   Section        0  main.o(i.main)
    i.point                                  0x08000a20   Section        0  displ.o(i.point)
    i.portInit                               0x08000a74   Section        0  funct.o(i.portInit)
    i.portToInput                            0x08000b2c   Section        0  funct.o(i.portToInput)
    i.portToOut                              0x08000b68   Section        0  funct.o(i.portToOut)
    i.read_data                              0x08000ba4   Section        0  displ.o(i.read_data)
    i.setArea                                0x08000c24   Section        0  displ.o(i.setArea)
    i.write_String                           0x08000c90   Section        0  displ.o(i.write_String)
    i.write_data                             0x08000cd4   Section        0  displ.o(i.write_data)
    i.write_symbol                           0x08000d4c   Section        0  displ.o(i.write_symbol)
    .constdata                               0x08000de4   Section     2048  displ.o(.constdata)
    .data                                    0x20000000   Section        4  delay.o(.data)
    .bss                                     0x20000004   Section    20000  displ.o(.bss)
    .bss                                     0x20004e24   Section       96  libspace.o(.bss)
    HEAP                                     0x20004e88   Section      512  startup_stm32f10x_hd_vl.o(HEAP)
    Heap_Mem                                 0x20004e88   Data         512  startup_stm32f10x_hd_vl.o(HEAP)
    STACK                                    0x20005088   Section     1024  startup_stm32f10x_hd_vl.o(STACK)
    Stack_Mem                                0x20005088   Data        1024  startup_stm32f10x_hd_vl.o(STACK)
    __initial_sp                             0x20005488   Data           0  startup_stm32f10x_hd_vl.o(STACK)

    Global Symbols

    Symbol Name                              Value     Ov Type        Size  Object(Section)

    BuildAttributes$$THM_ISAv4$P$D$K$B$S$PE$A:L22UL41UL21$X:L11$S22US41US21$IEEE1$IW$USESV6$~STKCKD$USESV7$~SHL$OSPACE$ROPI$EBA8$UX$STANDARDLIB$REQ8$PRES8$EABIv2 0x00000000   Number         0  anon$$obj.o ABSOLUTE
    __ARM_use_no_argv                        0x00000000   Number         0  main.o ABSOLUTE
    __ARM_exceptions_init                     - Undefined Weak Reference
    __alloca_initialize                       - Undefined Weak Reference
    __arm_preinit_                            - Undefined Weak Reference
    __cpp_initialize__aeabi_                  - Undefined Weak Reference
    __cxa_finalize                            - Undefined Weak Reference
    __rt_locale                               - Undefined Weak Reference
    __sigvec_lookup                           - Undefined Weak Reference
    _atexit_init                              - Undefined Weak Reference
    _call_atexit_fns                          - Undefined Weak Reference
    _clock_init                               - Undefined Weak Reference
    _fp_trap_init                             - Undefined Weak Reference
    _fp_trap_shutdown                         - Undefined Weak Reference
    _get_lc_collate                           - Undefined Weak Reference
    _get_lc_ctype                             - Undefined Weak Reference
    _get_lc_monetary                          - Undefined Weak Reference
    _get_lc_numeric                           - Undefined Weak Reference
    _get_lc_time                              - Undefined Weak Reference
    _getenv_init                              - Undefined Weak Reference
    _handle_redirection                       - Undefined Weak Reference
    _init_alloc                               - Undefined Weak Reference
    _init_user_alloc                          - Undefined Weak Reference
    _initio                                   - Undefined Weak Reference
    _mutex_acquire                            - Undefined Weak Reference
    _mutex_release                            - Undefined Weak Reference
    _rand_init                                - Undefined Weak Reference
    _signal_finish                            - Undefined Weak Reference
    _signal_init                              - Undefined Weak Reference
    _terminate_alloc                          - Undefined Weak Reference
    _terminate_user_alloc                     - Undefined Weak Reference
    _terminateio                              - Undefined Weak Reference
    __Vectors_Size                           0x00000134   Number         0  startup_stm32f10x_hd_vl.o ABSOLUTE
    __Vectors                                0x08000000   Data           4  startup_stm32f10x_hd_vl.o(RESET)
    __Vectors_End                            0x08000134   Data           0  startup_stm32f10x_hd_vl.o(RESET)
    __main                                   0x08000135   Thumb Code     8  __main.o(!!!main)
    __scatterload                            0x0800013d   Thumb Code     0  __scatter.o(!!!scatter)
    __scatterload_rt2                        0x0800013d   Thumb Code    44  __scatter.o(!!!scatter)
    __scatterload_rt2_thumb_only             0x0800013d   Thumb Code     0  __scatter.o(!!!scatter)
    __scatterload_null                       0x0800014b   Thumb Code     0  __scatter.o(!!!scatter)
    __scatterload_copy                       0x08000171   Thumb Code    26  __scatter_copy.o(!!handler_copy)
    __scatterload_zeroinit                   0x0800018d   Thumb Code    28  __scatter_zi.o(!!handler_zi)
    __rt_lib_init                            0x080001a9   Thumb Code     0  libinit.o(.ARM.Collect$$libinit$$00000000)
    __rt_lib_init_alloca_1                   0x080001ab   Thumb Code     0  libinit2.o(.ARM.Collect$$libinit$$0000002E)
    __rt_lib_init_argv_1                     0x080001ab   Thumb Code     0  libinit2.o(.ARM.Collect$$libinit$$0000002C)
    __rt_lib_init_atexit_1                   0x080001ab   Thumb Code     0  libinit2.o(.ARM.Collect$$libinit$$0000001B)
    __rt_lib_init_clock_1                    0x080001ab   Thumb Code     0  libinit2.o(.ARM.Collect$$libinit$$00000021)
    __rt_lib_init_cpp_1                      0x080001ab   Thumb Code     0  libinit2.o(.ARM.Collect$$libinit$$00000032)
    __rt_lib_init_exceptions_1               0x080001ab   Thumb Code     0  libinit2.o(.ARM.Collect$$libinit$$00000030)
    __rt_lib_init_fp_1                       0x080001ab   Thumb Code     0  libinit2.o(.ARM.Collect$$libinit$$00000002)
    __rt_lib_init_fp_trap_1                  0x080001ab   Thumb Code     0  libinit2.o(.ARM.Collect$$libinit$$0000001F)
    __rt_lib_init_getenv_1                   0x080001ab   Thumb Code     0  libinit2.o(.ARM.Collect$$libinit$$00000023)
    __rt_lib_init_heap_1                     0x080001ab   Thumb Code     0  libinit2.o(.ARM.Collect$$libinit$$0000000A)
    __rt_lib_init_lc_collate_1               0x080001ab   Thumb Code     0  libinit2.o(.ARM.Collect$$libinit$$00000011)
    __rt_lib_init_lc_ctype_1                 0x080001ab   Thumb Code     0  libinit2.o(.ARM.Collect$$libinit$$00000013)
    __rt_lib_init_lc_monetary_1              0x080001ab   Thumb Code     0  libinit2.o(.ARM.Collect$$libinit$$00000015)
    __rt_lib_init_lc_numeric_1               0x080001ab   Thumb Code     0  libinit2.o(.ARM.Collect$$libinit$$00000017)
    __rt_lib_init_lc_time_1                  0x080001ab   Thumb Code     0  libinit2.o(.ARM.Collect$$libinit$$00000019)
    __rt_lib_init_preinit_1                  0x080001ab   Thumb Code     0  libinit2.o(.ARM.Collect$$libinit$$00000004)
    __rt_lib_init_rand_1                     0x080001ab   Thumb Code     0  libinit2.o(.ARM.Collect$$libinit$$0000000E)
    __rt_lib_init_return                     0x080001ab   Thumb Code     0  libinit2.o(.ARM.Collect$$libinit$$00000033)
    __rt_lib_init_signal_1                   0x080001ab   Thumb Code     0  libinit2.o(.ARM.Collect$$libinit$$0000001D)
    __rt_lib_init_stdio_1                    0x080001ab   Thumb Code     0  libinit2.o(.ARM.Collect$$libinit$$00000025)
    __rt_lib_init_user_alloc_1               0x080001ab   Thumb Code     0  libinit2.o(.ARM.Collect$$libinit$$0000000C)
    __rt_lib_shutdown                        0x080001ad   Thumb Code     0  libshutdown.o(.ARM.Collect$$libshutdown$$00000000)
    __rt_lib_shutdown_cpp_1                  0x080001af   Thumb Code     0  libshutdown2.o(.ARM.Collect$$libshutdown$$00000002)
    __rt_lib_shutdown_fp_trap_1              0x080001af   Thumb Code     0  libshutdown2.o(.ARM.Collect$$libshutdown$$00000007)
    __rt_lib_shutdown_heap_1                 0x080001af   Thumb Code     0  libshutdown2.o(.ARM.Collect$$libshutdown$$0000000F)
    __rt_lib_shutdown_return                 0x080001af   Thumb Code     0  libshutdown2.o(.ARM.Collect$$libshutdown$$00000010)
    __rt_lib_shutdown_signal_1               0x080001af   Thumb Code     0  libshutdown2.o(.ARM.Collect$$libshutdown$$0000000A)
    __rt_lib_shutdown_stdio_1                0x080001af   Thumb Code     0  libshutdown2.o(.ARM.Collect$$libshutdown$$00000004)
    __rt_lib_shutdown_user_alloc_1           0x080001af   Thumb Code     0  libshutdown2.o(.ARM.Collect$$libshutdown$$0000000C)
    __rt_entry                               0x080001b1   Thumb Code     0  __rtentry.o(.ARM.Collect$$rtentry$$00000000)
    __rt_entry_presh_1                       0x080001b1   Thumb Code     0  __rtentry2.o(.ARM.Collect$$rtentry$$00000002)
    __rt_entry_sh                            0x080001b1   Thumb Code     0  __rtentry4.o(.ARM.Collect$$rtentry$$00000004)
    __rt_entry_li                            0x080001b7   Thumb Code     0  __rtentry2.o(.ARM.Collect$$rtentry$$0000000A)
    __rt_entry_postsh_1                      0x080001b7   Thumb Code     0  __rtentry2.o(.ARM.Collect$$rtentry$$00000009)
    __rt_entry_main                          0x080001bb   Thumb Code     0  __rtentry2.o(.ARM.Collect$$rtentry$$0000000D)
    __rt_entry_postli_1                      0x080001bb   Thumb Code     0  __rtentry2.o(.ARM.Collect$$rtentry$$0000000C)
    __rt_exit                                0x080001c3   Thumb Code     0  rtexit.o(.ARM.Collect$$rtexit$$00000000)
    __rt_exit_ls                             0x080001c5   Thumb Code     0  rtexit2.o(.ARM.Collect$$rtexit$$00000003)
    __rt_exit_prels_1                        0x080001c5   Thumb Code     0  rtexit2.o(.ARM.Collect$$rtexit$$00000002)
    __rt_exit_exit                           0x080001c9   Thumb Code     0  rtexit2.o(.ARM.Collect$$rtexit$$00000004)
    Reset_Handler                            0x080001d1   Thumb Code     8  startup_stm32f10x_hd_vl.o(.text)
    NMI_Handler                              0x080001d9   Thumb Code     2  startup_stm32f10x_hd_vl.o(.text)
    HardFault_Handler                        0x080001db   Thumb Code     2  startup_stm32f10x_hd_vl.o(.text)
    MemManage_Handler                        0x080001dd   Thumb Code     2  startup_stm32f10x_hd_vl.o(.text)
    BusFault_Handler                         0x080001df   Thumb Code     2  startup_stm32f10x_hd_vl.o(.text)
    UsageFault_Handler                       0x080001e1   Thumb Code     2  startup_stm32f10x_hd_vl.o(.text)
    SVC_Handler                              0x080001e3   Thumb Code     2  startup_stm32f10x_hd_vl.o(.text)
    DebugMon_Handler                         0x080001e5   Thumb Code     2  startup_stm32f10x_hd_vl.o(.text)
    PendSV_Handler                           0x080001e7   Thumb Code     2  startup_stm32f10x_hd_vl.o(.text)
    ADC1_IRQHandler                          0x080001eb   Thumb Code     0  startup_stm32f10x_hd_vl.o(.text)
    CEC_IRQHandler                           0x080001eb   Thumb Code     0  startup_stm32f10x_hd_vl.o(.text)
    DMA1_Channel1_IRQHandler                 0x080001eb   Thumb Code     0  startup_stm32f10x_hd_vl.o(.text)
    DMA1_Channel2_IRQHandler                 0x080001eb   Thumb Code     0  startup_stm32f10x_hd_vl.o(.text)
    DMA1_Channel3_IRQHandler                 0x080001eb   Thumb Code     0  startup_stm32f10x_hd_vl.o(.text)
    DMA1_Channel4_IRQHandler                 0x080001eb   Thumb Code     0  startup_stm32f10x_hd_vl.o(.text)
    DMA1_Channel5_IRQHandler                 0x080001eb   Thumb Code     0  startup_stm32f10x_hd_vl.o(.text)
    DMA1_Channel6_IRQHandler                 0x080001eb   Thumb Code     0  startup_stm32f10x_hd_vl.o(.text)
    DMA1_Channel7_IRQHandler                 0x080001eb   Thumb Code     0  startup_stm32f10x_hd_vl.o(.text)
    DMA2_Channel1_IRQHandler                 0x080001eb   Thumb Code     0  startup_stm32f10x_hd_vl.o(.text)
    DMA2_Channel2_IRQHandler                 0x080001eb   Thumb Code     0  startup_stm32f10x_hd_vl.o(.text)
    DMA2_Channel3_IRQHandler                 0x080001eb   Thumb Code     0  startup_stm32f10x_hd_vl.o(.text)
    DMA2_Channel4_5_IRQHandler               0x080001eb   Thumb Code     0  startup_stm32f10x_hd_vl.o(.text)
    DMA2_Channel5_IRQHandler                 0x080001eb   Thumb Code     0  startup_stm32f10x_hd_vl.o(.text)
    EXTI0_IRQHandler                         0x080001eb   Thumb Code     0  startup_stm32f10x_hd_vl.o(.text)
    EXTI15_10_IRQHandler                     0x080001eb   Thumb Code     0  startup_stm32f10x_hd_vl.o(.text)
    EXTI1_IRQHandler                         0x080001eb   Thumb Code     0  startup_stm32f10x_hd_vl.o(.text)
    EXTI2_IRQHandler                         0x080001eb   Thumb Code     0  startup_stm32f10x_hd_vl.o(.text)
    EXTI3_IRQHandler                         0x080001eb   Thumb Code     0  startup_stm32f10x_hd_vl.o(.text)
    EXTI4_IRQHandler                         0x080001eb   Thumb Code     0  startup_stm32f10x_hd_vl.o(.text)
    EXTI9_5_IRQHandler                       0x080001eb   Thumb Code     0  startup_stm32f10x_hd_vl.o(.text)
    FLASH_IRQHandler                         0x080001eb   Thumb Code     0  startup_stm32f10x_hd_vl.o(.text)
    I2C1_ER_IRQHandler                       0x080001eb   Thumb Code     0  startup_stm32f10x_hd_vl.o(.text)
    I2C1_EV_IRQHandler                       0x080001eb   Thumb Code     0  startup_stm32f10x_hd_vl.o(.text)
    I2C2_ER_IRQHandler                       0x080001eb   Thumb Code     0  startup_stm32f10x_hd_vl.o(.text)
    I2C2_EV_IRQHandler                       0x080001eb   Thumb Code     0  startup_stm32f10x_hd_vl.o(.text)
    PVD_IRQHandler                           0x080001eb   Thumb Code     0  startup_stm32f10x_hd_vl.o(.text)
    RCC_IRQHandler                           0x080001eb   Thumb Code     0  startup_stm32f10x_hd_vl.o(.text)
    RTCAlarm_IRQHandler                      0x080001eb   Thumb Code     0  startup_stm32f10x_hd_vl.o(.text)
    RTC_IRQHandler                           0x080001eb   Thumb Code     0  startup_stm32f10x_hd_vl.o(.text)
    SPI1_IRQHandler                          0x080001eb   Thumb Code     0  startup_stm32f10x_hd_vl.o(.text)
    SPI2_IRQHandler                          0x080001eb   Thumb Code     0  startup_stm32f10x_hd_vl.o(.text)
    SPI3_IRQHandler                          0x080001eb   Thumb Code     0  startup_stm32f10x_hd_vl.o(.text)
    TAMPER_IRQHandler                        0x080001eb   Thumb Code     0  startup_stm32f10x_hd_vl.o(.text)
    TIM12_IRQHandler                         0x080001eb   Thumb Code     0  startup_stm32f10x_hd_vl.o(.text)
    TIM13_IRQHandler                         0x080001eb   Thumb Code     0  startup_stm32f10x_hd_vl.o(.text)
    TIM14_IRQHandler                         0x080001eb   Thumb Code     0  startup_stm32f10x_hd_vl.o(.text)
    TIM1_BRK_TIM15_IRQHandler                0x080001eb   Thumb Code     0  startup_stm32f10x_hd_vl.o(.text)
    TIM1_CC_IRQHandler                       0x080001eb   Thumb Code     0  startup_stm32f10x_hd_vl.o(.text)
    TIM1_TRG_COM_TIM17_IRQHandler            0x080001eb   Thumb Code     0  startup_stm32f10x_hd_vl.o(.text)
    TIM1_UP_TIM16_IRQHandler                 0x080001eb   Thumb Code     0  startup_stm32f10x_hd_vl.o(.text)
    TIM3_IRQHandler                          0x080001eb   Thumb Code     0  startup_stm32f10x_hd_vl.o(.text)
    TIM4_IRQHandler                          0x080001eb   Thumb Code     0  startup_stm32f10x_hd_vl.o(.text)
    TIM5_IRQHandler                          0x080001eb   Thumb Code     0  startup_stm32f10x_hd_vl.o(.text)
    TIM6_DAC_IRQHandler                      0x080001eb   Thumb Code     0  startup_stm32f10x_hd_vl.o(.text)
    TIM7_IRQHandler                          0x080001eb   Thumb Code     0  startup_stm32f10x_hd_vl.o(.text)
    UART4_IRQHandler                         0x080001eb   Thumb Code     0  startup_stm32f10x_hd_vl.o(.text)
    UART5_IRQHandler                         0x080001eb   Thumb Code     0  startup_stm32f10x_hd_vl.o(.text)
    USART1_IRQHandler                        0x080001eb   Thumb Code     0  startup_stm32f10x_hd_vl.o(.text)
    USART2_IRQHandler                        0x080001eb   Thumb Code     0  startup_stm32f10x_hd_vl.o(.text)
    USART3_IRQHandler                        0x080001eb   Thumb Code     0  startup_stm32f10x_hd_vl.o(.text)
    WWDG_IRQHandler                          0x080001eb   Thumb Code     0  startup_stm32f10x_hd_vl.o(.text)
    __user_initial_stackheap                 0x080001ed   Thumb Code     0  startup_stm32f10x_hd_vl.o(.text)
    __use_two_region_memory                  0x08000211   Thumb Code     2  heapauxi.o(.text)
    __rt_heap_escrow$2region                 0x08000213   Thumb Code     2  heapauxi.o(.text)
    __rt_heap_expand$2region                 0x08000215   Thumb Code     2  heapauxi.o(.text)
    __user_setup_stackheap                   0x08000217   Thumb Code    74  sys_stackheap_outer.o(.text)
    exit                                     0x08000261   Thumb Code    18  exit.o(.text)
    __user_libspace                          0x08000275   Thumb Code     8  libspace.o(.text)
    __user_perproc_libspace                  0x08000275   Thumb Code     0  libspace.o(.text)
    __user_perthread_libspace                0x08000275   Thumb Code     0  libspace.o(.text)
    _sys_exit                                0x0800027d   Thumb Code     8  sys_exit.o(.text)
    __I$use$semihosting                      0x08000289   Thumb Code     0  use_no_semi.o(.text)
    __use_no_semihosting_swi                 0x08000289   Thumb Code     2  use_no_semi.o(.text)
    __semihosting_library_function           0x0800028b   Thumb Code     0  indicate_semi.o(.text)
    Delay_ms                                 0x0800028d   Thumb Code    28  delay.o(i.Delay_ms)
    Display_Home                             0x080002ad   Thumb Code    68  displ.o(i.Display_Home)
    IWDG_Feed                                0x080002f1   Thumb Code    10  delay.o(i.IWDG_Feed)
    SysTick_Handler                          0x080003c1   Thumb Code    18  delay.o(i.SysTick_Handler)
    SystemInit                               0x080003d9   Thumb Code    82  system_stm32f10x.o(i.SystemInit)
    TIM2_IRQHandler                          0x0800043d   Thumb Code    30  main.o(i.TIM2_IRQHandler)
    display_rgb                              0x0800045b   Thumb Code    44  displ.o(i.display_rgb)
    drawRect                                 0x08000487   Thumb Code   170  displ.o(i.drawRect)
    getArea                                  0x08000531   Thumb Code   106  displ.o(i.getArea)
    initDelay                                0x080005a1   Thumb Code    72  delay.o(i.initDelay)
    init_TFT                                 0x080005f1   Thumb Code   616  displ.o(i.init_TFT)
    lcdWriteCommand                          0x0800085d   Thumb Code   104  displ.o(i.lcdWriteCommand)
    line                                     0x080008cd   Thumb Code   142  displ.o(i.line)
    main                                     0x0800095d   Thumb Code   190  main.o(i.main)
    point                                    0x08000a21   Thumb Code    82  displ.o(i.point)
    portInit                                 0x08000a75   Thumb Code   160  funct.o(i.portInit)
    portToInput                              0x08000b2d   Thumb Code    48  funct.o(i.portToInput)
    portToOut                                0x08000b69   Thumb Code    48  funct.o(i.portToOut)
    read_data                                0x08000ba5   Thumb Code   120  displ.o(i.read_data)
    setArea                                  0x08000c25   Thumb Code   102  displ.o(i.setArea)
    write_String                             0x08000c91   Thumb Code    66  displ.o(i.write_String)
    write_data                               0x08000cd5   Thumb Code   110  displ.o(i.write_data)
    write_symbol                             0x08000d4d   Thumb Code   148  displ.o(i.write_symbol)
    NewFont8x8                               0x08000de4   Data        2048  displ.o(.constdata)
    Region$$Table$$Base                      0x080015e4   Number         0  anon$$obj.o(Region$$Table)
    Region$$Table$$Limit                     0x08001604   Number         0  anon$$obj.o(Region$$Table)
    TimingDelay                              0x20000000   Data           4  delay.o(.data)
    prevColor                                0x20000004   Data       20000  displ.o(.bss)
    __libspace_start                         0x20004e24   Data          96  libspace.o(.bss)
    __temporary_stack_top$libspace           0x20004e84   Data           0  libspace.o(.bss)



==============================================================================

Memory Map of the image

  Image Entry point : 0x080001d1

  Load Region LR_1 (Base: 0x08000000, Size: 0x00001608, Max: 0xffffffff, ABSOLUTE)

    Execution Region ER_RO (Exec base: 0x08000000, Load base: 0x08000000, Size: 0x00001604, Max: 0xffffffff, ABSOLUTE)

    Exec Addr    Load Addr    Size         Type   Attr      Idx    E Section Name        Object

    0x08000000   0x08000000   0x00000134   Data   RO         1287    RESET               startup_stm32f10x_hd_vl.o
    0x08000134   0x08000134   0x00000008   Code   RO         3231  * !!!main             c_w.l(__main.o)
    0x0800013c   0x0800013c   0x00000034   Code   RO         3455    !!!scatter          c_w.l(__scatter.o)
    0x08000170   0x08000170   0x0000001a   Code   RO         3457    !!handler_copy      c_w.l(__scatter_copy.o)
    0x0800018a   0x0800018a   0x00000002   PAD
    0x0800018c   0x0800018c   0x0000001c   Code   RO         3459    !!handler_zi        c_w.l(__scatter_zi.o)
    0x080001a8   0x080001a8   0x00000002   Code   RO         3325    .ARM.Collect$$libinit$$00000000  c_w.l(libinit.o)
    0x080001aa   0x080001aa   0x00000000   Code   RO         3338    .ARM.Collect$$libinit$$00000002  c_w.l(libinit2.o)
    0x080001aa   0x080001aa   0x00000000   Code   RO         3340    .ARM.Collect$$libinit$$00000004  c_w.l(libinit2.o)
    0x080001aa   0x080001aa   0x00000000   Code   RO         3343    .ARM.Collect$$libinit$$0000000A  c_w.l(libinit2.o)
    0x080001aa   0x080001aa   0x00000000   Code   RO         3345    .ARM.Collect$$libinit$$0000000C  c_w.l(libinit2.o)
    0x080001aa   0x080001aa   0x00000000   Code   RO         3347    .ARM.Collect$$libinit$$0000000E  c_w.l(libinit2.o)
    0x080001aa   0x080001aa   0x00000000   Code   RO         3350    .ARM.Collect$$libinit$$00000011  c_w.l(libinit2.o)
    0x080001aa   0x080001aa   0x00000000   Code   RO         3352    .ARM.Collect$$libinit$$00000013  c_w.l(libinit2.o)
    0x080001aa   0x080001aa   0x00000000   Code   RO         3354    .ARM.Collect$$libinit$$00000015  c_w.l(libinit2.o)
    0x080001aa   0x080001aa   0x00000000   Code   RO         3356    .ARM.Collect$$libinit$$00000017  c_w.l(libinit2.o)
    0x080001aa   0x080001aa   0x00000000   Code   RO         3358    .ARM.Collect$$libinit$$00000019  c_w.l(libinit2.o)
    0x080001aa   0x080001aa   0x00000000   Code   RO         3360    .ARM.Collect$$libinit$$0000001B  c_w.l(libinit2.o)
    0x080001aa   0x080001aa   0x00000000   Code   RO         3362    .ARM.Collect$$libinit$$0000001D  c_w.l(libinit2.o)
    0x080001aa   0x080001aa   0x00000000   Code   RO         3364    .ARM.Collect$$libinit$$0000001F  c_w.l(libinit2.o)
    0x080001aa   0x080001aa   0x00000000   Code   RO         3366    .ARM.Collect$$libinit$$00000021  c_w.l(libinit2.o)
    0x080001aa   0x080001aa   0x00000000   Code   RO         3368    .ARM.Collect$$libinit$$00000023  c_w.l(libinit2.o)
    0x080001aa   0x080001aa   0x00000000   Code   RO         3370    .ARM.Collect$$libinit$$00000025  c_w.l(libinit2.o)
    0x080001aa   0x080001aa   0x00000000   Code   RO         3374    .ARM.Collect$$libinit$$0000002C  c_w.l(libinit2.o)
    0x080001aa   0x080001aa   0x00000000   Code   RO         3376    .ARM.Collect$$libinit$$0000002E  c_w.l(libinit2.o)
    0x080001aa   0x080001aa   0x00000000   Code   RO         3378    .ARM.Collect$$libinit$$00000030  c_w.l(libinit2.o)
    0x080001aa   0x080001aa   0x00000000   Code   RO         3380    .ARM.Collect$$libinit$$00000032  c_w.l(libinit2.o)
    0x080001aa   0x080001aa   0x00000002   Code   RO         3381    .ARM.Collect$$libinit$$00000033  c_w.l(libinit2.o)
    0x080001ac   0x080001ac   0x00000002   Code   RO         3412    .ARM.Collect$$libshutdown$$00000000  c_w.l(libshutdown.o)
    0x080001ae   0x080001ae   0x00000000   Code   RO         3438    .ARM.Collect$$libshutdown$$00000002  c_w.l(libshutdown2.o)
    0x080001ae   0x080001ae   0x00000000   Code   RO         3440    .ARM.Collect$$libshutdown$$00000004  c_w.l(libshutdown2.o)
    0x080001ae   0x080001ae   0x00000000   Code   RO         3443    .ARM.Collect$$libshutdown$$00000007  c_w.l(libshutdown2.o)
    0x080001ae   0x080001ae   0x00000000   Code   RO         3446    .ARM.Collect$$libshutdown$$0000000A  c_w.l(libshutdown2.o)
    0x080001ae   0x080001ae   0x00000000   Code   RO         3448    .ARM.Collect$$libshutdown$$0000000C  c_w.l(libshutdown2.o)
    0x080001ae   0x080001ae   0x00000000   Code   RO         3451    .ARM.Collect$$libshutdown$$0000000F  c_w.l(libshutdown2.o)
    0x080001ae   0x080001ae   0x00000002   Code   RO         3452    .ARM.Collect$$libshutdown$$00000010  c_w.l(libshutdown2.o)
    0x080001b0   0x080001b0   0x00000000   Code   RO         3267    .ARM.Collect$$rtentry$$00000000  c_w.l(__rtentry.o)
    0x080001b0   0x080001b0   0x00000000   Code   RO         3288    .ARM.Collect$$rtentry$$00000002  c_w.l(__rtentry2.o)
    0x080001b0   0x080001b0   0x00000006   Code   RO         3300    .ARM.Collect$$rtentry$$00000004  c_w.l(__rtentry4.o)
    0x080001b6   0x080001b6   0x00000000   Code   RO         3290    .ARM.Collect$$rtentry$$00000009  c_w.l(__rtentry2.o)
    0x080001b6   0x080001b6   0x00000004   Code   RO         3291    .ARM.Collect$$rtentry$$0000000A  c_w.l(__rtentry2.o)
    0x080001ba   0x080001ba   0x00000000   Code   RO         3293    .ARM.Collect$$rtentry$$0000000C  c_w.l(__rtentry2.o)
    0x080001ba   0x080001ba   0x00000008   Code   RO         3294    .ARM.Collect$$rtentry$$0000000D  c_w.l(__rtentry2.o)
    0x080001c2   0x080001c2   0x00000002   Code   RO         3329    .ARM.Collect$$rtexit$$00000000  c_w.l(rtexit.o)
    0x080001c4   0x080001c4   0x00000000   Code   RO         3385    .ARM.Collect$$rtexit$$00000002  c_w.l(rtexit2.o)
    0x080001c4   0x080001c4   0x00000004   Code   RO         3386    .ARM.Collect$$rtexit$$00000003  c_w.l(rtexit2.o)
    0x080001c8   0x080001c8   0x00000006   Code   RO         3387    .ARM.Collect$$rtexit$$00000004  c_w.l(rtexit2.o)
    0x080001ce   0x080001ce   0x00000002   PAD
    0x080001d0   0x080001d0   0x00000040   Code   RO         1288  * .text               startup_stm32f10x_hd_vl.o
    0x08000210   0x08000210   0x00000006   Code   RO         3229    .text               c_w.l(heapauxi.o)
    0x08000216   0x08000216   0x0000004a   Code   RO         3310    .text               c_w.l(sys_stackheap_outer.o)
    0x08000260   0x08000260   0x00000012   Code   RO         3314    .text               c_w.l(exit.o)
    0x08000272   0x08000272   0x00000002   PAD
    0x08000274   0x08000274   0x00000008   Code   RO         3326    .text               c_w.l(libspace.o)
    0x0800027c   0x0800027c   0x0000000c   Code   RO         3382    .text               c_w.l(sys_exit.o)
    0x08000288   0x08000288   0x00000002   Code   RO         3401    .text               c_w.l(use_no_semi.o)
    0x0800028a   0x0800028a   0x00000000   Code   RO         3403    .text               c_w.l(indicate_semi.o)
    0x0800028a   0x0800028a   0x00000002   PAD
    0x0800028c   0x0800028c   0x00000020   Code   RO          184    i.Delay_ms          delay.o
    0x080002ac   0x080002ac   0x00000044   Code   RO          292    i.Display_Home      displ.o
    0x080002f0   0x080002f0   0x00000010   Code   RO          185    i.IWDG_Feed         delay.o
    0x08000300   0x08000300   0x00000008   Code   RO         1295    i.SetSysClock       system_stm32f10x.o
    0x08000308   0x08000308   0x000000b8   Code   RO         1296    i.SetSysClockTo24   system_stm32f10x.o
    0x080003c0   0x080003c0   0x00000018   Code   RO          186    i.SysTick_Handler   delay.o
    0x080003d8   0x080003d8   0x00000064   Code   RO         1298    i.SystemInit        system_stm32f10x.o
    0x0800043c   0x0800043c   0x0000001e   Code   RO            4    i.TIM2_IRQHandler   main.o
    0x0800045a   0x0800045a   0x0000002c   Code   RO          296    i.display_rgb       displ.o
    0x08000486   0x08000486   0x000000aa   Code   RO          297    i.drawRect          displ.o
    0x08000530   0x08000530   0x00000070   Code   RO          298    i.getArea           displ.o
    0x080005a0   0x080005a0   0x00000050   Code   RO          187    i.initDelay         delay.o
    0x080005f0   0x080005f0   0x0000026c   Code   RO          299    i.init_TFT          displ.o
    0x0800085c   0x0800085c   0x00000070   Code   RO          301    i.lcdWriteCommand   displ.o
    0x080008cc   0x080008cc   0x0000008e   Code   RO          302    i.line              displ.o
    0x0800095a   0x0800095a   0x00000002   PAD
    0x0800095c   0x0800095c   0x000000c4   Code   RO            5    i.main              main.o
    0x08000a20   0x08000a20   0x00000052   Code   RO          303    i.point             displ.o
    0x08000a72   0x08000a72   0x00000002   PAD
    0x08000a74   0x08000a74   0x000000b8   Code   RO           93    i.portInit          funct.o
    0x08000b2c   0x08000b2c   0x0000003c   Code   RO           94    i.portToInput       funct.o
    0x08000b68   0x08000b68   0x0000003c   Code   RO           95    i.portToOut         funct.o
    0x08000ba4   0x08000ba4   0x00000080   Code   RO          304    i.read_data         displ.o
    0x08000c24   0x08000c24   0x0000006c   Code   RO          305    i.setArea           displ.o
    0x08000c90   0x08000c90   0x00000042   Code   RO          307    i.write_String      displ.o
    0x08000cd2   0x08000cd2   0x00000002   PAD
    0x08000cd4   0x08000cd4   0x00000078   Code   RO          308    i.write_data        displ.o
    0x08000d4c   0x08000d4c   0x00000098   Code   RO          309    i.write_symbol      displ.o
    0x08000de4   0x08000de4   0x00000800   Data   RO          311    .constdata          displ.o
    0x080015e4   0x080015e4   0x00000020   Data   RO         3453    Region$$Table       anon$$obj.o


    Execution Region ER_RW (Exec base: 0x20000000, Load base: 0x08001604, Size: 0x00000004, Max: 0xffffffff, ABSOLUTE)

    Exec Addr    Load Addr    Size         Type   Attr      Idx    E Section Name        Object

    0x20000000   0x08001604   0x00000004   Data   RW          189    .data               delay.o


    Execution Region ER_ZI (Exec base: 0x20000004, Load base: 0x08001608, Size: 0x00005484, Max: 0xffffffff, ABSOLUTE)

    Exec Addr    Load Addr    Size         Type   Attr      Idx    E Section Name        Object

    0x20000004        -       0x00004e20   Zero   RW          310    .bss                displ.o
    0x20004e24        -       0x00000060   Zero   RW         3327    .bss                c_w.l(libspace.o)
    0x20004e84   0x08001608   0x00000004   PAD
    0x20004e88        -       0x00000200   Zero   RW         1286    HEAP                startup_stm32f10x_hd_vl.o
    0x20005088        -       0x00000400   Zero   RW         1285    STACK               startup_stm32f10x_hd_vl.o


==============================================================================

Image component sizes


      Code (inc. data)   RO Data    RW Data    ZI Data      Debug   Object Name

       152         24          0          4          0      26994   delay.o
      1924         46       2048          0      20000       9666   displ.o
       304         48          0          0          0       1205   funct.o
       226          6          0          0          0     210317   main.o
        64         26        308          0       1536        796   startup_stm32f10x_hd_vl.o
       292         24          0          0          0       1865   system_stm32f10x.o

    ----------------------------------------------------------------------
      2968        174       2388          4      21536     250843   Object Totals
         0          0         32          0          0          0   (incl. Generated)
         6          0          0          0          0          0   (incl. Padding)

    ----------------------------------------------------------------------

      Code (inc. data)   RO Data    RW Data    ZI Data      Debug   Library Member Name

         8          0          0          0          0         68   __main.o
         0          0          0          0          0          0   __rtentry.o
        12          0          0          0          0          0   __rtentry2.o
         6          0          0          0          0          0   __rtentry4.o
        52          8          0          0          0          0   __scatter.o
        26          0          0          0          0          0   __scatter_copy.o
        28          0          0          0          0          0   __scatter_zi.o
        18          0          0          0          0         80   exit.o
         6          0          0          0          0        152   heapauxi.o
         0          0          0          0          0          0   indicate_semi.o
         2          0          0          0          0          0   libinit.o
         2          0          0          0          0          0   libinit2.o
         2          0          0          0          0          0   libshutdown.o
         2          0          0          0          0          0   libshutdown2.o
         8          4          0          0         96         68   libspace.o
         2          0          0          0          0          0   rtexit.o
        10          0          0          0          0          0   rtexit2.o
        12          4          0          0          0         68   sys_exit.o
        74          0          0          0          0         80   sys_stackheap_outer.o
         2          0          0          0          0         68   use_no_semi.o

    ----------------------------------------------------------------------
       280         16          0          0        100        584   Library Totals
         8          0          0          0          4          0   (incl. Padding)

    ----------------------------------------------------------------------

      Code (inc. data)   RO Data    RW Data    ZI Data      Debug   Library Name

       272         16          0          0         96        584   c_w.l

    ----------------------------------------------------------------------
       280         16          0          0        100        584   Library Totals

    ----------------------------------------------------------------------

==============================================================================


      Code (inc. data)   RO Data    RW Data    ZI Data      Debug   

      3248        190       2388          4      21636     250123   Grand Totals
      3248        190       2388          4      21636     250123   ELF Image Totals
      3248        190       2388          4          0          0   ROM Totals

==============================================================================

    Total RO  Size (Code + RO Data)                 5636 (   5.50kB)
    Total RW  Size (RW Data + ZI Data)             21640 (  21.13kB)
    Total ROM Size (Code + RO Data + RW Data)       5640 (   5.51kB)

==============================================================================

